Archive member included to satisfy reference by file (symbol)

d:/2.softworkspace/rt_threadstudio/rt-threadstudio/repo/extract/toolchain_support_packages/arm/gnu_tools_for_arm_embedded_processors/5.4.1/bin/../lib/gcc/arm-none-eabi/5.4.1/armv7-m\libgcc.a(_arm_addsubdf3.o)
                              ./rt-thread/components/libc/compilers/minilibc/math.o (__aeabi_dsub)
d:/2.softworkspace/rt_threadstudio/rt-threadstudio/repo/extract/toolchain_support_packages/arm/gnu_tools_for_arm_embedded_processors/5.4.1/bin/../lib/gcc/arm-none-eabi/5.4.1/armv7-m\libgcc.a(_arm_muldivdf3.o)
                              ./rt-thread/components/libc/compilers/minilibc/math.o (__aeabi_dmul)
d:/2.softworkspace/rt_threadstudio/rt-threadstudio/repo/extract/toolchain_support_packages/arm/gnu_tools_for_arm_embedded_processors/5.4.1/bin/../lib/gcc/arm-none-eabi/5.4.1/armv7-m\libgcc.a(_arm_fixdfsi.o)
                              ./rt-thread/components/libc/compilers/minilibc/math.o (__aeabi_d2iz)
d:/2.softworkspace/rt_threadstudio/rt-threadstudio/repo/extract/toolchain_support_packages/arm/gnu_tools_for_arm_embedded_processors/5.4.1/bin/../lib/gcc/arm-none-eabi/5.4.1/armv7-m\libgcc.a(_arm_addsubsf3.o)
                              ./applications/uuzOpt.o (__aeabi_ui2f)
d:/2.softworkspace/rt_threadstudio/rt-threadstudio/repo/extract/toolchain_support_packages/arm/gnu_tools_for_arm_embedded_processors/5.4.1/bin/../lib/gcc/arm-none-eabi/5.4.1/armv7-m\libgcc.a(_aeabi_uldivmod.o)
                              ./libraries/STM32F1xx_HAL_Driver/Src/stm32f1xx_hal_rcc.o (__aeabi_uldivmod)
d:/2.softworkspace/rt_threadstudio/rt-threadstudio/repo/extract/toolchain_support_packages/arm/gnu_tools_for_arm_embedded_processors/5.4.1/bin/../lib/gcc/arm-none-eabi/5.4.1/armv7-m\libgcc.a(_udivmoddi4.o)
                              d:/2.softworkspace/rt_threadstudio/rt-threadstudio/repo/extract/toolchain_support_packages/arm/gnu_tools_for_arm_embedded_processors/5.4.1/bin/../lib/gcc/arm-none-eabi/5.4.1/armv7-m\libgcc.a(_aeabi_uldivmod.o) (__udivmoddi4)
d:/2.softworkspace/rt_threadstudio/rt-threadstudio/repo/extract/toolchain_support_packages/arm/gnu_tools_for_arm_embedded_processors/5.4.1/bin/../lib/gcc/arm-none-eabi/5.4.1/armv7-m\libgcc.a(_dvmd_tls.o)
                              d:/2.softworkspace/rt_threadstudio/rt-threadstudio/repo/extract/toolchain_support_packages/arm/gnu_tools_for_arm_embedded_processors/5.4.1/bin/../lib/gcc/arm-none-eabi/5.4.1/armv7-m\libgcc.a(_aeabi_uldivmod.o) (__aeabi_ldiv0)
d:/2.softworkspace/rt_threadstudio/rt-threadstudio/repo/extract/toolchain_support_packages/arm/gnu_tools_for_arm_embedded_processors/5.4.1/bin/../lib/gcc/arm-none-eabi/5.4.1/../../../../arm-none-eabi/lib/armv7-m\libg.a(lib_a-exit.o)
                              d:/2.softworkspace/rt_threadstudio/rt-threadstudio/repo/extract/toolchain_support_packages/arm/gnu_tools_for_arm_embedded_processors/5.4.1/bin/../lib/gcc/arm-none-eabi/5.4.1/../../../../arm-none-eabi/lib/armv7-m/crt0.o (exit)
d:/2.softworkspace/rt_threadstudio/rt-threadstudio/repo/extract/toolchain_support_packages/arm/gnu_tools_for_arm_embedded_processors/5.4.1/bin/../lib/gcc/arm-none-eabi/5.4.1/../../../../arm-none-eabi/lib/armv7-m\libg.a(lib_a-impure.o)
                              d:/2.softworkspace/rt_threadstudio/rt-threadstudio/repo/extract/toolchain_support_packages/arm/gnu_tools_for_arm_embedded_processors/5.4.1/bin/../lib/gcc/arm-none-eabi/5.4.1/../../../../arm-none-eabi/lib/armv7-m\libg.a(lib_a-exit.o) (_global_impure_ptr)
d:/2.softworkspace/rt_threadstudio/rt-threadstudio/repo/extract/toolchain_support_packages/arm/gnu_tools_for_arm_embedded_processors/5.4.1/bin/../lib/gcc/arm-none-eabi/5.4.1/../../../../arm-none-eabi/lib/armv7-m\libg.a(lib_a-init.o)
                              d:/2.softworkspace/rt_threadstudio/rt-threadstudio/repo/extract/toolchain_support_packages/arm/gnu_tools_for_arm_embedded_processors/5.4.1/bin/../lib/gcc/arm-none-eabi/5.4.1/../../../../arm-none-eabi/lib/armv7-m/crt0.o (__libc_init_array)
d:/2.softworkspace/rt_threadstudio/rt-threadstudio/repo/extract/toolchain_support_packages/arm/gnu_tools_for_arm_embedded_processors/5.4.1/bin/../lib/gcc/arm-none-eabi/5.4.1/../../../../arm-none-eabi/lib/armv7-m\libg.a(lib_a-__call_atexit.o)
                              d:/2.softworkspace/rt_threadstudio/rt-threadstudio/repo/extract/toolchain_support_packages/arm/gnu_tools_for_arm_embedded_processors/5.4.1/bin/../lib/gcc/arm-none-eabi/5.4.1/../../../../arm-none-eabi/lib/armv7-m\libg.a(lib_a-exit.o) (__call_exitprocs)
d:/2.softworkspace/rt_threadstudio/rt-threadstudio/repo/extract/toolchain_support_packages/arm/gnu_tools_for_arm_embedded_processors/5.4.1/bin/../lib/gcc/arm-none-eabi/5.4.1/../../../../arm-none-eabi/lib/armv7-m\libg.a(lib_a-atexit.o)
[...]
Memory Configuration

Name             Origin             Length             Attributes
ROM              0x08000000         0x00020000         xr
RAM              0x20000000         0x00010000         rw
*default*        0x00000000         0xffffffff

Linker script and memory map

LOAD d:/2.softworkspace/rt_threadstudio/rt-threadstudio/repo/extract/toolchain_support_packages/arm/gnu_tools_for_arm_embedded_processors/5.4.1/bin/../lib/gcc/arm-none-eabi/5.4.1/armv7-m/crti.o
LOAD d:/2.softworkspace/rt_threadstudio/rt-threadstudio/repo/extract/toolchain_support_packages/arm/gnu_tools_for_arm_embedded_processors/5.4.1/bin/../lib/gcc/arm-none-eabi/5.4.1/armv7-m/crtbegin.o
LOAD d:/2.softworkspace/rt_threadstudio/rt-threadstudio/repo/extract/toolchain_support_packages/arm/gnu_tools_for_arm_embedded_processors/5.4.1/bin/../lib/gcc/arm-none-eabi/5.4.1/../../../../arm-none-eabi/lib/armv7-m/crt0.o
LOAD ./rt-thread/src/clock.o
LOAD ./rt-thread/src/components.o
LOAD ./rt-thread/src/device.o
LOAD ./rt-thread/src/idle.o
LOAD ./rt-thread/src/ipc.o
LOAD ./rt-thread/src/irq.o
LOAD ./rt-thread/src/kservice.o
LOAD ./rt-thread/src/mem.o
LOAD ./rt-thread/src/mempool.o
LOAD ./rt-thread/src/object.o
LOAD ./rt-thread/src/scheduler.o
LOAD ./rt-thread/src/signal.o
LOAD ./rt-thread/src/thread.o
LOAD ./rt-thread/src/timer.o
LOAD ./rt-thread/libcpu/arm/cortex-m3/context_gcc.o
LOAD ./rt-thread/libcpu/arm/cortex-m3/cpuport.o
LOAD ./rt-thread/libcpu/arm/common/backtrace.o
LOAD ./rt-thread/libcpu/arm/common/div0.o
LOAD ./rt-thread/libcpu/arm/common/showmem.o
LOAD ./rt-thread/components/libc/compilers/minilibc/ctype.o
LOAD ./rt-thread/components/libc/compilers/minilibc/math.o
LOAD ./rt-thread/components/libc/compilers/minilibc/qsort.o
LOAD ./rt-thread/components/libc/compilers/minilibc/rand.o
LOAD ./rt-thread/components/libc/compilers/minilibc/stdlib.o
LOAD ./rt-thread/components/libc/compilers/minilibc/string.o
LOAD ./rt-thread/components/libc/compilers/minilibc/time.o
LOAD ./rt-thread/components/drivers/src/completion.o
LOAD ./rt-thread/components/drivers/src/dataqueue.o
LOAD ./rt-thread/components/drivers/src/pipe.o
LOAD ./rt-thread/components/drivers/src/ringblk_buf.o
LOAD ./rt-thread/components/drivers/src/ringbuffer.o
LOAD ./rt-thread/components/drivers/src/waitqueue.o
LOAD ./rt-thread/components/drivers/src/workqueue.o
LOAD ./rt-thread/components/drivers/serial/serial.o
LOAD ./rt-thread/components/drivers/rtc/rtc.o
LOAD ./rt-thread/components/drivers/misc/adc.o
LOAD ./rt-thread/components/drivers/misc/pin.o
LOAD ./rt-thread/components/dfs/src/dfs.o
LOAD ./rt-thread/components/dfs/src/dfs_file.o
LOAD ./rt-thread/components/dfs/src/dfs_fs.o
LOAD ./rt-thread/components/dfs/src/dfs_posix.o
LOAD ./rt-thread/components/dfs/filesystems/devfs/devfs.o
LOAD ./packages/agile_button-latest/src/agile_button.o
LOAD ./packages/LedBlink-latest/ledblink.o
LOAD ./libraries/STM32F1xx_HAL_Driver/Src/Legacy/stm32f1xx_hal_can.o
LOAD ./libraries/STM32F1xx_HAL_Driver/Src/stm32f1xx_hal.o
LOAD ./libraries/STM32F1xx_HAL_Driver/Src/stm32f1xx_hal_adc.o
LOAD ./libraries/STM32F1xx_HAL_Driver/Src/stm32f1xx_hal_adc_ex.o
LOAD ./libraries/STM32F1xx_HAL_Driver/Src/stm32f1xx_hal_can.o
LOAD ./libraries/STM32F1xx_HAL_Driver/Src/stm32f1xx_hal_cec.o
LOAD ./libraries/STM32F1xx_HAL_Driver/Src/stm32f1xx_hal_cortex.o
LOAD ./libraries/STM32F1xx_HAL_Driver/Src/stm32f1xx_hal_crc.o
LOAD ./libraries/STM32F1xx_HAL_Driver/Src/stm32f1xx_hal_dac.o
LOAD ./libraries/STM32F1xx_HAL_Driver/Src/stm32f1xx_hal_dac_ex.o
LOAD ./libraries/STM32F1xx_HAL_Driver/Src/stm32f1xx_hal_dma.o
LOAD ./libraries/STM32F1xx_HAL_Driver/Src/stm32f1xx_hal_eth.o
LOAD ./libraries/STM32F1xx_HAL_Driver/Src/stm32f1xx_hal_exti.o
LOAD ./libraries/STM32F1xx_HAL_Driver/Src/stm32f1xx_hal_flash.o
LOAD ./libraries/STM32F1xx_HAL_Driver/Src/stm32f1xx_hal_flash_ex.o
LOAD ./libraries/STM32F1xx_HAL_Driver/Src/stm32f1xx_hal_gpio.o
LOAD ./libraries/STM32F1xx_HAL_Driver/Src/stm32f1xx_hal_gpio_ex.o
LOAD ./libraries/STM32F1xx_HAL_Driver/Src/stm32f1xx_hal_hcd.o
LOAD ./libraries/STM32F1xx_HAL_Driver/Src/stm32f1xx_hal_i2c.o
LOAD ./libraries/STM32F1xx_HAL_Driver/Src/stm32f1xx_hal_i2s.o
LOAD ./libraries/STM32F1xx_HAL_Driver/Src/stm32f1xx_hal_irda.o
LOAD ./libraries/STM32F1xx_HAL_Driver/Src/stm32f1xx_hal_iwdg.o
LOAD ./libraries/STM32F1xx_HAL_Driver/Src/stm32f1xx_hal_mmc.o
LOAD ./libraries/STM32F1xx_HAL_Driver/Src/stm32f1xx_hal_nand.o
LOAD ./libraries/STM32F1xx_HAL_Driver/Src/stm32f1xx_hal_nor.o
LOAD ./libraries/STM32F1xx_HAL_Driver/Src/stm32f1xx_hal_pccard.o
LOAD ./libraries/STM32F1xx_HAL_Driver/Src/stm32f1xx_hal_pcd.o
LOAD ./libraries/STM32F1xx_HAL_Driver/Src/stm32f1xx_hal_pcd_ex.o
LOAD ./libraries/STM32F1xx_HAL_Driver/Src/stm32f1xx_hal_pwr.o
LOAD ./libraries/STM32F1xx_HAL_Driver/Src/stm32f1xx_hal_rcc.o
LOAD ./libraries/STM32F1xx_HAL_Driver/Src/stm32f1xx_hal_rcc_ex.o
LOAD ./libraries/STM32F1xx_HAL_Driver/Src/stm32f1xx_hal_rtc.o
LOAD ./libraries/STM32F1xx_HAL_Driver/Src/stm32f1xx_hal_rtc_ex.o
LOAD ./libraries/STM32F1xx_HAL_Driver/Src/stm32f1xx_hal_sd.o
LOAD ./libraries/STM32F1xx_HAL_Driver/Src/stm32f1xx_hal_smartcard.o
LOAD ./libraries/STM32F1xx_HAL_Driver/Src/stm32f1xx_hal_spi.o
LOAD ./libraries/STM32F1xx_HAL_Driver/Src/stm32f1xx_hal_sram.o
LOAD ./libraries/STM32F1xx_HAL_Driver/Src/stm32f1xx_hal_tim.o
LOAD ./libraries/STM32F1xx_HAL_Driver/Src/stm32f1xx_hal_tim_ex.o
LOAD ./libraries/STM32F1xx_HAL_Driver/Src/stm32f1xx_hal_uart.o
LOAD ./libraries/STM32F1xx_HAL_Driver/Src/stm32f1xx_hal_usart.o
LOAD ./libraries/STM32F1xx_HAL_Driver/Src/stm32f1xx_hal_wwdg.o
LOAD ./libraries/STM32F1xx_HAL_Driver/Src/stm32f1xx_ll_usb.o
LOAD ./libraries/CMSIS/Device/ST/STM32F1xx/Source/Templates/gcc/startup_stm32f105xc.o
LOAD ./libraries/CMSIS/Device/ST/STM32F1xx/Source/Templates/system_stm32f1xx.o
LOAD ./drivers/board.o
LOAD ./drivers/drv_adc.o
LOAD ./drivers/drv_common.o
LOAD ./drivers/drv_eth.o
LOAD ./drivers/drv_flash_f1.o
LOAD ./drivers/drv_gpio.o
LOAD ./drivers/drv_hwtimer.o
LOAD ./drivers/drv_pwm.o
LOAD ./drivers/drv_qspi.o
LOAD ./drivers/drv_rtc.o
LOAD ./drivers/drv_sdio.o
LOAD ./drivers/drv_soft_i2c.o
LOAD ./drivers/drv_spi.o
LOAD ./drivers/drv_usart.o
LOAD ./drivers/drv_usbd.o
LOAD ./drivers/drv_usbh.o
LOAD ./drivers/drv_wdt.o
LOAD ./drivers/stm32f1xx_hal_msp.o
LOAD ./applications/oled_1602/uuzOLED_1602.o
LOAD ./applications/oled_1602/uuzUI_1602.o
LOAD ./applications/oled_1602/uuzUI_Cache.o
LOAD ./applications/oled_1602/uuzUI_date.o
LOAD ./applications/oled_1602/uuzUI_light.o
LOAD ./applications/oled_1602/uuzUI_main.o
LOAD ./applications/oled_1602/uuzUI_menu.o
LOAD ./applications/oled_1602/uuzUI_temp.o
LOAD ./applications/light/uuzLIGHT.o
LOAD ./applications/main.o
LOAD ./applications/uuzADC.o
LOAD ./applications/uuzBTN.o
LOAD ./applications/uuzCalendar.o
LOAD ./applications/uuzDAC.o
LOAD ./applications/uuzDevice.o
LOAD ./applications/uuzGPIO.o
LOAD ./applications/uuzINIT.o
LOAD ./applications/uuzLED.o
LOAD ./applications/uuzOpt.o
LOAD ./applications/uuzPVD.o
LOAD ./applications/uuzRTC.o
LOAD ./applications/uuzSENSOR.o
LOAD ./applications/uuzTEMP.o
LOAD ./applications/uuzUI.o
LOAD ./applications/uuzUart.o
LOAD ./applications/uuzUartEvent.o
START GROUP
LOAD d:/2.softworkspace/rt_threadstudio/rt-threadstudio/repo/extract/toolchain_support_packages/arm/gnu_tools_for_arm_embedded_processors/5.4.1/bin/../lib/gcc/arm-none-eabi/5.4.1/armv7-m\libgcc.a
LOAD d:/2.softworkspace/rt_threadstudio/rt-threadstudio/repo/extract/toolchain_support_packages/arm/gnu_tools_for_arm_embedded_processors/5.4.1/bin/../lib/gcc/arm-none-eabi/5.4.1/../../../../arm-none-eabi/lib/armv7-m\libg.a
LOAD d:/2.softworkspace/rt_threadstudio/rt-threadstudio/repo/extract/toolchain_support_packages/arm/gnu_tools_for_arm_embedded_processors/5.4.1/bin/../lib/gcc/arm-none-eabi/5.4.1/../../../../arm-none-eabi/lib/armv7-m\libc.a
END GROUP
LOAD d:/2.softworkspace/rt_threadstudio/rt-threadstudio/repo/extract/toolchain_support_packages/arm/gnu_tools_for_arm_embedded_processors/5.4.1/bin/../lib/gcc/arm-none-eabi/5.4.1/armv7-m/crtend.o
LOAD d:/2.softworkspace/rt_threadstudio/rt-threadstudio/repo/extract/toolchain_support_packages/arm/gnu_tools_for_arm_embedded_processors/5.4.1/bin/../lib/gcc/arm-none-eabi/5.4.1/armv7-m/crtn.o
                0x00000200                _system_stack_size = 0x200

.text           0x08000000    0x1a4cc
                0x08000000                . = ALIGN (0x4)
                0x08000000                _stext = .
 *(.isr_vector)
 .isr_vector    0x08000000      0x1e4 ./libraries/CMSIS/Device/ST/STM32F1xx/Source/Templates/gcc/startup_stm32f105xc.o
                0x08000000                g_pfnVectors
                0x080001e4                . = ALIGN (0x4)
 *(.text)
 .text          0x080001e4       0x5c d:/2.softworkspace/rt_threadstudio/rt-threadstudio/repo/extract/toolchain_support_packages/arm/gnu_tools_for_arm_embedded_processors/5.4.1/bin/../lib/gcc/arm-none-eabi/5.4.1/armv7-m/crtbegin.o
 .text          0x08000240      0x100 ./rt-thread/libcpu/arm/cortex-m3/context_gcc.o
                0x08000240                rt_hw_interrupt_disable
                0x08000248                rt_hw_interrupt_enable
                0x0800024e                rt_hw_context_switch_interrupt
                0x0800024e                rt_hw_context_switch
                0x0800026e                PendSV_Handler
                0x080002aa                rt_hw_context_switch_to
                0x080002e6                rt_hw_interrupt_thread_switch
                0x080002ea                HardFault_Handler
                0x08000320                rt_hw_interrupt_check
 .text          0x08000340       0x30 d:/2.softworkspace/rt_threadstudio/rt-threadstudio/repo/extract/toolchain_support_packages/arm/gnu_tools_for_arm_embedded_processors/5.4.1/bin/../lib/gcc/arm-none-eabi/5.4.1/armv7-m\libgcc.a(_aeabi_uldivmod.o)
                0x08000340                __aeabi_uldivmod
 .text          0x08000370      0x2ec d:/2.softworkspace/rt_threadstudio/rt-threadstudio/repo/extract/toolchain_support_packages/arm/gnu_tools_for_arm_embedded_processors/5.4.1/bin/../lib/gcc/arm-none-eabi/5.4.1/armv7-m\libgcc.a(_udivmoddi4.o)
                0x08000370                __udivmoddi4
 .text          0x0800065c        0x4 d:/2.softworkspace/rt_threadstudio/rt-threadstudio/repo/extract/toolchain_support_packages/arm/gnu_tools_for_arm_embedded_processors/5.4.1/bin/../lib/gcc/arm-none-eabi/5.4.1/armv7-m\libgcc.a(_dvmd_tls.o)
                0x0800065c                __aeabi_idiv0
                0x0800065c                __aeabi_ldiv0
 *(.text.*)
 .text.rt_tick_get
                0x08000660       0x14 ./rt-thread/src/clock.o
                0x08000660                rt_tick_get
 .text.rt_tick_increase
                0x08000674       0x58 ./rt-thread/src/clock.o
                0x08000674                rt_tick_increase
 .text.rt_tick_from_millisecond
                0x080006cc       0x78 ./rt-thread/src/clock.o
                0x080006cc                rt_tick_from_millisecond
 .text.rti_start
                0x08000744       0x10 ./rt-thread/src/components.o
 .text.rti_board_start
                0x08000754       0x10 ./rt-thread/src/components.o
 .text.rti_board_end
                0x08000764       0x10 ./rt-thread/src/components.o
 .text.rti_end  0x08000774       0x10 ./rt-thread/src/components.o
 .text.rt_components_board_init
                0x08000784       0x50 ./rt-thread/src/components.o
                0x08000784                rt_components_board_init
 .text.rt_components_init
                0x080007d4       0x58 ./rt-thread/src/components.o
                0x080007d4                rt_components_init
 .text.entry    0x0800082c       0x10 ./rt-thread/src/components.o
                0x0800082c                entry
 .text.main_thread_entry
                0x0800083c       0x18 ./rt-thread/src/components.o
                0x0800083c                main_thread_entry
 .text.rt_application_init
                0x08000854       0x4c ./rt-thread/src/components.o
                0x08000854                rt_application_init
 .text.rtthread_startup
                0x080008a0       0x30 ./rt-thread/src/components.o
                0x080008a0                rtthread_startup
 .text.rt_device_register
                0x080008d0       0x54 ./rt-thread/src/device.o
                0x080008d0                rt_device_register
 .text.rt_device_find
                0x08000924       0x90 ./rt-thread/src/device.o
                0x08000924                rt_device_find
 .text.rt_device_open
                0x080009b4      0x11c ./rt-thread/src/device.o
                0x080009b4                rt_device_open
 .text.rt_device_close
                0x08000ad0       0x9c ./rt-thread/src/device.o
                0x08000ad0                rt_device_close
 .text.rt_device_read
                0x08000b6c       0x88 ./rt-thread/src/device.o
                0x08000b6c                rt_device_read
 .text.rt_device_write
                0x08000bf4       0x88 ./rt-thread/src/device.o
                0x08000bf4                rt_device_write
 .text.rt_device_control
                0x08000c7c       0x68 ./rt-thread/src/device.o
                0x08000c7c                rt_device_control
 .text.rt_list_remove
                0x08000ce4       0x34 ./rt-thread/src/idle.o
 .text._has_defunct_thread
                0x08000d18       0x28 ./rt-thread/src/idle.o
 .text.rt_thread_idle_excute
                0x08000d40       0xc8 ./rt-thread/src/idle.o
                0x08000d40                rt_thread_idle_excute
 .text.rt_thread_idle_entry
                0x08000e08       0x3c ./rt-thread/src/idle.o
 .text.rt_thread_idle_init
                0x08000e44       0x74 ./rt-thread/src/idle.o
                0x08000e44                rt_thread_idle_init
 .text.rt_list_init
                0x08000eb8       0x20 ./rt-thread/src/ipc.o
 .text.rt_list_insert_before
                0x08000ed8       0x30 ./rt-thread/src/ipc.o
 .text.rt_list_isempty
                0x08000f08       0x24 ./rt-thread/src/ipc.o
 .text.rt_ipc_object_init
                0x08000f2c       0x1c ./rt-thread/src/ipc.o
 .text.rt_ipc_list_suspend
                0x08000f48       0x90 ./rt-thread/src/ipc.o
 .text.rt_ipc_list_resume
                0x08000fd8       0x20 ./rt-thread/src/ipc.o
 .text.rt_ipc_list_resume_all
                0x08000ff8       0x48 ./rt-thread/src/ipc.o
 .text.rt_sem_init
                0x08001040       0x68 ./rt-thread/src/ipc.o
                0x08001040                rt_sem_init
 .text.rt_sem_take
                0x080010a8      0x160 ./rt-thread/src/ipc.o
                0x080010a8                rt_sem_take
 .text.rt_sem_release
                0x08001208       0xa0 ./rt-thread/src/ipc.o
                0x08001208                rt_sem_release
 .text.rt_mutex_init
                0x080012a8       0x64 ./rt-thread/src/ipc.o
                0x080012a8                rt_mutex_init
 .text.rt_mutex_create
                0x0800130c       0x88 ./rt-thread/src/ipc.o
                0x0800130c                rt_mutex_create
 .text.rt_mutex_delete
                0x08001394       0xac ./rt-thread/src/ipc.o
                0x08001394                rt_mutex_delete
 .text.rt_mutex_take
                0x08001440      0x1d0 ./rt-thread/src/ipc.o
                0x08001440                rt_mutex_take
 .text.rt_mutex_release
                0x08001610      0x190 ./rt-thread/src/ipc.o
                0x08001610                rt_mutex_release
 .text.rt_mq_init
                0x080017a0       0xcc ./rt-thread/src/ipc.o
                0x080017a0                rt_mq_init
 .text.rt_mq_send_wait
                0x0800186c      0x268 ./rt-thread/src/ipc.o
                0x0800186c                rt_mq_send_wait
 .text.rt_mq_send
                0x08001ad4       0x24 ./rt-thread/src/ipc.o
                0x08001ad4                rt_mq_send
 .text.rt_mq_recv
                0x08001af8      0x288 ./rt-thread/src/ipc.o
                0x08001af8                rt_mq_recv
 .text.rt_interrupt_enter
                0x08001d80       0x40 ./rt-thread/src/irq.o
                0x08001d80                rt_interrupt_enter
 .text.rt_interrupt_leave
                0x08001dc0       0x40 ./rt-thread/src/irq.o
                0x08001dc0                rt_interrupt_leave
 .text.rt_interrupt_get_nest
                0x08001e00       0x28 ./rt-thread/src/irq.o
                0x08001e00                rt_interrupt_get_nest
 .text.rt_set_errno
                0x08001e28       0x40 ./rt-thread/src/kservice.o
                0x08001e28                rt_set_errno
 .text.rt_memset
                0x08001e68       0xb4 ./rt-thread/src/kservice.o
                0x08001e68                rt_memset
                0x08001e68                memset
 .text.rt_memcpy
                0x08001f1c       0xd0 ./rt-thread/src/kservice.o
                0x08001f1c                rt_memcpy
                0x08001f1c                memcpy
 .text.rt_strncpy
                0x08001fec       0x64 ./rt-thread/src/kservice.o
                0x08001fec                rt_strncpy
 .text.rt_strncmp
                0x08002050       0x4c ./rt-thread/src/kservice.o
                0x08002050                rt_strncmp
 .text.rt_strlen
                0x0800209c       0x2c ./rt-thread/src/kservice.o
                0x0800209c                strlen
                0x0800209c                rt_strlen
 .text.rt_strdup
                0x080020c8       0x3c ./rt-thread/src/kservice.o
                0x080020c8                rt_strdup
                0x080020c8                strdup
 .text.rt_show_version
                0x08002104       0x44 ./rt-thread/src/kservice.o
                0x08002104                rt_show_version
 .text.divide   0x08002148       0x68 ./rt-thread/src/kservice.o
 .text.skip_atoi
                0x080021b0       0x40 ./rt-thread/src/kservice.o
 .text.print_number
                0x080021f0      0x1dc ./rt-thread/src/kservice.o
 .text.rt_vsnprintf
                0x080023cc      0x548 ./rt-thread/src/kservice.o
                0x080023cc                rt_vsnprintf
 .text.rt_snprintf
                0x08002914       0x30 ./rt-thread/src/kservice.o
                0x08002914                rt_snprintf
                0x08002914                snprintf
 .text.rt_vsprintf
                0x08002944       0x24 ./rt-thread/src/kservice.o
                0x08002944                rt_vsprintf
                0x08002944                vsprintf
 .text.rt_sprintf
                0x08002968       0x2c ./rt-thread/src/kservice.o
                0x08002968                sprintf
                0x08002968                rt_sprintf
 .text.rt_console_set_device
                0x08002994       0x4c ./rt-thread/src/kservice.o
                0x08002994                rt_console_set_device
 .text.rt_hw_console_output
                0x080029e0       0x14 ./rt-thread/src/kservice.o
                0x080029e0                rt_hw_console_output
 .text.rt_kprintf
                0x080029f4       0x80 ./rt-thread/src/kservice.o
                0x080029f4                rt_kprintf
 .text.rt_assert_handler
                0x08002a74       0x4c ./rt-thread/src/kservice.o
                0x08002a74                rt_assert_handler
 .text.plug_holes
                0x08002ac0      0x100 ./rt-thread/src/mem.o
 .text.rt_system_heap_init
                0x08002bc0      0x118 ./rt-thread/src/mem.o
                0x08002bc0                rt_system_heap_init
 .text.rt_malloc
                0x08002cd8      0x294 ./rt-thread/src/mem.o
                0x08002cd8                rt_malloc
 .text.rt_realloc
                0x08002f6c      0x198 ./rt-thread/src/mem.o
                0x08002f6c                rt_realloc
 .text.rt_free  0x08003104      0x188 ./rt-thread/src/mem.o
                0x08003104                rt_free
 .text.rt_list_insert_after
                0x0800328c       0x30 ./rt-thread/src/object.o
 .text.rt_list_remove
                0x080032bc       0x34 ./rt-thread/src/object.o
 .text.rt_object_get_information
                0x080032f0       0x48 ./rt-thread/src/object.o
                0x080032f0                rt_object_get_information
 .text.rt_object_init
                0x08003338       0xc8 ./rt-thread/src/object.o
                0x08003338                rt_object_init
 .text.rt_object_detach
                0x08003400       0x5c ./rt-thread/src/object.o
                0x08003400                rt_object_detach
 .text.rt_object_allocate
                0x0800345c       0xd8 ./rt-thread/src/object.o
                0x0800345c                rt_object_allocate
 .text.rt_object_delete
                0x08003534       0x7c ./rt-thread/src/object.o
                0x08003534                rt_object_delete
 .text.rt_object_is_systemobject
                0x080035b0       0x3c ./rt-thread/src/object.o
                0x080035b0                rt_object_is_systemobject
 .text.rt_object_get_type
                0x080035ec       0x34 ./rt-thread/src/object.o
                0x080035ec                rt_object_get_type
 .text.rt_list_init
                0x08003620       0x20 ./rt-thread/src/scheduler.o
 .text.rt_list_insert_before
                0x08003640       0x30 ./rt-thread/src/scheduler.o
 .text.rt_list_remove
                0x08003670       0x34 ./rt-thread/src/scheduler.o
 .text.rt_list_isempty
                0x080036a4       0x24 ./rt-thread/src/scheduler.o
 .text._rt_scheduler_stack_check
                0x080036c8       0x94 ./rt-thread/src/scheduler.o
 .text._get_highest_priority_thread
                0x0800375c       0x38 ./rt-thread/src/scheduler.o
 .text.rt_system_scheduler_init
                0x08003794       0x40 ./rt-thread/src/scheduler.o
                0x08003794                rt_system_scheduler_init
 .text.rt_system_scheduler_start
                0x080037d4       0x38 ./rt-thread/src/scheduler.o
                0x080037d4                rt_system_scheduler_start
 .text.rt_schedule
                0x0800380c      0x188 ./rt-thread/src/scheduler.o
                0x0800380c                rt_schedule
 .text.rt_schedule_insert_thread
                0x08003994       0xac ./rt-thread/src/scheduler.o
                0x08003994                rt_schedule_insert_thread
 .text.rt_schedule_remove_thread
                0x08003a40       0x70 ./rt-thread/src/scheduler.o
                0x08003a40                rt_schedule_remove_thread
 .text.rt_enter_critical
                0x08003ab0       0x2c ./rt-thread/src/scheduler.o
                0x08003ab0                rt_enter_critical
 .text.rt_exit_critical
                0x08003adc       0x54 ./rt-thread/src/scheduler.o
                0x08003adc                rt_exit_critical
 .text.rt_list_init
                0x08003b30       0x20 ./rt-thread/src/thread.o
 .text.rt_list_insert_after
                0x08003b50       0x30 ./rt-thread/src/thread.o
 .text.rt_list_remove
                0x08003b80       0x34 ./rt-thread/src/thread.o
 .text.rt_thread_exit
                0x08003bb4       0x68 ./rt-thread/src/thread.o
                0x08003bb4                rt_thread_exit
 .text._rt_thread_init
                0x08003c1c       0xf8 ./rt-thread/src/thread.o
 .text.rt_thread_init
                0x08003d14       0x6c ./rt-thread/src/thread.o
                0x08003d14                rt_thread_init
 .text.rt_thread_self
                0x08003d80       0x14 ./rt-thread/src/thread.o
                0x08003d80                rt_thread_self
 .text.rt_thread_startup
                0x08003d94       0xa0 ./rt-thread/src/thread.o
                0x08003d94                rt_thread_startup
 .text.rt_thread_create
                0x08003e34       0x64 ./rt-thread/src/thread.o
                0x08003e34                rt_thread_create
 .text.rt_thread_delete
                0x08003e98       0xa8 ./rt-thread/src/thread.o
                0x08003e98                rt_thread_delete
 .text.rt_thread_yield
                0x08003f40       0x10 ./rt-thread/src/thread.o
                0x08003f40                rt_thread_yield
 .text.rt_thread_sleep
                0x08003f50       0x8c ./rt-thread/src/thread.o
                0x08003f50                rt_thread_sleep
 .text.rt_thread_delay
                0x08003fdc       0x18 ./rt-thread/src/thread.o
                0x08003fdc                rt_thread_delay
 .text.rt_thread_mdelay
                0x08003ff4       0x20 ./rt-thread/src/thread.o
                0x08003ff4                rt_thread_mdelay
 .text.rt_thread_control
                0x08004014       0xd4 ./rt-thread/src/thread.o
                0x08004014                rt_thread_control
 .text.rt_thread_suspend
                0x080040e8       0xcc ./rt-thread/src/thread.o
                0x080040e8                rt_thread_suspend
 .text.rt_thread_resume
                0x080041b4       0x98 ./rt-thread/src/thread.o
                0x080041b4                rt_thread_resume
 .text.rt_thread_timeout
                0x0800424c       0x84 ./rt-thread/src/thread.o
                0x0800424c                rt_thread_timeout
 .text.rt_list_init
                0x080042d0       0x20 ./rt-thread/src/timer.o
 .text.rt_list_insert_after
                0x080042f0       0x30 ./rt-thread/src/timer.o
 .text.rt_list_remove
                0x08004320       0x34 ./rt-thread/src/timer.o
 .text.rt_list_isempty
                0x08004354       0x24 ./rt-thread/src/timer.o
 .text._rt_timer_init
                0x08004378       0x68 ./rt-thread/src/timer.o
 .text.rt_timer_list_next_timeout
                0x080043e0       0x30 ./rt-thread/src/timer.o
 .text._rt_timer_remove
                0x08004410       0x34 ./rt-thread/src/timer.o
 .text.rt_timer_init
                0x08004444       0x48 ./rt-thread/src/timer.o
                0x08004444                rt_timer_init
 .text.rt_timer_detach
                0x0800448c       0x7c ./rt-thread/src/timer.o
                0x0800448c                rt_timer_detach
 .text.rt_timer_start
                0x08004508      0x23c ./rt-thread/src/timer.o
                0x08004508                rt_timer_start
 .text.rt_timer_stop
                0x08004744       0x94 ./rt-thread/src/timer.o
                0x08004744                rt_timer_stop
 .text.rt_timer_control
                0x080047d8       0xa0 ./rt-thread/src/timer.o
                0x080047d8                rt_timer_control
 .text.rt_timer_check
                0x08004878       0xcc ./rt-thread/src/timer.o
                0x08004878                rt_timer_check
 .text.rt_soft_timer_check
                0x08004944       0xd8 ./rt-thread/src/timer.o
                0x08004944                rt_soft_timer_check
 .text.rt_thread_timer_entry
                0x08004a1c       0x58 ./rt-thread/src/timer.o
 .text.rt_system_timer_init
                0x08004a74       0x34 ./rt-thread/src/timer.o
                0x08004a74                rt_system_timer_init
 .text.rt_system_timer_thread_init
                0x08004aa8       0x68 ./rt-thread/src/timer.o
                0x08004aa8                rt_system_timer_thread_init
 .text.rt_hw_stack_init
                0x08004b10       0x88 ./rt-thread/libcpu/arm/cortex-m3/cpuport.o
                0x08004b10                rt_hw_stack_init
 .text.rt_hw_hard_fault_exception
                0x08004b98      0x160 ./rt-thread/libcpu/arm/cortex-m3/cpuport.o
                0x08004b98                rt_hw_hard_fault_exception
 .text.__rt_ffs
                0x08004cf8       0x28 ./rt-thread/libcpu/arm/cortex-m3/cpuport.o
                0x08004cf8                __rt_ffs
 .text.malloc   0x08004d20       0x18 ./rt-thread/components/libc/compilers/minilibc/stdlib.o
                0x08004d20                malloc
 .text.strcmp   0x08004d38       0x44 ./rt-thread/components/libc/compilers/minilibc/string.o
                0x08004d38                strcmp
 .text.strncmp  0x08004d7c       0x4c ./rt-thread/components/libc/compilers/minilibc/string.o
                0x08004d7c                strncmp
 .text.__isleap
                0x08004dc8       0x5c ./rt-thread/components/libc/compilers/minilibc/time.o
                0x08004dc8                __isleap
 .text.gmtime_r
                0x08004e24      0x160 ./rt-thread/components/libc/compilers/minilibc/time.o
                0x08004e24                gmtime_r
 .text.localtime_r
                0x08004f84       0x58 ./rt-thread/components/libc/compilers/minilibc/time.o
                0x08004f84                localtime_r
 .text.localtime
                0x08004fdc       0x20 ./rt-thread/components/libc/compilers/minilibc/time.o
                0x08004fdc                localtime
 .text.mktime   0x08004ffc      0x264 ./rt-thread/components/libc/compilers/minilibc/time.o
                0x08004ffc                mktime
 .text.gettimeofday
                0x08005260       0x58 ./rt-thread/components/libc/compilers/minilibc/time.o
                0x08005260                gettimeofday
 .text.time     0x080052b8       0x74 ./rt-thread/components/libc/compilers/minilibc/time.o
                0x080052b8                time
 .text.rt_list_init
                0x0800532c       0x20 ./rt-thread/components/drivers/src/completion.o
 .text.rt_list_insert_before
                0x0800534c       0x30 ./rt-thread/components/drivers/src/completion.o
 .text.rt_list_isempty
                0x0800537c       0x24 ./rt-thread/components/drivers/src/completion.o
 .text.rt_completion_init
                0x080053a0       0x44 ./rt-thread/components/drivers/src/completion.o
                0x080053a0                rt_completion_init
 .text.rt_completion_wait
                0x080053e4       0xfc ./rt-thread/components/drivers/src/completion.o
                0x080053e4                rt_completion_wait
 .text.rt_completion_done
                0x080054e0       0x70 ./rt-thread/components/drivers/src/completion.o
                0x080054e0                rt_completion_done
 .text._serial_poll_rx
                0x08005550       0x74 ./rt-thread/components/drivers/serial/serial.o
 .text._serial_poll_tx
                0x080055c4       0x7c ./rt-thread/components/drivers/serial/serial.o
 .text._serial_int_rx
                0x08005640       0xd8 ./rt-thread/components/drivers/serial/serial.o
 .text._serial_int_tx
                0x08005718       0x90 ./rt-thread/components/drivers/serial/serial.o
 .text._serial_check_buffer_size
                0x080057a8       0x38 ./rt-thread/components/drivers/serial/serial.o
 .text.rt_serial_init
                0x080057e0       0x5c ./rt-thread/components/drivers/serial/serial.o
 .text.rt_serial_open
                0x0800583c      0x20c ./rt-thread/components/drivers/serial/serial.o
 .text.rt_serial_close
                0x08005a48       0xe0 ./rt-thread/components/drivers/serial/serial.o
 .text.rt_serial_read
                0x08005b28       0x68 ./rt-thread/components/drivers/serial/serial.o
 .text.rt_serial_write
                0x08005b90       0x68 ./rt-thread/components/drivers/serial/serial.o
 .text.rt_serial_control
                0x08005bf8       0xd0 ./rt-thread/components/drivers/serial/serial.o
 .text.rt_hw_serial_register
                0x08005cc8       0x9c ./rt-thread/components/drivers/serial/serial.o
                0x08005cc8                rt_hw_serial_register
 .text.rt_hw_serial_isr
                0x08005d64      0x14c ./rt-thread/components/drivers/serial/serial.o
                0x08005d64                rt_hw_serial_isr
 .text.set_rtc  0x08005eb0       0xa0 ./rt-thread/components/drivers/rtc/rtc.o
                0x08005eb0                set_rtc
 .text._adc_read
                0x08005f50       0x5c ./rt-thread/components/drivers/misc/adc.o
 .text._adc_control
                0x08005fac       0x5c ./rt-thread/components/drivers/misc/adc.o
 .text.rt_hw_adc_register
                0x08006008       0x94 ./rt-thread/components/drivers/misc/adc.o
                0x08006008                rt_hw_adc_register
 .text.rt_adc_read
                0x0800609c       0x3c ./rt-thread/components/drivers/misc/adc.o
                0x0800609c                rt_adc_read
 .text.rt_adc_enable
                0x080060d8       0x54 ./rt-thread/components/drivers/misc/adc.o
                0x080060d8                rt_adc_enable
 .text.rt_adc_disable
                0x0800612c       0x54 ./rt-thread/components/drivers/misc/adc.o
                0x0800612c                rt_adc_disable
 .text._pin_read
                0x08006180       0x60 ./rt-thread/components/drivers/misc/pin.o
 .text._pin_write
                0x080061e0       0x5c ./rt-thread/components/drivers/misc/pin.o
 .text._pin_control
                0x0800623c       0x58 ./rt-thread/components/drivers/misc/pin.o
 .text.rt_device_pin_register
                0x08006294       0x74 ./rt-thread/components/drivers/misc/pin.o
                0x08006294                rt_device_pin_register
 .text.rt_pin_mode
                0x08006308       0x40 ./rt-thread/components/drivers/misc/pin.o
                0x08006308                rt_pin_mode
 .text.rt_pin_write
                0x08006348       0x40 ./rt-thread/components/drivers/misc/pin.o
                0x08006348                rt_pin_write
 .text.rt_pin_read
                0x08006388       0x3c ./rt-thread/components/drivers/misc/pin.o
                0x08006388                rt_pin_read
 .text.dfs_init
                0x080063c4       0x9c ./rt-thread/components/dfs/src/dfs.o
                0x080063c4                dfs_init
 .text.dfs_lock
                0x08006460       0x48 ./rt-thread/components/dfs/src/dfs.o
                0x08006460                dfs_lock
 .text.dfs_unlock
                0x080064a8       0x14 ./rt-thread/components/dfs/src/dfs.o
                0x080064a8                dfs_unlock
 .text.dfs_subdir
                0x080064bc       0x50 ./rt-thread/components/dfs/src/dfs.o
                0x080064bc                dfs_subdir
 .text.dfs_normalize_path
                0x0800650c      0x208 ./rt-thread/components/dfs/src/dfs.o
                0x0800650c                dfs_normalize_path
 .text.dfs_file_open
                0x08006714      0x148 ./rt-thread/components/dfs/src/dfs_file.o
                0x08006714                dfs_file_open
 .text.dfs_file_close
                0x0800685c       0x54 ./rt-thread/components/dfs/src/dfs_file.o
                0x0800685c                dfs_file_close
 .text.dfs_register
                0x080068b0       0xc0 ./rt-thread/components/dfs/src/dfs_fs.o
                0x080068b0                dfs_register
 .text.dfs_filesystem_lookup
                0x08006970       0xc4 ./rt-thread/components/dfs/src/dfs_fs.o
                0x08006970                dfs_filesystem_lookup
 .text.dfs_mount
                0x08006a34      0x244 ./rt-thread/components/dfs/src/dfs_fs.o
                0x08006a34                dfs_mount
 .text.dfs_device_fs_mount
                0x08006c78       0x18 ./rt-thread/components/dfs/filesystems/devfs/devfs.o
                0x08006c78                dfs_device_fs_mount
 .text.dfs_device_fs_ioctl
                0x08006c90       0x60 ./rt-thread/components/dfs/filesystems/devfs/devfs.o
                0x08006c90                dfs_device_fs_ioctl
 .text.dfs_device_fs_read
                0x08006cf0       0x68 ./rt-thread/components/dfs/filesystems/devfs/devfs.o
                0x08006cf0                dfs_device_fs_read
 .text.dfs_device_fs_write
                0x08006d58       0x68 ./rt-thread/components/dfs/filesystems/devfs/devfs.o
                0x08006d58                dfs_device_fs_write
 .text.dfs_device_fs_close
                0x08006dc0       0x8c ./rt-thread/components/dfs/filesystems/devfs/devfs.o
                0x08006dc0                dfs_device_fs_close
 .text.dfs_device_fs_open
                0x08006e4c      0x130 ./rt-thread/components/dfs/filesystems/devfs/devfs.o
                0x08006e4c                dfs_device_fs_open
 .text.dfs_device_fs_stat
                0x08006f7c       0xf4 ./rt-thread/components/dfs/filesystems/devfs/devfs.o
                0x08006f7c                dfs_device_fs_stat
 .text.dfs_device_fs_getdents
                0x08007070       0xdc ./rt-thread/components/dfs/filesystems/devfs/devfs.o
                0x08007070                dfs_device_fs_getdents
 .text.dfs_device_fs_poll
                0x0800714c       0x1c ./rt-thread/components/dfs/filesystems/devfs/devfs.o
 .text.devfs_init
                0x08007168       0x14 ./rt-thread/components/dfs/filesystems/devfs/devfs.o
                0x08007168                devfs_init
 .text.rt_slist_init
                0x0800717c       0x18 ./packages/agile_button-latest/src/agile_button.o
 .text.rt_slist_append
                0x08007194       0x34 ./packages/agile_button-latest/src/agile_button.o
 .text.agile_btn_create
                0x080071c8       0xb8 ./packages/agile_button-latest/src/agile_button.o
                0x080071c8                agile_btn_create
 .text.agile_btn_start
                0x08007280       0x9c ./packages/agile_button-latest/src/agile_button.o
                0x08007280                agile_btn_start
 .text.agile_btn_set_event_cb
                0x0800731c       0x64 ./packages/agile_button-latest/src/agile_button.o
                0x0800731c                agile_btn_set_event_cb
 .text.agile_btn_cal_hold_time
                0x08007380       0x64 ./packages/agile_button-latest/src/agile_button.o
 .text.btn_process
                0x080073e4      0x294 ./packages/agile_button-latest/src/agile_button.o
 .text.agile_btn_init
                0x08007678       0xb4 ./packages/agile_button-latest/src/agile_button.o
 .text.led_add_device
                0x0800772c       0xa4 ./packages/LedBlink-latest/ledblink.o
                0x0800772c                led_add_device
 .text.led_set_level
                0x080077d0       0x50 ./packages/LedBlink-latest/ledblink.o
                0x080077d0                led_set_level
 .text.led_on   0x08007820       0x60 ./packages/LedBlink-latest/ledblink.o
                0x08007820                led_on
 .text.led_off  0x08007880       0x60 ./packages/LedBlink-latest/ledblink.o
                0x08007880                led_off
 .text.led_blink
                0x080078e0       0xb0 ./packages/LedBlink-latest/ledblink.o
                0x080078e0                led_blink
 .text.led_process
                0x08007990      0x208 ./packages/LedBlink-latest/ledblink.o
                0x08007990                led_process
 .text.HAL_Init
                0x08007b98       0x2c ./libraries/STM32F1xx_HAL_Driver/Src/stm32f1xx_hal.o
                0x08007b98                HAL_Init
 .text.HAL_IncTick
                0x08007bc4       0x24 ./libraries/STM32F1xx_HAL_Driver/Src/stm32f1xx_hal.o
                0x08007bc4                HAL_IncTick
 .text.HAL_ADC_Init
                0x08007be8      0x1b0 ./libraries/STM32F1xx_HAL_Driver/Src/stm32f1xx_hal_adc.o
                0x08007be8                HAL_ADC_Init
 .text.HAL_ADC_Start
                0x08007d98      0x15c ./libraries/STM32F1xx_HAL_Driver/Src/stm32f1xx_hal_adc.o
                0x08007d98                HAL_ADC_Start
 .text.HAL_ADC_PollForConversion
                0x08007ef4      0x1f4 ./libraries/STM32F1xx_HAL_Driver/Src/stm32f1xx_hal_adc.o
                0x08007ef4                HAL_ADC_PollForConversion
 .text.HAL_ADC_GetValue
                0x080080e8       0x18 ./libraries/STM32F1xx_HAL_Driver/Src/stm32f1xx_hal_adc.o
                0x080080e8                HAL_ADC_GetValue
 .text.HAL_ADC_ConfigChannel
                0x08008100      0x1f0 ./libraries/STM32F1xx_HAL_Driver/Src/stm32f1xx_hal_adc.o
                0x08008100                HAL_ADC_ConfigChannel
 .text.ADC_Enable
                0x080082f0       0xa4 ./libraries/STM32F1xx_HAL_Driver/Src/stm32f1xx_hal_adc.o
                0x080082f0                ADC_Enable
 .text.ADC_ConversionStop_Disable
                0x08008394       0x74 ./libraries/STM32F1xx_HAL_Driver/Src/stm32f1xx_hal_adc.o
                0x08008394                ADC_ConversionStop_Disable
 .text.HAL_ADCEx_Calibration_Start
                0x08008408      0x138 ./libraries/STM32F1xx_HAL_Driver/Src/stm32f1xx_hal_adc_ex.o
                0x08008408                HAL_ADCEx_Calibration_Start
 .text.__NVIC_SetPriorityGrouping
                0x08008540       0x48 ./libraries/STM32F1xx_HAL_Driver/Src/stm32f1xx_hal_cortex.o
 .text.__NVIC_GetPriorityGrouping
                0x08008588       0x1c ./libraries/STM32F1xx_HAL_Driver/Src/stm32f1xx_hal_cortex.o
 .text.__NVIC_EnableIRQ
                0x080085a4       0x38 ./libraries/STM32F1xx_HAL_Driver/Src/stm32f1xx_hal_cortex.o
 .text.__NVIC_DisableIRQ
                0x080085dc       0x44 ./libraries/STM32F1xx_HAL_Driver/Src/stm32f1xx_hal_cortex.o
 .text.__NVIC_SetPriority
                0x08008620       0x54 ./libraries/STM32F1xx_HAL_Driver/Src/stm32f1xx_hal_cortex.o
 .text.NVIC_EncodePriority
                0x08008674       0x60 ./libraries/STM32F1xx_HAL_Driver/Src/stm32f1xx_hal_cortex.o
 .text.SysTick_Config
                0x080086d4       0x44 ./libraries/STM32F1xx_HAL_Driver/Src/stm32f1xx_hal_cortex.o
 .text.HAL_NVIC_SetPriorityGrouping
                0x08008718       0x18 ./libraries/STM32F1xx_HAL_Driver/Src/stm32f1xx_hal_cortex.o
                0x08008718                HAL_NVIC_SetPriorityGrouping
 .text.HAL_NVIC_SetPriority
                0x08008730       0x38 ./libraries/STM32F1xx_HAL_Driver/Src/stm32f1xx_hal_cortex.o
                0x08008730                HAL_NVIC_SetPriority
 .text.HAL_NVIC_EnableIRQ
                0x08008768       0x1c ./libraries/STM32F1xx_HAL_Driver/Src/stm32f1xx_hal_cortex.o
                0x08008768                HAL_NVIC_EnableIRQ
 .text.HAL_NVIC_DisableIRQ
                0x08008784       0x1c ./libraries/STM32F1xx_HAL_Driver/Src/stm32f1xx_hal_cortex.o
                0x08008784                HAL_NVIC_DisableIRQ
 .text.HAL_SYSTICK_Config
                0x080087a0       0x18 ./libraries/STM32F1xx_HAL_Driver/Src/stm32f1xx_hal_cortex.o
                0x080087a0                HAL_SYSTICK_Config
 .text.HAL_SYSTICK_CLKSourceConfig
                0x080087b8       0x38 ./libraries/STM32F1xx_HAL_Driver/Src/stm32f1xx_hal_cortex.o
                0x080087b8                HAL_SYSTICK_CLKSourceConfig
 .text.HAL_DAC_Init
                0x080087f0       0x44 ./libraries/STM32F1xx_HAL_Driver/Src/stm32f1xx_hal_dac.o
                0x080087f0                HAL_DAC_Init
 .text.HAL_DAC_Start
                0x08008834       0xa4 ./libraries/STM32F1xx_HAL_Driver/Src/stm32f1xx_hal_dac.o
                0x08008834                HAL_DAC_Start
 .text.HAL_DAC_Stop
                0x080088d8       0x38 ./libraries/STM32F1xx_HAL_Driver/Src/stm32f1xx_hal_dac.o
                0x080088d8                HAL_DAC_Stop
 .text.HAL_DAC_SetValue
                0x08008910       0x48 ./libraries/STM32F1xx_HAL_Driver/Src/stm32f1xx_hal_dac.o
                0x08008910                HAL_DAC_SetValue
 .text.HAL_DAC_ConfigChannel
                0x08008958       0xb8 ./libraries/STM32F1xx_HAL_Driver/Src/stm32f1xx_hal_dac.o
                0x08008958                HAL_DAC_ConfigChannel
 .text.HAL_DMA_Start_IT
                0x08008a10       0xc0 ./libraries/STM32F1xx_HAL_Driver/Src/stm32f1xx_hal_dma.o
                0x08008a10                HAL_DMA_Start_IT
 .text.DMA_SetConfig
                0x08008ad0       0x5c ./libraries/STM32F1xx_HAL_Driver/Src/stm32f1xx_hal_dma.o
 .text.HAL_FLASH_Program
                0x08008b2c       0xe0 ./libraries/STM32F1xx_HAL_Driver/Src/stm32f1xx_hal_flash.o
                0x08008b2c                HAL_FLASH_Program
 .text.HAL_FLASH_Unlock
                0x08008c0c       0x4c ./libraries/STM32F1xx_HAL_Driver/Src/stm32f1xx_hal_flash.o
                0x08008c0c                HAL_FLASH_Unlock
 .text.HAL_FLASH_Lock
                0x08008c58       0x20 ./libraries/STM32F1xx_HAL_Driver/Src/stm32f1xx_hal_flash.o
                0x08008c58                HAL_FLASH_Lock
 .text.FLASH_Program_HalfWord
                0x08008c78       0x38 ./libraries/STM32F1xx_HAL_Driver/Src/stm32f1xx_hal_flash.o
 .text.FLASH_WaitForLastOperation
                0x08008cb0       0x8c ./libraries/STM32F1xx_HAL_Driver/Src/stm32f1xx_hal_flash.o
                0x08008cb0                FLASH_WaitForLastOperation
 .text.FLASH_SetErrorCode
                0x08008d3c       0xa0 ./libraries/STM32F1xx_HAL_Driver/Src/stm32f1xx_hal_flash.o
 .text.HAL_FLASHEx_Erase
                0x08008ddc       0xd8 ./libraries/STM32F1xx_HAL_Driver/Src/stm32f1xx_hal_flash_ex.o
                0x08008ddc                HAL_FLASHEx_Erase
 .text.FLASH_MassErase
                0x08008eb4       0x38 ./libraries/STM32F1xx_HAL_Driver/Src/stm32f1xx_hal_flash_ex.o
 .text.FLASH_PageErase
                0x08008eec       0x40 ./libraries/STM32F1xx_HAL_Driver/Src/stm32f1xx_hal_flash_ex.o
                0x08008eec                FLASH_PageErase
 .text.HAL_GPIO_Init
                0x08008f2c      0x2b4 ./libraries/STM32F1xx_HAL_Driver/Src/stm32f1xx_hal_gpio.o
                0x08008f2c                HAL_GPIO_Init
 .text.HAL_GPIO_DeInit
                0x080091e0      0x178 ./libraries/STM32F1xx_HAL_Driver/Src/stm32f1xx_hal_gpio.o
                0x080091e0                HAL_GPIO_DeInit
 .text.HAL_GPIO_ReadPin
                0x08009358       0x30 ./libraries/STM32F1xx_HAL_Driver/Src/stm32f1xx_hal_gpio.o
                0x08009358                HAL_GPIO_ReadPin
 .text.HAL_GPIO_WritePin
                0x08009388       0x30 ./libraries/STM32F1xx_HAL_Driver/Src/stm32f1xx_hal_gpio.o
                0x08009388                HAL_GPIO_WritePin
 .text.HAL_GPIO_EXTI_IRQHandler
                0x080093b8       0x30 ./libraries/STM32F1xx_HAL_Driver/Src/stm32f1xx_hal_gpio.o
                0x080093b8                HAL_GPIO_EXTI_IRQHandler
 .text.HAL_PWR_EnableBkUpAccess
                0x080093e8       0x18 ./libraries/STM32F1xx_HAL_Driver/Src/stm32f1xx_hal_pwr.o
                0x080093e8                HAL_PWR_EnableBkUpAccess
 .text.HAL_RCC_OscConfig
                0x08009400      0x624 ./libraries/STM32F1xx_HAL_Driver/Src/stm32f1xx_hal_rcc.o
                0x08009400                HAL_RCC_OscConfig
 .text.HAL_RCC_ClockConfig
                0x08009a24      0x1d4 ./libraries/STM32F1xx_HAL_Driver/Src/stm32f1xx_hal_rcc.o
                0x08009a24                HAL_RCC_ClockConfig
 .text.HAL_RCC_GetSysClockFreq
                0x08009bf8      0x1cc ./libraries/STM32F1xx_HAL_Driver/Src/stm32f1xx_hal_rcc.o
                0x08009bf8                HAL_RCC_GetSysClockFreq
 .text.HAL_RCC_GetHCLKFreq
                0x08009dc4       0x14 ./libraries/STM32F1xx_HAL_Driver/Src/stm32f1xx_hal_rcc.o
                0x08009dc4                HAL_RCC_GetHCLKFreq
 .text.HAL_RCC_GetPCLK1Freq
                0x08009dd8       0x28 ./libraries/STM32F1xx_HAL_Driver/Src/stm32f1xx_hal_rcc.o
                0x08009dd8                HAL_RCC_GetPCLK1Freq
 .text.HAL_RCC_GetPCLK2Freq
                0x08009e00       0x28 ./libraries/STM32F1xx_HAL_Driver/Src/stm32f1xx_hal_rcc.o
                0x08009e00                HAL_RCC_GetPCLK2Freq
 .text.RCC_Delay
                0x08009e28       0x3c ./libraries/STM32F1xx_HAL_Driver/Src/stm32f1xx_hal_rcc.o
 .text.HAL_RCCEx_PeriphCLKConfig
                0x08009e64      0x264 ./libraries/STM32F1xx_HAL_Driver/Src/stm32f1xx_hal_rcc_ex.o
                0x08009e64                HAL_RCCEx_PeriphCLKConfig
 .text.HAL_RCCEx_GetPeriphCLKFreq
                0x0800a0c8      0x2d0 ./libraries/STM32F1xx_HAL_Driver/Src/stm32f1xx_hal_rcc_ex.o
                0x0800a0c8                HAL_RCCEx_GetPeriphCLKFreq
 .text.HAL_RTC_Init
                0x0800a398      0x12c ./libraries/STM32F1xx_HAL_Driver/Src/stm32f1xx_hal_rtc.o
                0x0800a398                HAL_RTC_Init
 .text.HAL_RTC_SetTime
                0x0800a4c4      0x130 ./libraries/STM32F1xx_HAL_Driver/Src/stm32f1xx_hal_rtc.o
                0x0800a4c4                HAL_RTC_SetTime
 .text.HAL_RTC_GetTime
                0x0800a5f4      0x1b0 ./libraries/STM32F1xx_HAL_Driver/Src/stm32f1xx_hal_rtc.o
                0x0800a5f4                HAL_RTC_GetTime
 .text.HAL_RTC_SetDate
                0x0800a7a4      0x16c ./libraries/STM32F1xx_HAL_Driver/Src/stm32f1xx_hal_rtc.o
                0x0800a7a4                HAL_RTC_SetDate
 .text.HAL_RTC_GetDate
                0x0800a910       0xa8 ./libraries/STM32F1xx_HAL_Driver/Src/stm32f1xx_hal_rtc.o
                0x0800a910                HAL_RTC_GetDate
 .text.HAL_RTC_WaitForSynchro
                0x0800a9b8       0x5c ./libraries/STM32F1xx_HAL_Driver/Src/stm32f1xx_hal_rtc.o
                0x0800a9b8                HAL_RTC_WaitForSynchro
 .text.RTC_ReadTimeCounter
                0x0800aa14       0x60 ./libraries/STM32F1xx_HAL_Driver/Src/stm32f1xx_hal_rtc.o
 .text.RTC_WriteTimeCounter
                0x0800aa74       0x50 ./libraries/STM32F1xx_HAL_Driver/Src/stm32f1xx_hal_rtc.o
 .text.RTC_ReadAlarmCounter
                0x0800aac4       0x34 ./libraries/STM32F1xx_HAL_Driver/Src/stm32f1xx_hal_rtc.o
 .text.RTC_WriteAlarmCounter
                0x0800aaf8       0x50 ./libraries/STM32F1xx_HAL_Driver/Src/stm32f1xx_hal_rtc.o
 .text.RTC_EnterInitMode
                0x0800ab48       0x50 ./libraries/STM32F1xx_HAL_Driver/Src/stm32f1xx_hal_rtc.o
 .text.RTC_ExitInitMode
                0x0800ab98       0x50 ./libraries/STM32F1xx_HAL_Driver/Src/stm32f1xx_hal_rtc.o
 .text.RTC_ByteToBcd2
                0x0800abe8       0x3c ./libraries/STM32F1xx_HAL_Driver/Src/stm32f1xx_hal_rtc.o
 .text.RTC_Bcd2ToByte
                0x0800ac24       0x3c ./libraries/STM32F1xx_HAL_Driver/Src/stm32f1xx_hal_rtc.o
 .text.RTC_DateUpdate
                0x0800ac60      0x154 ./libraries/STM32F1xx_HAL_Driver/Src/stm32f1xx_hal_rtc.o
 .text.RTC_IsLeapYear
                0x0800adb4       0x64 ./libraries/STM32F1xx_HAL_Driver/Src/stm32f1xx_hal_rtc.o
 .text.RTC_WeekDayNum
                0x0800ae18       0xf0 ./libraries/STM32F1xx_HAL_Driver/Src/stm32f1xx_hal_rtc.o
 .text.HAL_RTCEx_BKUPWrite
                0x0800af08       0x34 ./libraries/STM32F1xx_HAL_Driver/Src/stm32f1xx_hal_rtc_ex.o
                0x0800af08                HAL_RTCEx_BKUPWrite
 .text.HAL_RTCEx_BKUPRead
                0x0800af3c       0x38 ./libraries/STM32F1xx_HAL_Driver/Src/stm32f1xx_hal_rtc_ex.o
                0x0800af3c                HAL_RTCEx_BKUPRead
 .text.HAL_UART_Init
                0x0800af74       0x9c ./libraries/STM32F1xx_HAL_Driver/Src/stm32f1xx_hal_uart.o
                0x0800af74                HAL_UART_Init
 .text.HAL_UART_Transmit_DMA
                0x0800b010       0xd8 ./libraries/STM32F1xx_HAL_Driver/Src/stm32f1xx_hal_uart.o
                0x0800b010                HAL_UART_Transmit_DMA
 .text.HAL_UART_TxCpltCallback
                0x0800b0e8       0x14 ./libraries/STM32F1xx_HAL_Driver/Src/stm32f1xx_hal_uart.o
                0x0800b0e8                HAL_UART_TxCpltCallback
 .text.HAL_UART_TxHalfCpltCallback
                0x0800b0fc       0x14 ./libraries/STM32F1xx_HAL_Driver/Src/stm32f1xx_hal_uart.o
                0x0800b0fc                HAL_UART_TxHalfCpltCallback
 .text.HAL_UART_ErrorCallback
                0x0800b110       0x14 ./libraries/STM32F1xx_HAL_Driver/Src/stm32f1xx_hal_uart.o
                0x0800b110                HAL_UART_ErrorCallback
 .text.UART_DMATransmitCplt
                0x0800b124       0x54 ./libraries/STM32F1xx_HAL_Driver/Src/stm32f1xx_hal_uart.o
 .text.UART_DMATxHalfCplt
                0x0800b178       0x1c ./libraries/STM32F1xx_HAL_Driver/Src/stm32f1xx_hal_uart.o
 .text.UART_DMAError
                0x0800b194       0x94 ./libraries/STM32F1xx_HAL_Driver/Src/stm32f1xx_hal_uart.o
 .text.UART_EndTxTransfer
                0x0800b228       0x2c ./libraries/STM32F1xx_HAL_Driver/Src/stm32f1xx_hal_uart.o
 .text.UART_EndRxTransfer
                0x0800b254       0x3c ./libraries/STM32F1xx_HAL_Driver/Src/stm32f1xx_hal_uart.o
 .text.UART_SetConfig
                0x0800b290      0x1b4 ./libraries/STM32F1xx_HAL_Driver/Src/stm32f1xx_hal_uart.o
 .text.Reset_Handler
                0x0800b444       0x44 ./libraries/CMSIS/Device/ST/STM32F1xx/Source/Templates/gcc/startup_stm32f105xc.o
                0x0800b444                Reset_Handler
 .text.Default_Handler
                0x0800b488        0x2 ./libraries/CMSIS/Device/ST/STM32F1xx/Source/Templates/gcc/startup_stm32f105xc.o
                0x0800b488                RTC_Alarm_IRQHandler
                0x0800b488                DebugMon_Handler
                0x0800b488                TIM1_CC_IRQHandler
                0x0800b488                TIM6_IRQHandler
                0x0800b488                PVD_IRQHandler
                0x0800b488                NMI_Handler
                0x0800b488                CAN2_RX1_IRQHandler
                0x0800b488                I2C2_EV_IRQHandler
                0x0800b488                CAN1_RX0_IRQHandler
                0x0800b488                UsageFault_Handler
                0x0800b488                CAN2_SCE_IRQHandler
                0x0800b488                ADC1_2_IRQHandler
                0x0800b488                SPI1_IRQHandler
                0x0800b488                TAMPER_IRQHandler
                0x0800b488                CAN2_RX0_IRQHandler
                0x0800b488                DMA2_Channel2_IRQHandler
                0x0800b488                DMA1_Channel4_IRQHandler
                0x0800b488                RTC_IRQHandler
                0x0800b488                DMA1_Channel7_IRQHandler
                0x0800b488                CAN1_RX1_IRQHandler
                0x0800b488                UART5_IRQHandler
                0x0800b488                TIM4_IRQHandler
                0x0800b488                DMA2_Channel1_IRQHandler
                0x0800b488                I2C1_EV_IRQHandler
                0x0800b488                DMA1_Channel6_IRQHandler
                0x0800b488                UART4_IRQHandler
                0x0800b488                DMA2_Channel4_IRQHandler
                0x0800b488                TIM3_IRQHandler
                0x0800b488                RCC_IRQHandler
                0x0800b488                TIM1_TRG_COM_IRQHandler
                0x0800b488                DMA1_Channel1_IRQHandler
                0x0800b488                Default_Handler
                0x0800b488                TIM7_IRQHandler
                0x0800b488                CAN2_TX_IRQHandler
                0x0800b488                TIM5_IRQHandler
                0x0800b488                SPI2_IRQHandler
                0x0800b488                MemManage_Handler
                0x0800b488                CAN1_TX_IRQHandler
                0x0800b488                SVC_Handler
                0x0800b488                DMA2_Channel5_IRQHandler
                0x0800b488                DMA1_Channel5_IRQHandler
                0x0800b488                DMA1_Channel3_IRQHandler
                0x0800b488                TIM1_UP_IRQHandler
                0x0800b488                WWDG_IRQHandler
                0x0800b488                TIM2_IRQHandler
                0x0800b488                OTG_FS_WKUP_IRQHandler
                0x0800b488                TIM1_BRK_IRQHandler
                0x0800b488                USART2_IRQHandler
                0x0800b488                I2C2_ER_IRQHandler
                0x0800b488                DMA1_Channel2_IRQHandler
                0x0800b488                CAN1_SCE_IRQHandler
                0x0800b488                FLASH_IRQHandler
                0x0800b488                BusFault_Handler
                0x0800b488                OTG_FS_IRQHandler
                0x0800b488                SPI3_IRQHandler
                0x0800b488                I2C1_ER_IRQHandler
                0x0800b488                DMA2_Channel3_IRQHandler
 *fill*         0x0800b48a        0x2 00000000
 .text.SystemInit
                0x0800b48c       0x7c ./libraries/CMSIS/Device/ST/STM32F1xx/Source/Templates/system_stm32f1xx.o
                0x0800b48c                SystemInit
 .text.SystemClock_Config
                0x0800b508       0xe0 ./drivers/board.o
                0x0800b508                SystemClock_Config
 .text.HAL_MspInit
                0x0800b5e8       0x84 ./drivers/board.o
                0x0800b5e8                HAL_MspInit
 .text.clock_information
                0x0800b66c       0x10 ./drivers/board.o
                0x0800b66c                clock_information
 .text.stm32_adc_enabled
                0x0800b67c       0x5c ./drivers/drv_adc.o
 .text.stm32_adc_get_channel
                0x0800b6d8       0xd8 ./drivers/drv_adc.o
 .text.stm32_get_adc_value
                0x0800b7b0       0xb8 ./drivers/drv_adc.o
 .text.stm32_adc_init
                0x0800b868      0x13c ./drivers/drv_adc.o
 .text.rt_hw_systick_init
                0x0800b9a4       0x34 ./drivers/drv_common.o
                0x0800b9a4                rt_hw_systick_init
 .text.SysTick_Handler
                0x0800b9d8       0x18 ./drivers/drv_common.o
                0x0800b9d8                SysTick_Handler
 .text.HAL_GetTick
                0x0800b9f0       0x24 ./drivers/drv_common.o
                0x0800b9f0                HAL_GetTick
 .text.HAL_InitTick
                0x0800ba14       0x14 ./drivers/drv_common.o
                0x0800ba14                HAL_InitTick
 .text._Error_Handler
                0x0800ba28        0xc ./drivers/drv_common.o
                0x0800ba28                _Error_Handler
 .text.rt_hw_board_init
                0x0800ba34       0x58 ./drivers/drv_common.o
                0x0800ba34                rt_hw_board_init
 .text.GetPage  0x0800ba8c       0x24 ./drivers/drv_flash_f1.o
 .text.stm32_flash_read
                0x0800bab0       0x7c ./drivers/drv_flash_f1.o
                0x0800bab0                stm32_flash_read
 .text.stm32_flash_write
                0x0800bb2c       0xe0 ./drivers/drv_flash_f1.o
                0x0800bb2c                stm32_flash_write
 .text.stm32_flash_erase_bank
                0x0800bc0c       0xa8 ./drivers/drv_flash_f1.o
                0x0800bc0c                stm32_flash_erase_bank
 .text.stm32_flash_erase
                0x0800bcb4       0x20 ./drivers/drv_flash_f1.o
                0x0800bcb4                stm32_flash_erase
 .text.get_pin  0x0800bcd4       0x44 ./drivers/drv_gpio.o
 .text.stm32_pin_write
                0x0800bd18       0x3c ./drivers/drv_gpio.o
 .text.stm32_pin_read
                0x0800bd54       0x44 ./drivers/drv_gpio.o
 .text.stm32_pin_mode
                0x0800bd98       0x98 ./drivers/drv_gpio.o
 .text.bit2bitno
                0x0800be30       0x3c ./drivers/drv_gpio.o
 .text.get_pin_irq_map
                0x0800be6c       0x34 ./drivers/drv_gpio.o
 .text.stm32_pin_attach_irq
                0x0800bea0      0x148 ./drivers/drv_gpio.o
 .text.stm32_pin_dettach_irq
                0x0800bfe8       0xd0 ./drivers/drv_gpio.o
 .text.stm32_pin_irq_enable
                0x0800c0b8      0x1e0 ./drivers/drv_gpio.o
 .text.pin_irq_hdr
                0x0800c298       0x54 ./drivers/drv_gpio.o
 .text.HAL_GPIO_EXTI_Callback
                0x0800c2ec       0x24 ./drivers/drv_gpio.o
                0x0800c2ec                HAL_GPIO_EXTI_Callback
 .text.EXTI0_IRQHandler
                0x0800c310       0x18 ./drivers/drv_gpio.o
                0x0800c310                EXTI0_IRQHandler
 .text.EXTI1_IRQHandler
                0x0800c328       0x18 ./drivers/drv_gpio.o
                0x0800c328                EXTI1_IRQHandler
 .text.EXTI2_IRQHandler
                0x0800c340       0x18 ./drivers/drv_gpio.o
                0x0800c340                EXTI2_IRQHandler
 .text.EXTI3_IRQHandler
                0x0800c358       0x18 ./drivers/drv_gpio.o
                0x0800c358                EXTI3_IRQHandler
 .text.EXTI4_IRQHandler
                0x0800c370       0x18 ./drivers/drv_gpio.o
                0x0800c370                EXTI4_IRQHandler
 .text.EXTI9_5_IRQHandler
                0x0800c388       0x34 ./drivers/drv_gpio.o
                0x0800c388                EXTI9_5_IRQHandler
 .text.EXTI15_10_IRQHandler
                0x0800c3bc       0x40 ./drivers/drv_gpio.o
                0x0800c3bc                EXTI15_10_IRQHandler
 .text.rt_hw_pin_init
                0x0800c3fc       0xa0 ./drivers/drv_gpio.o
                0x0800c3fc                rt_hw_pin_init
 .text.get_rtc_timestamp
                0x0800c49c       0x74 ./drivers/drv_rtc.o
 .text.set_rtc_time_stamp
                0x0800c510      0x114 ./drivers/drv_rtc.o
 .text.rt_rtc_init
                0x0800c624       0x54 ./drivers/drv_rtc.o
 .text.rt_rtc_config
                0x0800c678      0x13c ./drivers/drv_rtc.o
 .text.rt_rtc_control
                0x0800c7b4       0x88 ./drivers/drv_rtc.o
 .text.rt_hw_rtc_register
                0x0800c83c       0x94 ./drivers/drv_rtc.o
 .text.rt_hw_rtc_init
                0x0800c8d0       0x68 ./drivers/drv_rtc.o
                0x0800c8d0                rt_hw_rtc_init
 .text.__NVIC_EnableIRQ
                0x0800c938       0x38 ./drivers/drv_usart.o
 .text.__NVIC_DisableIRQ
                0x0800c970       0x44 ./drivers/drv_usart.o
 .text.stm32_uart_clk_enable
                0x0800c9b4       0x6c ./drivers/drv_usart.o
 .text.stm32_gpio_clk_enable
                0x0800ca20      0x118 ./drivers/drv_usart.o
 .text.stm32_get_pin
                0x0800cb38       0x38 ./drivers/drv_usart.o
 .text.stm32_gpio_configure
                0x0800cb70      0x25c ./drivers/drv_usart.o
 .text.stm32_configure
                0x0800cdcc      0x12c ./drivers/drv_usart.o
 .text.stm32_control
                0x0800cef8       0x80 ./drivers/drv_usart.o
 .text.stm32_putc
                0x0800cf78       0x58 ./drivers/drv_usart.o
 .text.stm32_getc
                0x0800cfd0       0x50 ./drivers/drv_usart.o
 .text.stm32_dma_transmit
                0x0800d020       0x64 ./drivers/drv_usart.o
 .text.uart_isr
                0x0800d084      0x160 ./drivers/drv_usart.o
 .text.USART1_IRQHandler
                0x0800d1e4       0x1c ./drivers/drv_usart.o
                0x0800d1e4                USART1_IRQHandler
 .text.USART3_IRQHandler
                0x0800d200       0x1c ./drivers/drv_usart.o
                0x0800d200                USART3_IRQHandler
 .text.stm32_uart_get_dma_config
                0x0800d21c       0x20 ./drivers/drv_usart.o
 .text.rt_hw_usart_init
                0x0800d23c       0xf8 ./drivers/drv_usart.o
                0x0800d23c                rt_hw_usart_init
 .text.HAL_ADC_MspInit
                0x0800d334      0x130 ./drivers/stm32f1xx_hal_msp.o
                0x0800d334                HAL_ADC_MspInit
 .text.HAL_DAC_MspInit
                0x0800d464       0x78 ./drivers/stm32f1xx_hal_msp.o
                0x0800d464                HAL_DAC_MspInit
 .text.HAL_RTC_MspInit
                0x0800d4dc       0x48 ./drivers/stm32f1xx_hal_msp.o
                0x0800d4dc                HAL_RTC_MspInit
 .text.HAL_UART_MspInit
                0x0800d524      0x130 ./drivers/stm32f1xx_hal_msp.o
                0x0800d524                HAL_UART_MspInit
 .text.isbusy   0x0800d654       0x44 ./applications/oled_1602/uuzOLED_1602.o
                0x0800d654                isbusy
 .text.write_cmd
                0x0800d698       0x54 ./applications/oled_1602/uuzOLED_1602.o
                0x0800d698                write_cmd
 .text.write_address
                0x0800d6ec       0x20 ./applications/oled_1602/uuzOLED_1602.o
                0x0800d6ec                write_address
 .text.write_data
                0x0800d70c       0x48 ./applications/oled_1602/uuzOLED_1602.o
                0x0800d70c                write_data
 .text.cgram_init
                0x0800d754        0xc ./applications/oled_1602/uuzOLED_1602.o
                0x0800d754                cgram_init
 .text.clear_cache_data
                0x0800d760       0x64 ./applications/oled_1602/uuzOLED_1602.o
                0x0800d760                clear_cache_data
 .text.clear_screen
                0x0800d7c4       0x60 ./applications/oled_1602/uuzOLED_1602.o
                0x0800d7c4                clear_screen
 .text.corsor_return
                0x0800d824       0x1c ./applications/oled_1602/uuzOLED_1602.o
                0x0800d824                corsor_return
 .text.font_table_set
                0x0800d840       0x28 ./applications/oled_1602/uuzOLED_1602.o
                0x0800d840                font_table_set
 .text.display_mode_set
                0x0800d868       0x4c ./applications/oled_1602/uuzOLED_1602.o
                0x0800d868                display_mode_set
 .text.address_mode_set
                0x0800d8b4       0x1c ./applications/oled_1602/uuzOLED_1602.o
                0x0800d8b4                address_mode_set
 .text.drawString
                0x0800d8d0       0xe8 ./applications/oled_1602/uuzOLED_1602.o
                0x0800d8d0                drawString
 .text.drawToDATA
                0x0800d9b8       0x6c ./applications/oled_1602/uuzOLED_1602.o
                0x0800d9b8                drawToDATA
 .text.drawToOLED
                0x0800da24       0x9c ./applications/oled_1602/uuzOLED_1602.o
                0x0800da24                drawToOLED
 .text.drawNull
                0x0800dac0       0xc8 ./applications/oled_1602/uuzOLED_1602.o
                0x0800dac0                drawNull
 .text.sync_oled
                0x0800db88       0x98 ./applications/oled_1602/uuzOLED_1602.o
                0x0800db88                sync_oled
 .text.oled_init
                0x0800dc20       0x48 ./applications/oled_1602/uuzOLED_1602.o
                0x0800dc20                oled_init
 .text.ui_short_event
                0x0800dc68      0x1ec ./applications/oled_1602/uuzUI_1602.o
                0x0800dc68                ui_short_event
 .text.ui_hold_event
                0x0800de54       0xf0 ./applications/oled_1602/uuzUI_1602.o
                0x0800de54                ui_hold_event
 .text.btn_long_event
                0x0800df44       0x7c ./applications/oled_1602/uuzUI_1602.o
                0x0800df44                btn_long_event
 .text.ui_thread_entry
                0x0800dfc0      0x10c ./applications/oled_1602/uuzUI_1602.o
                0x0800dfc0                ui_thread_entry
 .text.show_ui  0x0800e0cc      0x148 ./applications/oled_1602/uuzUI_1602.o
                0x0800e0cc                show_ui
 .text.disp_txt
                0x0800e214       0xc4 ./applications/oled_1602/uuzUI_1602.o
                0x0800e214                disp_txt
 .text.disp_value
                0x0800e2d8       0xcc ./applications/oled_1602/uuzUI_1602.o
                0x0800e2d8                disp_value
 .text.disp_time
                0x0800e3a4       0xa4 ./applications/oled_1602/uuzUI_1602.o
                0x0800e3a4                disp_time
 .text.disp_temperature
                0x0800e448      0x124 ./applications/oled_1602/uuzUI_1602.o
                0x0800e448                disp_temperature
 .text.disp_cursor
                0x0800e56c       0x6c ./applications/oled_1602/uuzUI_1602.o
                0x0800e56c                disp_cursor
 .text.disp_units
                0x0800e5d8       0x50 ./applications/oled_1602/uuzUI_1602.o
                0x0800e5d8                disp_units
 .text.level_get
                0x0800e628      0x144 ./applications/oled_1602/uuzUI_1602.o
                0x0800e628                level_get
 .text.value_set
                0x0800e76c       0x2c ./applications/oled_1602/uuzUI_1602.o
                0x0800e76c                value_set
 .text.time_init
                0x0800e798      0x148 ./applications/oled_1602/uuzUI_date.o
                0x0800e798                time_init
 .text.time_disp
                0x0800e8e0      0x268 ./applications/oled_1602/uuzUI_date.o
                0x0800e8e0                time_disp
 .text.time_opt
                0x0800eb48      0x6dc ./applications/oled_1602/uuzUI_date.o
                0x0800eb48                time_opt
 .text.time_set_disp
                0x0800f224      0x1f0 ./applications/oled_1602/uuzUI_date.o
                0x0800f224                time_set_disp
 .text.date_set_disp
                0x0800f414      0x24c ./applications/oled_1602/uuzUI_date.o
                0x0800f414                date_set_disp
 .text.channel_init
                0x0800f660       0x20 ./applications/oled_1602/uuzUI_light.o
                0x0800f660                channel_init
 .text.channel_disp
                0x0800f680       0xd4 ./applications/oled_1602/uuzUI_light.o
                0x0800f680                channel_disp
 .text.channel_opt
                0x0800f754      0x134 ./applications/oled_1602/uuzUI_light.o
                0x0800f754                channel_opt
 .text.channel_list_disp
                0x0800f888       0x9c ./applications/oled_1602/uuzUI_light.o
                0x0800f888                channel_list_disp
 .text.ch2_mode_init
                0x0800f924       0x20 ./applications/oled_1602/uuzUI_light.o
                0x0800f924                ch2_mode_init
 .text.ch2_mode_disp
                0x0800f944       0x9c ./applications/oled_1602/uuzUI_light.o
                0x0800f944                ch2_mode_disp
 .text.ch2_mode_opt
                0x0800f9e0      0x10c ./applications/oled_1602/uuzUI_light.o
                0x0800f9e0                ch2_mode_opt
 .text.ch2_mode_value_disp
                0x0800faec       0x7c ./applications/oled_1602/uuzUI_light.o
                0x0800faec                ch2_mode_value_disp
 .text.output_mode_init
                0x0800fb68       0x20 ./applications/oled_1602/uuzUI_light.o
                0x0800fb68                output_mode_init
 .text.output_mode_disp
                0x0800fb88       0xfc ./applications/oled_1602/uuzUI_light.o
                0x0800fb88                output_mode_disp
 .text.output_mode_opt
                0x0800fc84      0x164 ./applications/oled_1602/uuzUI_light.o
                0x0800fc84                output_mode_opt
 .text.output_level_init
                0x0800fde8       0x4c ./applications/oled_1602/uuzUI_light.o
                0x0800fde8                output_level_init
 .text.output_level_disp
                0x0800fe34       0xc4 ./applications/oled_1602/uuzUI_light.o
                0x0800fe34                output_level_disp
 .text.output_level_opt
                0x0800fef8      0x110 ./applications/oled_1602/uuzUI_light.o
                0x0800fef8                output_level_opt
 .text.light_cycle_init
                0x08010008       0xd0 ./applications/oled_1602/uuzUI_light.o
                0x08010008                light_cycle_init
 .text.light_cycle_disp
                0x080100d8      0x23c ./applications/oled_1602/uuzUI_light.o
                0x080100d8                light_cycle_disp
 .text.light_cycle_opt
                0x08010314      0x738 ./applications/oled_1602/uuzUI_light.o
                0x08010314                light_cycle_opt
 .text.light_cycle_value_disp
                0x08010a4c       0xc0 ./applications/oled_1602/uuzUI_light.o
                0x08010a4c                light_cycle_value_disp
 .text.set_temp_levels_init
                0x08010b0c       0xcc ./applications/oled_1602/uuzUI_light.o
                0x08010b0c                set_temp_levels_init
 .text.set_temp_levels_disp
                0x08010bd8      0x104 ./applications/oled_1602/uuzUI_light.o
                0x08010bd8                set_temp_levels_disp
 .text.set_temp_levels_opt
                0x08010cdc      0x42c ./applications/oled_1602/uuzUI_light.o
                0x08010cdc                set_temp_levels_opt
 .text.set_temp_levels_cursor_disp
                0x08011108       0xdc ./applications/oled_1602/uuzUI_light.o
                0x08011108                set_temp_levels_cursor_disp
 .text.set_temp_levels_title_disp
                0x080111e4       0xfc ./applications/oled_1602/uuzUI_light.o
                0x080111e4                set_temp_levels_title_disp
 .text.set_temp_levels_value_disp
                0x080112e0       0xbc ./applications/oled_1602/uuzUI_light.o
                0x080112e0                set_temp_levels_value_disp
 .text.sunrise_sunset_init
                0x0801139c       0x70 ./applications/oled_1602/uuzUI_light.o
                0x0801139c                sunrise_sunset_init
 .text.sunrise_sunset_disp
                0x0801140c       0xdc ./applications/oled_1602/uuzUI_light.o
                0x0801140c                sunrise_sunset_disp
 .text.sunrise_sunset_opt
                0x080114e8      0x270 ./applications/oled_1602/uuzUI_light.o
                0x080114e8                sunrise_sunset_opt
 .text.sunrise_sunset_cursor_disp
                0x08011758       0x60 ./applications/oled_1602/uuzUI_light.o
                0x08011758                sunrise_sunset_cursor_disp
 .text.sunrise_sunset_value_disp
                0x080117b8       0x94 ./applications/oled_1602/uuzUI_light.o
                0x080117b8                sunrise_sunset_value_disp
 .text.ecm_config_init
                0x0801184c       0x20 ./applications/oled_1602/uuzUI_light.o
                0x0801184c                ecm_config_init
 .text.ecm_config_disp
                0x0801186c       0xcc ./applications/oled_1602/uuzUI_light.o
                0x0801186c                ecm_config_disp
 .text.ecm_config_opt
                0x08011938      0x100 ./applications/oled_1602/uuzUI_light.o
                0x08011938                ecm_config_opt
 .text.display_mode_init
                0x08011a38       0x48 ./applications/oled_1602/uuzUI_light.o
                0x08011a38                display_mode_init
 .text.display_mode_disp
                0x08011a80       0x9c ./applications/oled_1602/uuzUI_light.o
                0x08011a80                display_mode_disp
 .text.display_mode_opt
                0x08011b1c       0xc0 ./applications/oled_1602/uuzUI_light.o
                0x08011b1c                display_mode_opt
 .text.display_mode_value_disp
                0x08011bdc       0xb8 ./applications/oled_1602/uuzUI_light.o
                0x08011bdc                display_mode_value_disp
 .text.logo_init
                0x08011c94       0x48 ./applications/oled_1602/uuzUI_main.o
                0x08011c94                logo_init
 .text.logo_disp
                0x08011cdc       0xdc ./applications/oled_1602/uuzUI_main.o
                0x08011cdc                logo_disp
 .text.logo_opt
                0x08011db8       0x24 ./applications/oled_1602/uuzUI_main.o
                0x08011db8                logo_opt
 .text.show_ch_init
                0x08011ddc       0xc0 ./applications/oled_1602/uuzUI_main.o
                0x08011ddc                show_ch_init
 .text.show_ch_disp
                0x08011e9c       0xc0 ./applications/oled_1602/uuzUI_main.o
                0x08011e9c                show_ch_disp
 .text.show_ch_opt
                0x08011f5c       0x58 ./applications/oled_1602/uuzUI_main.o
                0x08011f5c                show_ch_opt
 .text.ch_info_disp
                0x08011fb4      0x2ac ./applications/oled_1602/uuzUI_main.o
                0x08011fb4                ch_info_disp
 .text.show_date_init
                0x08012260       0x70 ./applications/oled_1602/uuzUI_main.o
                0x08012260                show_date_init
 .text.show_date_disp
                0x080122d0       0x90 ./applications/oled_1602/uuzUI_main.o
                0x080122d0                show_date_disp
 .text.show_date_opt
                0x08012360       0x58 ./applications/oled_1602/uuzUI_main.o
                0x08012360                show_date_opt
 .text.date_data_disp
                0x080123b8      0x154 ./applications/oled_1602/uuzUI_main.o
                0x080123b8                date_data_disp
 .text.show_ta_init
                0x0801250c      0x12c ./applications/oled_1602/uuzUI_main.o
                0x0801250c                show_ta_init
 .text.show_ta_disp
                0x08012638      0x100 ./applications/oled_1602/uuzUI_main.o
                0x08012638                show_ta_disp
 .text.show_ta_opt
                0x08012738       0x58 ./applications/oled_1602/uuzUI_main.o
                0x08012738                show_ta_opt
 .text.ta_data_disp
                0x08012790      0x4d4 ./applications/oled_1602/uuzUI_main.o
                0x08012790                ta_data_disp
 .text.info_disp
                0x08012c64       0xd4 ./applications/oled_1602/uuzUI_main.o
                0x08012c64                info_disp
 .text.info_opt
                0x08012d38       0x60 ./applications/oled_1602/uuzUI_main.o
                0x08012d38                info_opt
 .text.light_init
                0x08012d98      0x19c ./applications/oled_1602/uuzUI_main.o
                0x08012d98                light_init
 .text.light_disp
                0x08012f34       0xbc ./applications/oled_1602/uuzUI_main.o
                0x08012f34                light_disp
 .text.light_opt
                0x08012ff0      0x1cc ./applications/oled_1602/uuzUI_main.o
                0x08012ff0                light_opt
 .text.light_title_disp
                0x080131bc       0x40 ./applications/oled_1602/uuzUI_main.o
                0x080131bc                light_title_disp
 .text.light_level_disp
                0x080131fc       0x58 ./applications/oled_1602/uuzUI_main.o
                0x080131fc                light_level_disp
 .text.light_watt_disp
                0x08013254       0x70 ./applications/oled_1602/uuzUI_main.o
                0x08013254                light_watt_disp
 .text.menu_disp
                0x080132c4       0xcc ./applications/oled_1602/uuzUI_menu.o
                0x080132c4                menu_disp
 .text.menu_opt
                0x08013390      0x154 ./applications/oled_1602/uuzUI_menu.o
                0x08013390                menu_opt
 .text.menu_list_disp
                0x080134e4       0x90 ./applications/oled_1602/uuzUI_menu.o
                0x080134e4                menu_list_disp
 .text.lang_disp
                0x08013574       0xc8 ./applications/oled_1602/uuzUI_menu.o
                0x08013574                lang_disp
 .text.lang_opt
                0x0801363c      0x158 ./applications/oled_1602/uuzUI_menu.o
                0x0801363c                lang_opt
 .text.factory_reset_disp
                0x08013794       0xbc ./applications/oled_1602/uuzUI_menu.o
                0x08013794                factory_reset_disp
 .text.factory_reset_opt
                0x08013850      0x114 ./applications/oled_1602/uuzUI_menu.o
                0x08013850                factory_reset_opt
 .text.logs_disp
                0x08013964       0x50 ./applications/oled_1602/uuzUI_menu.o
                0x08013964                logs_disp
 .text.logs_opt
                0x080139b4       0xa4 ./applications/oled_1602/uuzUI_menu.o
                0x080139b4                logs_opt
 .text.logs_info_disp
                0x08013a58      0x5e0 ./applications/oled_1602/uuzUI_menu.o
                0x08013a58                logs_info_disp
 .text.temp_units_init
                0x08014038       0x20 ./applications/oled_1602/uuzUI_temp.o
                0x08014038                temp_units_init
 .text.temp_units_disp
                0x08014058       0x98 ./applications/oled_1602/uuzUI_temp.o
                0x08014058                temp_units_disp
 .text.temp_units_opt
                0x080140f0      0x1c8 ./applications/oled_1602/uuzUI_temp.o
                0x080140f0                temp_units_opt
 .text.temp_units_value_disp
                0x080142b8       0x38 ./applications/oled_1602/uuzUI_temp.o
                0x080142b8                temp_units_value_disp
 .text.temp_select_disp
                0x080142f0       0xa0 ./applications/oled_1602/uuzUI_temp.o
                0x080142f0                temp_select_disp
 .text.temp_select_opt
                0x08014390       0xe8 ./applications/oled_1602/uuzUI_temp.o
                0x08014390                temp_select_opt
 .text.temp_cal_disp
                0x08014478      0x244 ./applications/oled_1602/uuzUI_temp.o
                0x08014478                temp_cal_disp
 .text.temp_cal_opt
                0x080146bc      0x244 ./applications/oled_1602/uuzUI_temp.o
                0x080146bc                temp_cal_opt
 .text.temp_cal_cursor_disp
                0x08014900       0x68 ./applications/oled_1602/uuzUI_temp.o
                0x08014900                temp_cal_cursor_disp
 .text.temp_cal_value_disp
                0x08014968      0x18c ./applications/oled_1602/uuzUI_temp.o
                0x08014968                temp_cal_value_disp
 .text.test     0x08014af4       0xd4 ./applications/light/uuzLIGHT.o
                0x08014af4                test
 .text.test_entry1
                0x08014bc8       0x20 ./applications/light/uuzLIGHT.o
                0x08014bc8                test_entry1
 .text.test_entry
                0x08014be8       0x80 ./applications/light/uuzLIGHT.o
                0x08014be8                test_entry
 .text.light_opt_init
                0x08014c68       0x80 ./applications/light/uuzLIGHT.o
                0x08014c68                light_opt_init
 .text.light_opt_thread_entry
                0x08014ce8       0x8c ./applications/light/uuzLIGHT.o
                0x08014ce8                light_opt_thread_entry
 .text.uuz_vLightOpt_Set
                0x08014d74       0x64 ./applications/light/uuzLIGHT.o
                0x08014d74                uuz_vLightOpt_Set
 .text.uuz_vLightALM_Event
                0x08014dd8      0x364 ./applications/light/uuzLIGHT.o
                0x08014dd8                uuz_vLightALM_Event
 .text.uuz_vLightTime_Query
                0x0801513c      0x118 ./applications/light/uuzLIGHT.o
                0x0801513c                uuz_vLightTime_Query
 .text.uuz_vLightSunRS_Query
                0x08015254      0x2c4 ./applications/light/uuzLIGHT.o
                0x08015254                uuz_vLightSunRS_Query
 .text.uuz_vLightSunRS_Event
                0x08015518      0x240 ./applications/light/uuzLIGHT.o
                0x08015518                uuz_vLightSunRS_Event
 .text.uuz_vLightSunRS_Set
                0x08015758       0x3c ./applications/light/uuzLIGHT.o
                0x08015758                uuz_vLightSunRS_Set
 .text.uuz_vLightOpt_Event
                0x08015794      0x16c ./applications/light/uuzLIGHT.o
                0x08015794                uuz_vLightOpt_Event
 .text.mq_init  0x08015900       0x38 ./applications/main.o
                0x08015900                mq_init
 .text.main     0x08015938       0xc8 ./applications/main.o
                0x08015938                main
 .text.adc_entry
                0x08015a00      0x1ec ./applications/uuzADC.o
                0x08015a00                adc_entry
 .text.adc_sync_init
                0x08015bec       0x3c ./applications/uuzADC.o
                0x08015bec                adc_sync_init
 .text.adc_read
                0x08015c28       0x48 ./applications/uuzADC.o
                0x08015c28                adc_read
 .text.adc_init
                0x08015c70       0x78 ./applications/uuzADC.o
                0x08015c70                adc_init
 .text.btn_click_event_cb
                0x08015ce8       0x34 ./applications/uuzBTN.o
 .text.btn_hold_event_cb
                0x08015d1c       0x88 ./applications/uuzBTN.o
 .text.uuz_btn_init
                0x08015da4      0x15c ./applications/uuzBTN.o
                0x08015da4                uuz_btn_init
 .text.isLeapMonth
                0x08015f00       0x54 ./applications/uuzCalendar.o
                0x08015f00                isLeapMonth
 .text.monthDays
                0x08015f54       0xb0 ./applications/uuzCalendar.o
                0x08015f54                monthDays
 .text.MX_DAC_Init
                0x08016004       0x78 ./applications/uuzDAC.o
                0x08016004                MX_DAC_Init
 .text.level_to_dac
                0x0801607c       0x70 ./applications/uuzDAC.o
                0x0801607c                level_to_dac
 .text.dac_to_level
                0x080160ec       0x60 ./applications/uuzDAC.o
                0x080160ec                dac_to_level
 .text.dac_entry
                0x0801614c       0x7c ./applications/uuzDAC.o
                0x0801614c                dac_entry
 .text.dac_init
                0x080161c8       0x3c ./applications/uuzDAC.o
                0x080161c8                dac_init
 .text.dac_set_value
                0x08016204       0x48 ./applications/uuzDAC.o
                0x08016204                dac_set_value
 .text.uuz_gpio_init
                0x0801624c       0x9c ./applications/uuzGPIO.o
                0x0801624c                uuz_gpio_init
 .text.uuz_vLocalInit
                0x080162e8       0x50 ./applications/uuzINIT.o
                0x080162e8                uuz_vLocalInit
 .text.uuz_vDeviceConfigInit
                0x08016338      0x1d8 ./applications/uuzINIT.o
                0x08016338                uuz_vDeviceConfigInit
 .text.uuz_vDeviceConfigDefaultInit
                0x08016510      0x170 ./applications/uuzINIT.o
                0x08016510                uuz_vDeviceConfigDefaultInit
 .text.uuz_vDeviceCacheDefaultInit
                0x08016680       0x34 ./applications/uuzINIT.o
                0x08016680                uuz_vDeviceCacheDefaultInit
 .text.get_data
                0x080166b4       0x54 ./applications/uuzINIT.o
                0x080166b4                get_data
 .text.set_data
                0x08016708       0x50 ./applications/uuzINIT.o
                0x08016708                set_data
 .text.set_logs
                0x08016758       0xec ./applications/uuzINIT.o
                0x08016758                set_logs
 .text.save_data
                0x08016844       0x40 ./applications/uuzINIT.o
                0x08016844                save_data
 .text.save_logs
                0x08016884       0x40 ./applications/uuzINIT.o
                0x08016884                save_logs
 .text.led_run  0x080168c4       0x18 ./applications/uuzLED.o
                0x080168c4                led_run
 .text.rt_led_timer_init
                0x080168dc       0x9c ./applications/uuzLED.o
                0x080168dc                rt_led_timer_init
 .text.usU8ToU16
                0x08016978       0x44 ./applications/uuzOpt.o
                0x08016978                usU8ToU16
 .text.vU16ToU8
                0x080169bc       0x44 ./applications/uuzOpt.o
                0x080169bc                vU16ToU8
 .text.pvd_sync_init
                0x08016a00       0x98 ./applications/uuzPVD.o
                0x08016a00                pvd_sync_init
 .text.pvd_data_update
                0x08016a98       0xb8 ./applications/uuzPVD.o
                0x08016a98                pvd_data_update
 .text.uuz_vRTCDataGet
                0x08016b50       0x38 ./applications/uuzRTC.o
                0x08016b50                uuz_vRTCDataGet
 .text.uuz_usRTC_GetMinutes
                0x08016b88       0x2c ./applications/uuzRTC.o
                0x08016b88                uuz_usRTC_GetMinutes
 .text.uuz_vRTC_Current
                0x08016bb4       0x58 ./applications/uuzRTC.o
                0x08016bb4                uuz_vRTC_Current
 .text.uuz_vSensorData_Anglysis
                0x08016c0c       0xf4 ./applications/uuzSENSOR.o
                0x08016c0c                uuz_vSensorData_Anglysis
 .text.uuz_vAdcVoltage_Get
                0x08016d00      0x130 ./applications/uuzSENSOR.o
                0x08016d00                uuz_vAdcVoltage_Get
 .text.look_up_table
                0x08016e30       0xcc ./applications/uuzTEMP.o
                0x08016e30                look_up_table
 .text.uuz_vTempData_Init
                0x08016efc       0x24 ./applications/uuzTEMP.o
                0x08016efc                uuz_vTempData_Init
 .text.uuz_vTempDevice_Init
                0x08016f20       0x3c ./applications/uuzTEMP.o
                0x08016f20                uuz_vTempDevice_Init
 .text.uuz_usTempData_Get
                0x08016f5c       0x40 ./applications/uuzTEMP.o
                0x08016f5c                uuz_usTempData_Get
 .text.uuz_usTempData_Convert
                0x08016f9c      0x120 ./applications/uuzTEMP.o
                0x08016f9c                uuz_usTempData_Convert
 .text.uuz_usTempUnit_ConvCplt
                0x080170bc       0x38 ./applications/uuzTEMP.o
                0x080170bc                uuz_usTempUnit_ConvCplt
 .text.uuz_usTempF2C_ConvCplt
                0x080170f4       0x44 ./applications/uuzTEMP.o
                0x080170f4                uuz_usTempF2C_ConvCplt
 .text.uuz_usTempValue_LimitGet
                0x08017138      0x140 ./applications/uuzTEMP.o
                0x08017138                uuz_usTempValue_LimitGet
 .text.uuz_vTemperature_Get
                0x08017278       0xcc ./applications/uuzTEMP.o
                0x08017278                uuz_vTemperature_Get
 .text.uuz_vCompensation_Get
                0x08017344       0x48 ./applications/uuzTEMP.o
                0x08017344                uuz_vCompensation_Get
 .text.ui_id_set
                0x0801738c       0x40 ./applications/uuzUI.o
                0x0801738c                ui_id_set
 .text.foucs_set
                0x080173cc       0x34 ./applications/uuzUI.o
                0x080173cc                foucs_set
 .text.foucs_move
                0x08017400       0x6c ./applications/uuzUI.o
                0x08017400                foucs_move
 .text.foucs_move_cycle
                0x0801746c       0x7c ./applications/uuzUI.o
                0x0801746c                foucs_move_cycle
 .text.foucs_single_move
                0x080174e8       0x44 ./applications/uuzUI.o
                0x080174e8                foucs_single_move
 .text.ui_sync_init
                0x0801752c       0x3c ./applications/uuzUI.o
                0x0801752c                ui_sync_init
 .text.watt_get
                0x08017568       0xb4 ./applications/uuzUI.o
                0x08017568                watt_get
 .text.level_state_get
                0x0801761c      0x114 ./applications/uuzUI.o
                0x0801761c                level_state_get
 .text.startup.register_fini
                0x08017730       0x14 d:/2.softworkspace/rt_threadstudio/rt-threadstudio/repo/extract/toolchain_support_packages/arm/gnu_tools_for_arm_embedded_processors/5.4.1/bin/../lib/gcc/arm-none-eabi/5.4.1/../../../../arm-none-eabi/lib/armv7-m\libg.a(lib_a-__call_atexit.o)
 .text.atexit   0x08017744        0xc d:/2.softworkspace/rt_threadstudio/rt-threadstudio/repo/extract/toolchain_support_packages/arm/gnu_tools_for_arm_embedded_processors/5.4.1/bin/../lib/gcc/arm-none-eabi/5.4.1/../../../../arm-none-eabi/lib/armv7-m\libg.a(lib_a-atexit.o)
                0x08017744                atexit
 .text.__libc_fini_array
                0x08017750       0x28 d:/2.softworkspace/rt_threadstudio/rt-threadstudio/repo/extract/toolchain_support_packages/arm/gnu_tools_for_arm_embedded_processors/5.4.1/bin/../lib/gcc/arm-none-eabi/5.4.1/../../../../arm-none-eabi/lib/armv7-m\libg.a(lib_a-fini.o)
                0x08017750                __libc_fini_array
 .text.__register_exitproc
                0x08017778       0xa4 d:/2.softworkspace/rt_threadstudio/rt-threadstudio/repo/extract/toolchain_support_packages/arm/gnu_tools_for_arm_embedded_processors/5.4.1/bin/../lib/gcc/arm-none-eabi/5.4.1/../../../../arm-none-eabi/lib/armv7-m\libg.a(lib_a-__atexit.o)
                0x08017778                __register_exitproc
 *(.rodata)
 .rodata        0x0801781c       0x53 ./rt-thread/src/components.o
 *fill*         0x0801786f        0x1 00000000
 .rodata        0x08017870      0x10c ./rt-thread/src/device.o
 .rodata        0x0801797c       0x34 ./rt-thread/src/idle.o
 .rodata        0x080179b0      0x476 ./rt-thread/src/ipc.o
 *fill*         0x08017e26        0x2 00000000
 .rodata        0x08017e28       0xc7 ./rt-thread/src/kservice.o
 *fill*         0x08017eef        0x1 00000000
 .rodata        0x08017ef0      0x2b1 ./rt-thread/src/mem.o
 *fill*         0x080181a1        0x3 00000000
 .rodata        0x080181a4       0x91 ./rt-thread/src/object.o
 *fill*         0x08018235        0x3 00000000
 .rodata        0x08018238       0x65 ./rt-thread/src/scheduler.o
 *fill*         0x0801829d        0x3 00000000
 .rodata        0x080182a0      0x1b7 ./rt-thread/src/thread.o
 *fill*         0x08018457        0x1 00000000
 .rodata        0x08018458       0xde ./rt-thread/src/timer.o
 *fill*         0x08018536        0x2 00000000
 .rodata        0x08018538      0x14e ./rt-thread/libcpu/arm/cortex-m3/cpuport.o
 *fill*         0x08018686        0x2 00000000
 .rodata        0x08018688       0x16 ./rt-thread/components/libc/compilers/minilibc/time.o
 *fill*         0x0801869e        0x2 00000000
 .rodata        0x080186a0       0x72 ./rt-thread/components/drivers/src/completion.o
 *fill*         0x08018712        0x2 00000000
 .rodata        0x08018714       0xd7 ./rt-thread/components/drivers/serial/serial.o
 *fill*         0x080187eb        0x1 00000000
 .rodata        0x080187ec        0x4 ./rt-thread/components/drivers/rtc/rtc.o
 .rodata        0x080187f0       0x30 ./rt-thread/components/drivers/misc/adc.o
 .rodata        0x08018820       0x27 ./rt-thread/components/drivers/misc/pin.o
 *fill*         0x08018847        0x1 00000000
 .rodata        0x08018848       0xaa ./rt-thread/components/dfs/src/dfs.o
 *fill*         0x080188f2        0x2 00000000
 .rodata        0x080188f4       0x7a ./rt-thread/components/dfs/src/dfs_file.o
 *fill*         0x0801896e        0x2 00000000
 .rodata        0x08018970      0x168 ./rt-thread/components/dfs/src/dfs_fs.o
 .rodata        0x08018ad8       0x5a ./rt-thread/components/dfs/filesystems/devfs/devfs.o
 *fill*         0x08018b32        0x2 00000000
 .rodata        0x08018b34       0xca ./packages/agile_button-latest/src/agile_button.o
 *fill*         0x08018bfe        0x2 00000000
 .rodata        0x08018c00       0x20 ./libraries/STM32F1xx_HAL_Driver/Src/stm32f1xx_hal_rcc.o
 .rodata        0x08018c20       0x20 ./libraries/STM32F1xx_HAL_Driver/Src/stm32f1xx_hal_rcc_ex.o
 .rodata        0x08018c40       0x13 ./drivers/board.o
 *fill*         0x08018c53        0x1 00000000
 .rodata        0x08018c54       0x95 ./drivers/drv_adc.o
 *fill*         0x08018ce9        0x3 00000000
 .rodata        0x08018cec        0x6 ./drivers/drv_common.o
 *fill*         0x08018cf2        0x2 00000000