Archive member included to satisfy reference by file (symbol)

d:/1.softworkspace/rt_threadstudio/rt-threadstudio/repo/extract/toolchain_support_packages/arm/gnu_tools_for_arm_embedded_processors/5.4.1/bin/../lib/gcc/arm-none-eabi/5.4.1/armv7-m\libgcc.a(_arm_addsubdf3.o)
                              ./rt-thread/components/libc/compilers/minilibc/math.o (__aeabi_dsub)
d:/1.softworkspace/rt_threadstudio/rt-threadstudio/repo/extract/toolchain_support_packages/arm/gnu_tools_for_arm_embedded_processors/5.4.1/bin/../lib/gcc/arm-none-eabi/5.4.1/armv7-m\libgcc.a(_arm_muldivdf3.o)
                              ./rt-thread/components/libc/compilers/minilibc/math.o (__aeabi_dmul)
d:/1.softworkspace/rt_threadstudio/rt-threadstudio/repo/extract/toolchain_support_packages/arm/gnu_tools_for_arm_embedded_processors/5.4.1/bin/../lib/gcc/arm-none-eabi/5.4.1/armv7-m\libgcc.a(_arm_fixdfsi.o)
                              ./rt-thread/components/libc/compilers/minilibc/math.o (__aeabi_d2iz)
d:/1.softworkspace/rt_threadstudio/rt-threadstudio/repo/extract/toolchain_support_packages/arm/gnu_tools_for_arm_embedded_processors/5.4.1/bin/../lib/gcc/arm-none-eabi/5.4.1/armv7-m\libgcc.a(_arm_addsubsf3.o)
                              ./applications/uuzOpt.o (__aeabi_ui2f)
d:/1.softworkspace/rt_threadstudio/rt-threadstudio/repo/extract/toolchain_support_packages/arm/gnu_tools_for_arm_embedded_processors/5.4.1/bin/../lib/gcc/arm-none-eabi/5.4.1/../../../../arm-none-eabi/lib/armv7-m\libg.a(lib_a-exit.o)
                              d:/1.softworkspace/rt_threadstudio/rt-threadstudio/repo/extract/toolchain_support_packages/arm/gnu_tools_for_arm_embedded_processors/5.4.1/bin/../lib/gcc/arm-none-eabi/5.4.1/../../../../arm-none-eabi/lib/armv7-m/crt0.o (exit)
d:/1.softworkspace/rt_threadstudio/rt-threadstudio/repo/extract/toolchain_support_packages/arm/gnu_tools_for_arm_embedded_processors/5.4.1/bin/../lib/gcc/arm-none-eabi/5.4.1/../../../../arm-none-eabi/lib/armv7-m\libg.a(lib_a-impure.o)
                              d:/1.softworkspace/rt_threadstudio/rt-threadstudio/repo/extract/toolchain_support_packages/arm/gnu_tools_for_arm_embedded_processors/5.4.1/bin/../lib/gcc/arm-none-eabi/5.4.1/../../../../arm-none-eabi/lib/armv7-m\libg.a(lib_a-exit.o) (_global_impure_ptr)
d:/1.softworkspace/rt_threadstudio/rt-threadstudio/repo/extract/toolchain_support_packages/arm/gnu_tools_for_arm_embedded_processors/5.4.1/bin/../lib/gcc/arm-none-eabi/5.4.1/../../../../arm-none-eabi/lib/armv7-m\libg.a(lib_a-init.o)
                              d:/1.softworkspace/rt_threadstudio/rt-threadstudio/repo/extract/toolchain_support_packages/arm/gnu_tools_for_arm_embedded_processors/5.4.1/bin/../lib/gcc/arm-none-eabi/5.4.1/../../../../arm-none-eabi/lib/armv7-m/crt0.o (__libc_init_array)
d:/1.softworkspace/rt_threadstudio/rt-threadstudio/repo/extract/toolchain_support_packages/arm/gnu_tools_for_arm_embedded_processors/5.4.1/bin/../lib/gcc/arm-none-eabi/5.4.1/../../../../arm-none-eabi/lib/armv7-m\libg.a(lib_a-__call_atexit.o)
                              d:/1.softworkspace/rt_threadstudio/rt-threadstudio/repo/extract/toolchain_support_packages/arm/gnu_tools_for_arm_embedded_processors/5.4.1/bin/../lib/gcc/arm-none-eabi/5.4.1/../../../../arm-none-eabi/lib/armv7-m\libg.a(lib_a-exit.o) (__call_exitprocs)
d:/1.softworkspace/rt_threadstudio/rt-threadstudio/repo/extract/toolchain_support_packages/arm/gnu_tools_for_arm_embedded_processors/5.4.1/bin/../lib/gcc/arm-none-eabi/5.4.1/../../../../arm-none-eabi/lib/armv7-m\libg.a(lib_a-atexit.o)
                              d:/1.softworkspace/rt_threadstudio/rt-threadstudio/repo/extract/toolchain_support_packages/arm/gnu_tools_for_arm_embedded_processors/5.4.1/bin/../lib/gcc/arm-none-eabi/5.4.1/../../../../arm-none-eabi/lib/armv7-m\libg.a(lib_a-__call_atexit.o) (atexit)
d:/1.softworkspace/rt_threadstudio/rt-threadstudio/repo/extract/toolchain_support_packages/arm/gnu_tools_for_arm_embedded_processors/5.4.1/bin/../lib/gcc/arm-none-eabi/5.4.1/../../../../arm-none-eabi/lib/armv7-m\libg.a(lib_a-fini.o)
                              d:/1.softworkspace/rt_threadstudio/rt-threadstudio/repo/extract/toolchain_support_packages/arm/gnu_tools_for_arm_embedded_processors/5.4.1/bin/../lib/gcc/arm-none-eabi/5.4.1/../../../../arm-none-eabi/lib/armv7-m\libg.a(lib_a-__call_atexit.o) (__libc_fini_array)
d:/1.softworkspace/rt_threadstudio/rt-threadstudio/repo/extract/toolchain_support_packages/arm/gnu_tools_for_arm_embedded_processors/5.4.1/bin/../lib/gcc/arm-none-eabi/5.4.1/../../../../arm-none-eabi/lib/armv7-m\libg.a(lib_a-__atexit.o)
                              d:/1.softworkspace/rt_threadstudio/rt-threadstudio/repo/extract/toolchain_support_packages/arm/gnu_tools_for_arm_embedded_processors/5.4.1/bin/../lib/gcc/arm-none-eabi/5.4.1/../../../../arm-none-eabi/lib/armv7-m\libg.a(lib_a-atexit.o) (__register_exitproc)

Allocating common symbols
Common symbol       size              file

rt_interrupt_to_thread
[...]
Memory Configuration

Name             Origin             Length             Attributes
ROM              0x08000000         0x00040000         xr
RAM              0x20000000         0x0000c000         rw
*default*        0x00000000         0xffffffff

Linker script and memory map

LOAD d:/1.softworkspace/rt_threadstudio/rt-threadstudio/repo/extract/toolchain_support_packages/arm/gnu_tools_for_arm_embedded_processors/5.4.1/bin/../lib/gcc/arm-none-eabi/5.4.1/armv7-m/crti.o
LOAD d:/1.softworkspace/rt_threadstudio/rt-threadstudio/repo/extract/toolchain_support_packages/arm/gnu_tools_for_arm_embedded_processors/5.4.1/bin/../lib/gcc/arm-none-eabi/5.4.1/armv7-m/crtbegin.o
LOAD d:/1.softworkspace/rt_threadstudio/rt-threadstudio/repo/extract/toolchain_support_packages/arm/gnu_tools_for_arm_embedded_processors/5.4.1/bin/../lib/gcc/arm-none-eabi/5.4.1/../../../../arm-none-eabi/lib/armv7-m/crt0.o
LOAD ./rt-thread/src/clock.o
LOAD ./rt-thread/src/components.o
LOAD ./rt-thread/src/device.o
LOAD ./rt-thread/src/idle.o
LOAD ./rt-thread/src/ipc.o
LOAD ./rt-thread/src/irq.o
LOAD ./rt-thread/src/kservice.o
LOAD ./rt-thread/src/mem.o
LOAD ./rt-thread/src/mempool.o
LOAD ./rt-thread/src/object.o
LOAD ./rt-thread/src/scheduler.o
LOAD ./rt-thread/src/signal.o
LOAD ./rt-thread/src/thread.o
LOAD ./rt-thread/src/timer.o
LOAD ./rt-thread/libcpu/arm/cortex-m3/context_gcc.o
LOAD ./rt-thread/libcpu/arm/cortex-m3/cpuport.o
LOAD ./rt-thread/libcpu/arm/common/backtrace.o
LOAD ./rt-thread/libcpu/arm/common/div0.o
LOAD ./rt-thread/libcpu/arm/common/showmem.o
LOAD ./rt-thread/components/libc/compilers/minilibc/ctype.o
LOAD ./rt-thread/components/libc/compilers/minilibc/math.o
LOAD ./rt-thread/components/libc/compilers/minilibc/qsort.o
LOAD ./rt-thread/components/libc/compilers/minilibc/rand.o
LOAD ./rt-thread/components/libc/compilers/minilibc/stdlib.o
LOAD ./rt-thread/components/libc/compilers/minilibc/string.o
LOAD ./rt-thread/components/libc/compilers/minilibc/time.o
LOAD ./rt-thread/components/drivers/src/completion.o
LOAD ./rt-thread/components/drivers/src/dataqueue.o
LOAD ./rt-thread/components/drivers/src/pipe.o
LOAD ./rt-thread/components/drivers/src/ringblk_buf.o
LOAD ./rt-thread/components/drivers/src/ringbuffer.o
LOAD ./rt-thread/components/drivers/src/waitqueue.o
LOAD ./rt-thread/components/drivers/src/workqueue.o
LOAD ./rt-thread/components/drivers/serial/serial.o
LOAD ./rt-thread/components/drivers/rtc/rtc.o
LOAD ./rt-thread/components/drivers/misc/adc.o
LOAD ./rt-thread/components/drivers/misc/pin.o
LOAD ./packages/agile_button-latest/src/agile_button.o
LOAD ./packages/LedBlink-latest/ledblink.o
LOAD ./libraries/STM32F1xx_HAL_Driver/Src/Legacy/stm32f1xx_hal_can.o
LOAD ./libraries/STM32F1xx_HAL_Driver/Src/stm32f1xx_hal.o
LOAD ./libraries/STM32F1xx_HAL_Driver/Src/stm32f1xx_hal_adc.o
LOAD ./libraries/STM32F1xx_HAL_Driver/Src/stm32f1xx_hal_adc_ex.o
LOAD ./libraries/STM32F1xx_HAL_Driver/Src/stm32f1xx_hal_can.o
LOAD ./libraries/STM32F1xx_HAL_Driver/Src/stm32f1xx_hal_cec.o
LOAD ./libraries/STM32F1xx_HAL_Driver/Src/stm32f1xx_hal_cortex.o
LOAD ./libraries/STM32F1xx_HAL_Driver/Src/stm32f1xx_hal_crc.o
LOAD ./libraries/STM32F1xx_HAL_Driver/Src/stm32f1xx_hal_dac.o
LOAD ./libraries/STM32F1xx_HAL_Driver/Src/stm32f1xx_hal_dac_ex.o
LOAD ./libraries/STM32F1xx_HAL_Driver/Src/stm32f1xx_hal_dma.o
LOAD ./libraries/STM32F1xx_HAL_Driver/Src/stm32f1xx_hal_eth.o
LOAD ./libraries/STM32F1xx_HAL_Driver/Src/stm32f1xx_hal_exti.o
LOAD ./libraries/STM32F1xx_HAL_Driver/Src/stm32f1xx_hal_flash.o
LOAD ./libraries/STM32F1xx_HAL_Driver/Src/stm32f1xx_hal_flash_ex.o
LOAD ./libraries/STM32F1xx_HAL_Driver/Src/stm32f1xx_hal_gpio.o
LOAD ./libraries/STM32F1xx_HAL_Driver/Src/stm32f1xx_hal_gpio_ex.o
LOAD ./libraries/STM32F1xx_HAL_Driver/Src/stm32f1xx_hal_hcd.o
LOAD ./libraries/STM32F1xx_HAL_Driver/Src/stm32f1xx_hal_i2c.o
LOAD ./libraries/STM32F1xx_HAL_Driver/Src/stm32f1xx_hal_i2s.o
LOAD ./libraries/STM32F1xx_HAL_Driver/Src/stm32f1xx_hal_irda.o
LOAD ./libraries/STM32F1xx_HAL_Driver/Src/stm32f1xx_hal_iwdg.o
LOAD ./libraries/STM32F1xx_HAL_Driver/Src/stm32f1xx_hal_mmc.o
LOAD ./libraries/STM32F1xx_HAL_Driver/Src/stm32f1xx_hal_nand.o
LOAD ./libraries/STM32F1xx_HAL_Driver/Src/stm32f1xx_hal_nor.o
LOAD ./libraries/STM32F1xx_HAL_Driver/Src/stm32f1xx_hal_pccard.o
LOAD ./libraries/STM32F1xx_HAL_Driver/Src/stm32f1xx_hal_pcd.o
LOAD ./libraries/STM32F1xx_HAL_Driver/Src/stm32f1xx_hal_pcd_ex.o
LOAD ./libraries/STM32F1xx_HAL_Driver/Src/stm32f1xx_hal_pwr.o
LOAD ./libraries/STM32F1xx_HAL_Driver/Src/stm32f1xx_hal_rcc.o
LOAD ./libraries/STM32F1xx_HAL_Driver/Src/stm32f1xx_hal_rcc_ex.o
LOAD ./libraries/STM32F1xx_HAL_Driver/Src/stm32f1xx_hal_rtc.o
LOAD ./libraries/STM32F1xx_HAL_Driver/Src/stm32f1xx_hal_rtc_ex.o
LOAD ./libraries/STM32F1xx_HAL_Driver/Src/stm32f1xx_hal_sd.o
LOAD ./libraries/STM32F1xx_HAL_Driver/Src/stm32f1xx_hal_smartcard.o
LOAD ./libraries/STM32F1xx_HAL_Driver/Src/stm32f1xx_hal_spi.o
LOAD ./libraries/STM32F1xx_HAL_Driver/Src/stm32f1xx_hal_sram.o
LOAD ./libraries/STM32F1xx_HAL_Driver/Src/stm32f1xx_hal_tim.o
LOAD ./libraries/STM32F1xx_HAL_Driver/Src/stm32f1xx_hal_tim_ex.o
LOAD ./libraries/STM32F1xx_HAL_Driver/Src/stm32f1xx_hal_uart.o
LOAD ./libraries/STM32F1xx_HAL_Driver/Src/stm32f1xx_hal_usart.o
LOAD ./libraries/STM32F1xx_HAL_Driver/Src/stm32f1xx_hal_wwdg.o
LOAD ./libraries/STM32F1xx_HAL_Driver/Src/stm32f1xx_ll_usb.o
LOAD ./libraries/CMSIS/Device/ST/STM32F1xx/Source/Templates/gcc/startup_stm32f103xe.o
LOAD ./libraries/CMSIS/Device/ST/STM32F1xx/Source/Templates/system_stm32f1xx.o
LOAD ./drivers/board.o
LOAD ./drivers/drv_adc.o
LOAD ./drivers/drv_clk.o
LOAD ./drivers/drv_common.o
LOAD ./drivers/drv_eth.o
LOAD ./drivers/drv_flash_f1.o
LOAD ./drivers/drv_gpio.o
LOAD ./drivers/drv_hwtimer.o
LOAD ./drivers/drv_pwm.o
LOAD ./drivers/drv_qspi.o
LOAD ./drivers/drv_rtc.o
LOAD ./drivers/drv_sdio.o
LOAD ./drivers/drv_soft_i2c.o
LOAD ./drivers/drv_spi.o
LOAD ./drivers/drv_usart.o
LOAD ./drivers/drv_usbd.o
LOAD ./drivers/drv_usbh.o
LOAD ./drivers/drv_wdt.o
LOAD ./drivers/stm32f1xx_hal_msp.o
LOAD ./applications/oled_1602/uuzOLED_1602.o
LOAD ./applications/oled_1602/uuzUI_1602.o
LOAD ./applications/oled_1602/uuzUI_Cache.o
LOAD ./applications/oled_1602/uuzUI_date.o
LOAD ./applications/oled_1602/uuzUI_light.o
LOAD ./applications/oled_1602/uuzUI_main.o
LOAD ./applications/oled_1602/uuzUI_menu.o
LOAD ./applications/oled_1602/uuzUI_temp.o
LOAD ./applications/light/uuzLIGHT.o
LOAD ./applications/main.o
LOAD ./applications/uuzADC.o
LOAD ./applications/uuzBTN.o
LOAD ./applications/uuzCalendar.o
LOAD ./applications/uuzDAC.o
LOAD ./applications/uuzDevice.o
LOAD ./applications/uuzGPIO.o
LOAD ./applications/uuzINIT.o
LOAD ./applications/uuzLED.o
LOAD ./applications/uuzOpt.o
LOAD ./applications/uuzPVD.o
LOAD ./applications/uuzRTC.o
LOAD ./applications/uuzSENSOR.o
LOAD ./applications/uuzTEMP.o
LOAD ./applications/uuzUI.o
LOAD ./applications/uuzUart.o
LOAD ./applications/uuzUartEvent.o
START GROUP
LOAD d:/1.softworkspace/rt_threadstudio/rt-threadstudio/repo/extract/toolchain_support_packages/arm/gnu_tools_for_arm_embedded_processors/5.4.1/bin/../lib/gcc/arm-none-eabi/5.4.1/armv7-m\libgcc.a
LOAD d:/1.softworkspace/rt_threadstudio/rt-threadstudio/repo/extract/toolchain_support_packages/arm/gnu_tools_for_arm_embedded_processors/5.4.1/bin/../lib/gcc/arm-none-eabi/5.4.1/../../../../arm-none-eabi/lib/armv7-m\libg.a
LOAD d:/1.softworkspace/rt_threadstudio/rt-threadstudio/repo/extract/toolchain_support_packages/arm/gnu_tools_for_arm_embedded_processors/5.4.1/bin/../lib/gcc/arm-none-eabi/5.4.1/../../../../arm-none-eabi/lib/armv7-m\libc.a
END GROUP
LOAD d:/1.softworkspace/rt_threadstudio/rt-threadstudio/repo/extract/toolchain_support_packages/arm/gnu_tools_for_arm_embedded_processors/5.4.1/bin/../lib/gcc/arm-none-eabi/5.4.1/armv7-m/crtend.o
LOAD d:/1.softworkspace/rt_threadstudio/rt-threadstudio/repo/extract/toolchain_support_packages/arm/gnu_tools_for_arm_embedded_processors/5.4.1/bin/../lib/gcc/arm-none-eabi/5.4.1/armv7-m/crtn.o
                0x00000400                _system_stack_size = 0x400

.text           0x08000000    0x19bf8
                0x08000000                . = ALIGN (0x4)
                0x08000000                _stext = .
 *(.isr_vector)
 .isr_vector    0x08000000      0x1e4 ./libraries/CMSIS/Device/ST/STM32F1xx/Source/Templates/gcc/startup_stm32f103xe.o
                0x08000000                g_pfnVectors
                0x080001e4                . = ALIGN (0x4)
 *(.text)
 .text          0x080001e4       0x5c d:/1.softworkspace/rt_threadstudio/rt-threadstudio/repo/extract/toolchain_support_packages/arm/gnu_tools_for_arm_embedded_processors/5.4.1/bin/../lib/gcc/arm-none-eabi/5.4.1/armv7-m/crtbegin.o
 .text          0x08000240      0x100 ./rt-thread/libcpu/arm/cortex-m3/context_gcc.o
                0x08000240                rt_hw_interrupt_disable
                0x08000248                rt_hw_interrupt_enable
                0x0800024e                rt_hw_context_switch_interrupt
                0x0800024e                rt_hw_context_switch
                0x0800026e                PendSV_Handler
                0x080002aa                rt_hw_context_switch_to
                0x080002e6                rt_hw_interrupt_thread_switch
                0x080002ea                HardFault_Handler
                0x08000320                rt_hw_interrupt_check
 *(.text.*)
 .text.rt_tick_get
                0x08000340       0x14 ./rt-thread/src/clock.o
                0x08000340                rt_tick_get
 .text.rt_tick_increase
                0x08000354       0x58 ./rt-thread/src/clock.o
                0x08000354                rt_tick_increase
 .text.rt_tick_from_millisecond
                0x080003ac       0x78 ./rt-thread/src/clock.o
                0x080003ac                rt_tick_from_millisecond
 .text.rti_start
                0x08000424       0x10 ./rt-thread/src/components.o
 .text.rti_board_start
                0x08000434       0x10 ./rt-thread/src/components.o
 .text.rti_board_end
                0x08000444       0x10 ./rt-thread/src/components.o
 .text.rti_end  0x08000454       0x10 ./rt-thread/src/components.o
 .text.rt_components_board_init
                0x08000464       0x30 ./rt-thread/src/components.o
                0x08000464                rt_components_board_init
 .text.rt_components_init
                0x08000494       0x30 ./rt-thread/src/components.o
                0x08000494                rt_components_init
 .text.entry    0x080004c4       0x10 ./rt-thread/src/components.o
                0x080004c4                entry
 .text.main_thread_entry
                0x080004d4       0x18 ./rt-thread/src/components.o
                0x080004d4                main_thread_entry
 .text.rt_application_init
                0x080004ec       0x4c ./rt-thread/src/components.o
                0x080004ec                rt_application_init
 .text.rtthread_startup
                0x08000538       0x30 ./rt-thread/src/components.o
                0x08000538                rtthread_startup
 .text.rt_device_register
                0x08000568       0x54 ./rt-thread/src/device.o
                0x08000568                rt_device_register
 .text.rt_device_find
                0x080005bc       0x90 ./rt-thread/src/device.o
                0x080005bc                rt_device_find
 .text.rt_device_open
                0x0800064c      0x11c ./rt-thread/src/device.o
                0x0800064c                rt_device_open
 .text.rt_device_close
                0x08000768       0x9c ./rt-thread/src/device.o
                0x08000768                rt_device_close
 .text.rt_device_write
                0x08000804       0x88 ./rt-thread/src/device.o
                0x08000804                rt_device_write
 .text.rt_device_control
                0x0800088c       0x68 ./rt-thread/src/device.o
                0x0800088c                rt_device_control
 .text.rt_list_remove
                0x080008f4       0x34 ./rt-thread/src/idle.o
 .text._has_defunct_thread
                0x08000928       0x28 ./rt-thread/src/idle.o
 .text.rt_thread_idle_excute
                0x08000950       0xc8 ./rt-thread/src/idle.o
                0x08000950                rt_thread_idle_excute
 .text.rt_thread_idle_entry
                0x08000a18       0x3c ./rt-thread/src/idle.o
 .text.rt_thread_idle_init
                0x08000a54       0x74 ./rt-thread/src/idle.o
                0x08000a54                rt_thread_idle_init
 .text.rt_list_init
                0x08000ac8       0x20 ./rt-thread/src/ipc.o
 .text.rt_list_insert_before
                0x08000ae8       0x30 ./rt-thread/src/ipc.o
 .text.rt_list_isempty
                0x08000b18       0x24 ./rt-thread/src/ipc.o
 .text.rt_ipc_object_init
                0x08000b3c       0x1c ./rt-thread/src/ipc.o
 .text.rt_ipc_list_suspend
                0x08000b58       0x90 ./rt-thread/src/ipc.o
 .text.rt_ipc_list_resume
                0x08000be8       0x20 ./rt-thread/src/ipc.o
 .text.rt_ipc_list_resume_all
                0x08000c08       0x48 ./rt-thread/src/ipc.o
 .text.rt_sem_init
                0x08000c50       0x68 ./rt-thread/src/ipc.o
                0x08000c50                rt_sem_init
 .text.rt_sem_take
                0x08000cb8      0x160 ./rt-thread/src/ipc.o
                0x08000cb8                rt_sem_take
 .text.rt_sem_release
                0x08000e18       0xa0 ./rt-thread/src/ipc.o
                0x08000e18                rt_sem_release
 .text.rt_mutex_create
                0x08000eb8       0x88 ./rt-thread/src/ipc.o
                0x08000eb8                rt_mutex_create
 .text.rt_mutex_delete
                0x08000f40       0xac ./rt-thread/src/ipc.o
                0x08000f40                rt_mutex_delete
 .text.rt_mutex_take
                0x08000fec      0x1d0 ./rt-thread/src/ipc.o
                0x08000fec                rt_mutex_take
 .text.rt_mutex_release
                0x080011bc      0x190 ./rt-thread/src/ipc.o
                0x080011bc                rt_mutex_release
 .text.rt_interrupt_enter
                0x0800134c       0x40 ./rt-thread/src/irq.o
                0x0800134c                rt_interrupt_enter
 .text.rt_interrupt_leave
                0x0800138c       0x40 ./rt-thread/src/irq.o
                0x0800138c                rt_interrupt_leave
 .text.rt_interrupt_get_nest
                0x080013cc       0x28 ./rt-thread/src/irq.o
                0x080013cc                rt_interrupt_get_nest
 .text.rt_set_errno
                0x080013f4       0x40 ./rt-thread/src/kservice.o
                0x080013f4                rt_set_errno
 .text.rt_memset
                0x08001434       0xb4 ./rt-thread/src/kservice.o
                0x08001434                rt_memset
                0x08001434                memset
 .text.rt_memcpy
                0x080014e8       0xd0 ./rt-thread/src/kservice.o
                0x080014e8                rt_memcpy
                0x080014e8                memcpy
 .text.rt_strncpy
                0x080015b8       0x64 ./rt-thread/src/kservice.o
                0x080015b8                rt_strncpy
 .text.rt_strncmp
                0x0800161c       0x4c ./rt-thread/src/kservice.o
                0x0800161c                rt_strncmp
 .text.rt_strlen
                0x08001668       0x2c ./rt-thread/src/kservice.o
                0x08001668                strlen
                0x08001668                rt_strlen
 .text.rt_show_version
                0x08001694       0x44 ./rt-thread/src/kservice.o
                0x08001694                rt_show_version
 .text.divide   0x080016d8       0x68 ./rt-thread/src/kservice.o
 .text.skip_atoi
                0x08001740       0x40 ./rt-thread/src/kservice.o
 .text.print_number
                0x08001780      0x1dc ./rt-thread/src/kservice.o
 .text.rt_vsnprintf
                0x0800195c      0x548 ./rt-thread/src/kservice.o
                0x0800195c                rt_vsnprintf
 .text.rt_vsprintf
                0x08001ea4       0x24 ./rt-thread/src/kservice.o
                0x08001ea4                rt_vsprintf
                0x08001ea4                vsprintf
 .text.rt_sprintf
                0x08001ec8       0x2c ./rt-thread/src/kservice.o
                0x08001ec8                sprintf
                0x08001ec8                rt_sprintf
 .text.rt_console_set_device
                0x08001ef4       0x4c ./rt-thread/src/kservice.o
                0x08001ef4                rt_console_set_device
 .text.rt_hw_console_output
                0x08001f40       0x14 ./rt-thread/src/kservice.o
                0x08001f40                rt_hw_console_output
 .text.rt_kprintf
                0x08001f54       0x80 ./rt-thread/src/kservice.o
                0x08001f54                rt_kprintf
 .text.rt_assert_handler
                0x08001fd4       0x4c ./rt-thread/src/kservice.o
                0x08001fd4                rt_assert_handler
 .text.plug_holes
                0x08002020      0x100 ./rt-thread/src/mem.o
 .text.rt_system_heap_init
                0x08002120      0x118 ./rt-thread/src/mem.o
                0x08002120                rt_system_heap_init
 .text.rt_malloc
                0x08002238      0x294 ./rt-thread/src/mem.o
                0x08002238                rt_malloc
 .text.rt_realloc
                0x080024cc      0x198 ./rt-thread/src/mem.o
                0x080024cc                rt_realloc
 .text.rt_free  0x08002664      0x188 ./rt-thread/src/mem.o
                0x08002664                rt_free
 .text.rt_list_insert_after
                0x080027ec       0x30 ./rt-thread/src/object.o
 .text.rt_list_remove
                0x0800281c       0x34 ./rt-thread/src/object.o
 .text.rt_object_get_information
                0x08002850       0x48 ./rt-thread/src/object.o
                0x08002850                rt_object_get_information
 .text.rt_object_init
                0x08002898       0xc8 ./rt-thread/src/object.o
                0x08002898                rt_object_init
 .text.rt_object_detach
                0x08002960       0x5c ./rt-thread/src/object.o
                0x08002960                rt_object_detach
 .text.rt_object_allocate
                0x080029bc       0xd8 ./rt-thread/src/object.o
                0x080029bc                rt_object_allocate
 .text.rt_object_delete
                0x08002a94       0x7c ./rt-thread/src/object.o
                0x08002a94                rt_object_delete
 .text.rt_object_is_systemobject
                0x08002b10       0x3c ./rt-thread/src/object.o
                0x08002b10                rt_object_is_systemobject
 .text.rt_object_get_type
                0x08002b4c       0x34 ./rt-thread/src/object.o
                0x08002b4c                rt_object_get_type
 .text.rt_list_init
                0x08002b80       0x20 ./rt-thread/src/scheduler.o
 .text.rt_list_insert_before
                0x08002ba0       0x30 ./rt-thread/src/scheduler.o
 .text.rt_list_remove
                0x08002bd0       0x34 ./rt-thread/src/scheduler.o
 .text.rt_list_isempty
                0x08002c04       0x24 ./rt-thread/src/scheduler.o
 .text._rt_scheduler_stack_check
                0x08002c28       0x94 ./rt-thread/src/scheduler.o
 .text._get_highest_priority_thread
                0x08002cbc       0x38 ./rt-thread/src/scheduler.o
 .text.rt_system_scheduler_init
                0x08002cf4       0x40 ./rt-thread/src/scheduler.o
                0x08002cf4                rt_system_scheduler_init
 .text.rt_system_scheduler_start
                0x08002d34       0x38 ./rt-thread/src/scheduler.o
                0x08002d34                rt_system_scheduler_start
 .text.rt_schedule
                0x08002d6c      0x188 ./rt-thread/src/scheduler.o
                0x08002d6c                rt_schedule
 .text.rt_schedule_insert_thread
                0x08002ef4       0xac ./rt-thread/src/scheduler.o
                0x08002ef4                rt_schedule_insert_thread
 .text.rt_schedule_remove_thread
                0x08002fa0       0x70 ./rt-thread/src/scheduler.o
                0x08002fa0                rt_schedule_remove_thread
 .text.rt_enter_critical
                0x08003010       0x2c ./rt-thread/src/scheduler.o
                0x08003010                rt_enter_critical
 .text.rt_exit_critical
                0x0800303c       0x54 ./rt-thread/src/scheduler.o
                0x0800303c                rt_exit_critical
 .text.rt_list_init
                0x08003090       0x20 ./rt-thread/src/thread.o
 .text.rt_list_insert_after
                0x080030b0       0x30 ./rt-thread/src/thread.o
 .text.rt_list_remove
                0x080030e0       0x34 ./rt-thread/src/thread.o
 .text.rt_thread_exit
                0x08003114       0x68 ./rt-thread/src/thread.o
                0x08003114                rt_thread_exit
 .text._rt_thread_init
                0x0800317c       0xf8 ./rt-thread/src/thread.o
 .text.rt_thread_init
                0x08003274       0x6c ./rt-thread/src/thread.o
                0x08003274                rt_thread_init
 .text.rt_thread_self
                0x080032e0       0x14 ./rt-thread/src/thread.o
                0x080032e0                rt_thread_self
 .text.rt_thread_startup
                0x080032f4       0xa0 ./rt-thread/src/thread.o
                0x080032f4                rt_thread_startup
 .text.rt_thread_create
                0x08003394       0x64 ./rt-thread/src/thread.o
                0x08003394                rt_thread_create
 .text.rt_thread_delete
                0x080033f8       0xa8 ./rt-thread/src/thread.o
                0x080033f8                rt_thread_delete
 .text.rt_thread_yield
                0x080034a0       0x10 ./rt-thread/src/thread.o
                0x080034a0                rt_thread_yield
 .text.rt_thread_sleep
                0x080034b0       0x8c ./rt-thread/src/thread.o
                0x080034b0                rt_thread_sleep
 .text.rt_thread_delay
                0x0800353c       0x18 ./rt-thread/src/thread.o
                0x0800353c                rt_thread_delay
 .text.rt_thread_mdelay
                0x08003554       0x20 ./rt-thread/src/thread.o
                0x08003554                rt_thread_mdelay
 .text.rt_thread_control
                0x08003574       0xd4 ./rt-thread/src/thread.o
                0x08003574                rt_thread_control
 .text.rt_thread_suspend
                0x08003648       0xcc ./rt-thread/src/thread.o
                0x08003648                rt_thread_suspend
 .text.rt_thread_resume
                0x08003714       0x98 ./rt-thread/src/thread.o
                0x08003714                rt_thread_resume
 .text.rt_thread_timeout
                0x080037ac       0x84 ./rt-thread/src/thread.o
                0x080037ac                rt_thread_timeout
 .text.rt_list_init
                0x08003830       0x20 ./rt-thread/src/timer.o
 .text.rt_list_insert_after
                0x08003850       0x30 ./rt-thread/src/timer.o
 .text.rt_list_remove
                0x08003880       0x34 ./rt-thread/src/timer.o
 .text.rt_list_isempty
                0x080038b4       0x24 ./rt-thread/src/timer.o
 .text._rt_timer_init
                0x080038d8       0x68 ./rt-thread/src/timer.o
 .text.rt_timer_list_next_timeout
                0x08003940       0x30 ./rt-thread/src/timer.o
 .text._rt_timer_remove
                0x08003970       0x34 ./rt-thread/src/timer.o
 .text.rt_timer_init
                0x080039a4       0x48 ./rt-thread/src/timer.o
                0x080039a4                rt_timer_init
 .text.rt_timer_detach
                0x080039ec       0x7c ./rt-thread/src/timer.o
                0x080039ec                rt_timer_detach
 .text.rt_timer_start
                0x08003a68      0x23c ./rt-thread/src/timer.o
                0x08003a68                rt_timer_start
 .text.rt_timer_stop
                0x08003ca4       0x94 ./rt-thread/src/timer.o
                0x08003ca4                rt_timer_stop
 .text.rt_timer_control
                0x08003d38       0xa0 ./rt-thread/src/timer.o
                0x08003d38                rt_timer_control
 .text.rt_timer_check
                0x08003dd8       0xcc ./rt-thread/src/timer.o
                0x08003dd8                rt_timer_check
 .text.rt_soft_timer_check
                0x08003ea4       0xd8 ./rt-thread/src/timer.o
                0x08003ea4                rt_soft_timer_check
 .text.rt_thread_timer_entry
                0x08003f7c       0x58 ./rt-thread/src/timer.o
 .text.rt_system_timer_init
                0x08003fd4       0x34 ./rt-thread/src/timer.o
                0x08003fd4                rt_system_timer_init
 .text.rt_system_timer_thread_init
                0x08004008       0x68 ./rt-thread/src/timer.o
                0x08004008                rt_system_timer_thread_init
 .text.rt_hw_stack_init
                0x08004070       0x88 ./rt-thread/libcpu/arm/cortex-m3/cpuport.o
                0x08004070                rt_hw_stack_init
 .text.rt_hw_hard_fault_exception
                0x080040f8      0x160 ./rt-thread/libcpu/arm/cortex-m3/cpuport.o
                0x080040f8                rt_hw_hard_fault_exception
 .text.__rt_ffs
                0x08004258       0x28 ./rt-thread/libcpu/arm/cortex-m3/cpuport.o
                0x08004258                __rt_ffs
 .text.atoi     0x08004280       0x84 ./rt-thread/components/libc/compilers/minilibc/stdlib.o
                0x08004280                atoi
 .text.malloc   0x08004304       0x18 ./rt-thread/components/libc/compilers/minilibc/stdlib.o
                0x08004304                malloc
 .text.__isleap
                0x0800431c       0x5c ./rt-thread/components/libc/compilers/minilibc/time.o
                0x0800431c                __isleap
 .text.gmtime_r
                0x08004378      0x160 ./rt-thread/components/libc/compilers/minilibc/time.o
                0x08004378                gmtime_r
 .text.localtime_r
                0x080044d8       0x58 ./rt-thread/components/libc/compilers/minilibc/time.o
                0x080044d8                localtime_r
 .text.localtime
                0x08004530       0x20 ./rt-thread/components/libc/compilers/minilibc/time.o
                0x08004530                localtime
 .text.mktime   0x08004550      0x264 ./rt-thread/components/libc/compilers/minilibc/time.o
                0x08004550                mktime
 .text.gettimeofday
                0x080047b4       0x58 ./rt-thread/components/libc/compilers/minilibc/time.o
                0x080047b4                gettimeofday
 .text.time     0x0800480c       0x74 ./rt-thread/components/libc/compilers/minilibc/time.o
                0x0800480c                time
 .text.rt_list_init
                0x08004880       0x20 ./rt-thread/components/drivers/src/completion.o
 .text.rt_list_insert_before
                0x080048a0       0x30 ./rt-thread/components/drivers/src/completion.o
 .text.rt_list_isempty
                0x080048d0       0x24 ./rt-thread/components/drivers/src/completion.o
 .text.rt_completion_init
                0x080048f4       0x44 ./rt-thread/components/drivers/src/completion.o
                0x080048f4                rt_completion_init
 .text.rt_completion_wait
                0x08004938       0xfc ./rt-thread/components/drivers/src/completion.o
                0x08004938                rt_completion_wait
 .text.rt_completion_done
                0x08004a34       0x70 ./rt-thread/components/drivers/src/completion.o
                0x08004a34                rt_completion_done
 .text._serial_poll_rx
                0x08004aa4       0x74 ./rt-thread/components/drivers/serial/serial.o
 .text._serial_poll_tx
                0x08004b18       0x7c ./rt-thread/components/drivers/serial/serial.o
 .text._serial_int_rx
                0x08004b94       0xd8 ./rt-thread/components/drivers/serial/serial.o
 .text._serial_int_tx
                0x08004c6c       0x90 ./rt-thread/components/drivers/serial/serial.o
 .text._serial_check_buffer_size
                0x08004cfc       0x38 ./rt-thread/components/drivers/serial/serial.o
 .text.rt_serial_init
                0x08004d34       0x5c ./rt-thread/components/drivers/serial/serial.o
 .text.rt_serial_open
                0x08004d90      0x20c ./rt-thread/components/drivers/serial/serial.o
 .text.rt_serial_close
                0x08004f9c       0xe0 ./rt-thread/components/drivers/serial/serial.o
 .text.rt_serial_read
                0x0800507c       0x68 ./rt-thread/components/drivers/serial/serial.o
 .text.rt_serial_write
                0x080050e4       0x68 ./rt-thread/components/drivers/serial/serial.o
 .text.rt_serial_control
                0x0800514c       0xd0 ./rt-thread/components/drivers/serial/serial.o
 .text.rt_hw_serial_register
                0x0800521c       0x9c ./rt-thread/components/drivers/serial/serial.o
                0x0800521c                rt_hw_serial_register
 .text.rt_hw_serial_isr
                0x080052b8      0x14c ./rt-thread/components/drivers/serial/serial.o
                0x080052b8                rt_hw_serial_isr
 .text.set_rtc  0x08005404       0xa0 ./rt-thread/components/drivers/rtc/rtc.o
                0x08005404                set_rtc
 .text._adc_read
                0x080054a4       0x5c ./rt-thread/components/drivers/misc/adc.o
 .text._adc_control
                0x08005500       0x5c ./rt-thread/components/drivers/misc/adc.o
 .text.rt_hw_adc_register
                0x0800555c       0x94 ./rt-thread/components/drivers/misc/adc.o
                0x0800555c                rt_hw_adc_register
 .text.rt_adc_read
                0x080055f0       0x3c ./rt-thread/components/drivers/misc/adc.o
                0x080055f0                rt_adc_read
 .text.rt_adc_enable
                0x0800562c       0x54 ./rt-thread/components/drivers/misc/adc.o
                0x0800562c                rt_adc_enable
 .text.rt_adc_disable
                0x08005680       0x54 ./rt-thread/components/drivers/misc/adc.o
                0x08005680                rt_adc_disable
 .text._pin_read
                0x080056d4       0x60 ./rt-thread/components/drivers/misc/pin.o
 .text._pin_write
                0x08005734       0x5c ./rt-thread/components/drivers/misc/pin.o
 .text._pin_control
                0x08005790       0x58 ./rt-thread/components/drivers/misc/pin.o
 .text.rt_device_pin_register
                0x080057e8       0x74 ./rt-thread/components/drivers/misc/pin.o
                0x080057e8                rt_device_pin_register
 .text.rt_pin_mode
                0x0800585c       0x40 ./rt-thread/components/drivers/misc/pin.o
                0x0800585c                rt_pin_mode
 .text.rt_pin_write
                0x0800589c       0x40 ./rt-thread/components/drivers/misc/pin.o
                0x0800589c                rt_pin_write
 .text.rt_pin_read
                0x080058dc       0x3c ./rt-thread/components/drivers/misc/pin.o
                0x080058dc                rt_pin_read
 .text.rt_slist_init
                0x08005918       0x18 ./packages/agile_button-latest/src/agile_button.o
 .text.rt_slist_append
                0x08005930       0x34 ./packages/agile_button-latest/src/agile_button.o
 .text.agile_btn_create
                0x08005964       0xb8 ./packages/agile_button-latest/src/agile_button.o
                0x08005964                agile_btn_create
 .text.agile_btn_start
                0x08005a1c       0x9c ./packages/agile_button-latest/src/agile_button.o
                0x08005a1c                agile_btn_start
 .text.agile_btn_set_event_cb
                0x08005ab8       0x64 ./packages/agile_button-latest/src/agile_button.o
                0x08005ab8                agile_btn_set_event_cb
 .text.agile_btn_cal_hold_time
                0x08005b1c       0x64 ./packages/agile_button-latest/src/agile_button.o
 .text.btn_process
                0x08005b80      0x294 ./packages/agile_button-latest/src/agile_button.o
 .text.agile_btn_init
                0x08005e14       0xb4 ./packages/agile_button-latest/src/agile_button.o
 .text.led_add_device
                0x08005ec8       0xa4 ./packages/LedBlink-latest/ledblink.o
                0x08005ec8                led_add_device
 .text.led_set_level
                0x08005f6c       0x50 ./packages/LedBlink-latest/ledblink.o
                0x08005f6c                led_set_level
 .text.led_on   0x08005fbc       0x60 ./packages/LedBlink-latest/ledblink.o
                0x08005fbc                led_on
 .text.led_off  0x0800601c       0x60 ./packages/LedBlink-latest/ledblink.o
                0x0800601c                led_off
 .text.led_blink
                0x0800607c       0xb0 ./packages/LedBlink-latest/ledblink.o
                0x0800607c                led_blink
 .text.led_process
                0x0800612c      0x208 ./packages/LedBlink-latest/ledblink.o
                0x0800612c                led_process
 .text.HAL_Init
                0x08006334       0x2c ./libraries/STM32F1xx_HAL_Driver/Src/stm32f1xx_hal.o
                0x08006334                HAL_Init
 .text.HAL_IncTick
                0x08006360       0x24 ./libraries/STM32F1xx_HAL_Driver/Src/stm32f1xx_hal.o
                0x08006360                HAL_IncTick
 .text.HAL_ADC_Init
                0x08006384      0x1d4 ./libraries/STM32F1xx_HAL_Driver/Src/stm32f1xx_hal_adc.o
                0x08006384                HAL_ADC_Init
 .text.HAL_ADC_Start
                0x08006558      0x15c ./libraries/STM32F1xx_HAL_Driver/Src/stm32f1xx_hal_adc.o
                0x08006558                HAL_ADC_Start
 .text.HAL_ADC_PollForConversion
                0x080066b4      0x1f4 ./libraries/STM32F1xx_HAL_Driver/Src/stm32f1xx_hal_adc.o
                0x080066b4                HAL_ADC_PollForConversion
 .text.HAL_ADC_GetValue
                0x080068a8       0x18 ./libraries/STM32F1xx_HAL_Driver/Src/stm32f1xx_hal_adc.o
                0x080068a8                HAL_ADC_GetValue
 .text.HAL_ADC_ConfigChannel
                0x080068c0      0x1f0 ./libraries/STM32F1xx_HAL_Driver/Src/stm32f1xx_hal_adc.o
                0x080068c0                HAL_ADC_ConfigChannel
 .text.ADC_Enable
                0x08006ab0       0xa4 ./libraries/STM32F1xx_HAL_Driver/Src/stm32f1xx_hal_adc.o
                0x08006ab0                ADC_Enable
 .text.ADC_ConversionStop_Disable
                0x08006b54       0x74 ./libraries/STM32F1xx_HAL_Driver/Src/stm32f1xx_hal_adc.o
                0x08006b54                ADC_ConversionStop_Disable
 .text.HAL_ADCEx_Calibration_Start
                0x08006bc8      0x138 ./libraries/STM32F1xx_HAL_Driver/Src/stm32f1xx_hal_adc_ex.o
                0x08006bc8                HAL_ADCEx_Calibration_Start
 .text.__NVIC_SetPriorityGrouping
                0x08006d00       0x48 ./libraries/STM32F1xx_HAL_Driver/Src/stm32f1xx_hal_cortex.o
 .text.__NVIC_GetPriorityGrouping
                0x08006d48       0x1c ./libraries/STM32F1xx_HAL_Driver/Src/stm32f1xx_hal_cortex.o
 .text.__NVIC_EnableIRQ
                0x08006d64       0x38 ./libraries/STM32F1xx_HAL_Driver/Src/stm32f1xx_hal_cortex.o
 .text.__NVIC_DisableIRQ
                0x08006d9c       0x44 ./libraries/STM32F1xx_HAL_Driver/Src/stm32f1xx_hal_cortex.o
 .text.__NVIC_SetPriority
                0x08006de0       0x54 ./libraries/STM32F1xx_HAL_Driver/Src/stm32f1xx_hal_cortex.o
 .text.NVIC_EncodePriority
                0x08006e34       0x60 ./libraries/STM32F1xx_HAL_Driver/Src/stm32f1xx_hal_cortex.o
 .text.SysTick_Config
                0x08006e94       0x44 ./libraries/STM32F1xx_HAL_Driver/Src/stm32f1xx_hal_cortex.o
 .text.HAL_NVIC_SetPriorityGrouping
                0x08006ed8       0x18 ./libraries/STM32F1xx_HAL_Driver/Src/stm32f1xx_hal_cortex.o
                0x08006ed8                HAL_NVIC_SetPriorityGrouping
 .text.HAL_NVIC_SetPriority
                0x08006ef0       0x38 ./libraries/STM32F1xx_HAL_Driver/Src/stm32f1xx_hal_cortex.o
                0x08006ef0                HAL_NVIC_SetPriority
 .text.HAL_NVIC_EnableIRQ
                0x08006f28       0x1c ./libraries/STM32F1xx_HAL_Driver/Src/stm32f1xx_hal_cortex.o
                0x08006f28                HAL_NVIC_EnableIRQ
 .text.HAL_NVIC_DisableIRQ
                0x08006f44       0x1c ./libraries/STM32F1xx_HAL_Driver/Src/stm32f1xx_hal_cortex.o
                0x08006f44                HAL_NVIC_DisableIRQ
 .text.HAL_SYSTICK_Config
                0x08006f60       0x18 ./libraries/STM32F1xx_HAL_Driver/Src/stm32f1xx_hal_cortex.o
                0x08006f60                HAL_SYSTICK_Config
 .text.HAL_SYSTICK_CLKSourceConfig
                0x08006f78       0x38 ./libraries/STM32F1xx_HAL_Driver/Src/stm32f1xx_hal_cortex.o
                0x08006f78                HAL_SYSTICK_CLKSourceConfig
 .text.HAL_DAC_Init
                0x08006fb0       0x44 ./libraries/STM32F1xx_HAL_Driver/Src/stm32f1xx_hal_dac.o
                0x08006fb0                HAL_DAC_Init
 .text.HAL_DAC_Start
                0x08006ff4       0xa4 ./libraries/STM32F1xx_HAL_Driver/Src/stm32f1xx_hal_dac.o
                0x08006ff4                HAL_DAC_Start
 .text.HAL_DAC_Stop
                0x08007098       0x38 ./libraries/STM32F1xx_HAL_Driver/Src/stm32f1xx_hal_dac.o
                0x08007098                HAL_DAC_Stop
 .text.HAL_DAC_SetValue
                0x080070d0       0x48 ./libraries/STM32F1xx_HAL_Driver/Src/stm32f1xx_hal_dac.o
                0x080070d0                HAL_DAC_SetValue
 .text.HAL_DAC_ConfigChannel
                0x08007118       0xb8 ./libraries/STM32F1xx_HAL_Driver/Src/stm32f1xx_hal_dac.o
                0x08007118                HAL_DAC_ConfigChannel
 .text.HAL_DMA_Start_IT
                0x080071d0       0xc0 ./libraries/STM32F1xx_HAL_Driver/Src/stm32f1xx_hal_dma.o
                0x080071d0                HAL_DMA_Start_IT
 .text.DMA_SetConfig
                0x08007290       0x5c ./libraries/STM32F1xx_HAL_Driver/Src/stm32f1xx_hal_dma.o
 .text.HAL_FLASH_Program
                0x080072ec       0xe0 ./libraries/STM32F1xx_HAL_Driver/Src/stm32f1xx_hal_flash.o
                0x080072ec                HAL_FLASH_Program
 .text.HAL_FLASH_Unlock
                0x080073cc       0x4c ./libraries/STM32F1xx_HAL_Driver/Src/stm32f1xx_hal_flash.o
                0x080073cc                HAL_FLASH_Unlock
 .text.HAL_FLASH_Lock
                0x08007418       0x20 ./libraries/STM32F1xx_HAL_Driver/Src/stm32f1xx_hal_flash.o
                0x08007418                HAL_FLASH_Lock
 .text.FLASH_Program_HalfWord
                0x08007438       0x38 ./libraries/STM32F1xx_HAL_Driver/Src/stm32f1xx_hal_flash.o
 .text.FLASH_WaitForLastOperation
                0x08007470       0x8c ./libraries/STM32F1xx_HAL_Driver/Src/stm32f1xx_hal_flash.o
                0x08007470                FLASH_WaitForLastOperation
 .text.FLASH_SetErrorCode
                0x080074fc       0xa0 ./libraries/STM32F1xx_HAL_Driver/Src/stm32f1xx_hal_flash.o
 .text.HAL_FLASHEx_Erase
                0x0800759c       0xd8 ./libraries/STM32F1xx_HAL_Driver/Src/stm32f1xx_hal_flash_ex.o
                0x0800759c                HAL_FLASHEx_Erase
 .text.FLASH_MassErase
                0x08007674       0x38 ./libraries/STM32F1xx_HAL_Driver/Src/stm32f1xx_hal_flash_ex.o
 .text.FLASH_PageErase
                0x080076ac       0x40 ./libraries/STM32F1xx_HAL_Driver/Src/stm32f1xx_hal_flash_ex.o
                0x080076ac                FLASH_PageErase
 .text.HAL_GPIO_Init
                0x080076ec      0x2d4 ./libraries/STM32F1xx_HAL_Driver/Src/stm32f1xx_hal_gpio.o
                0x080076ec                HAL_GPIO_Init
 .text.HAL_GPIO_DeInit
                0x080079c0      0x198 ./libraries/STM32F1xx_HAL_Driver/Src/stm32f1xx_hal_gpio.o
                0x080079c0                HAL_GPIO_DeInit
 .text.HAL_GPIO_ReadPin
                0x08007b58       0x30 ./libraries/STM32F1xx_HAL_Driver/Src/stm32f1xx_hal_gpio.o
                0x08007b58                HAL_GPIO_ReadPin
 .text.HAL_GPIO_WritePin
                0x08007b88       0x30 ./libraries/STM32F1xx_HAL_Driver/Src/stm32f1xx_hal_gpio.o
                0x08007b88                HAL_GPIO_WritePin
 .text.HAL_GPIO_EXTI_IRQHandler
                0x08007bb8       0x30 ./libraries/STM32F1xx_HAL_Driver/Src/stm32f1xx_hal_gpio.o
                0x08007bb8                HAL_GPIO_EXTI_IRQHandler
 .text.HAL_PWR_EnableBkUpAccess
                0x08007be8       0x18 ./libraries/STM32F1xx_HAL_Driver/Src/stm32f1xx_hal_pwr.o
                0x08007be8                HAL_PWR_EnableBkUpAccess
 .text.HAL_RCC_OscConfig
                0x08007c00      0x4fc ./libraries/STM32F1xx_HAL_Driver/Src/stm32f1xx_hal_rcc.o
                0x08007c00                HAL_RCC_OscConfig
 .text.HAL_RCC_ClockConfig
                0x080080fc      0x1d4 ./libraries/STM32F1xx_HAL_Driver/Src/stm32f1xx_hal_rcc.o
                0x080080fc                HAL_RCC_ClockConfig
 .text.HAL_RCC_GetSysClockFreq
                0x080082d0       0xc8 ./libraries/STM32F1xx_HAL_Driver/Src/stm32f1xx_hal_rcc.o
                0x080082d0                HAL_RCC_GetSysClockFreq
 .text.HAL_RCC_GetHCLKFreq
                0x08008398       0x14 ./libraries/STM32F1xx_HAL_Driver/Src/stm32f1xx_hal_rcc.o
                0x08008398                HAL_RCC_GetHCLKFreq
 .text.HAL_RCC_GetPCLK1Freq
                0x080083ac       0x28 ./libraries/STM32F1xx_HAL_Driver/Src/stm32f1xx_hal_rcc.o
                0x080083ac                HAL_RCC_GetPCLK1Freq
 .text.HAL_RCC_GetPCLK2Freq
                0x080083d4       0x28 ./libraries/STM32F1xx_HAL_Driver/Src/stm32f1xx_hal_rcc.o
                0x080083d4                HAL_RCC_GetPCLK2Freq
 .text.RCC_Delay
                0x080083fc       0x3c ./libraries/STM32F1xx_HAL_Driver/Src/stm32f1xx_hal_rcc.o
 .text.HAL_RCCEx_PeriphCLKConfig
                0x08008438      0x16c ./libraries/STM32F1xx_HAL_Driver/Src/stm32f1xx_hal_rcc_ex.o
                0x08008438                HAL_RCCEx_PeriphCLKConfig
 .text.HAL_RCCEx_GetPeriphCLKFreq
                0x080085a4      0x1d8 ./libraries/STM32F1xx_HAL_Driver/Src/stm32f1xx_hal_rcc_ex.o
                0x080085a4                HAL_RCCEx_GetPeriphCLKFreq
 .text.HAL_RTC_Init
                0x0800877c      0x12c ./libraries/STM32F1xx_HAL_Driver/Src/stm32f1xx_hal_rtc.o
                0x0800877c                HAL_RTC_Init
 .text.HAL_RTC_SetTime
                0x080088a8      0x130 ./libraries/STM32F1xx_HAL_Driver/Src/stm32f1xx_hal_rtc.o
                0x080088a8                HAL_RTC_SetTime
 .text.HAL_RTC_GetTime
                0x080089d8      0x1b0 ./libraries/STM32F1xx_HAL_Driver/Src/stm32f1xx_hal_rtc.o
                0x080089d8                HAL_RTC_GetTime
 .text.HAL_RTC_SetDate
                0x08008b88      0x16c ./libraries/STM32F1xx_HAL_Driver/Src/stm32f1xx_hal_rtc.o
                0x08008b88                HAL_RTC_SetDate
 .text.HAL_RTC_GetDate
                0x08008cf4       0xa8 ./libraries/STM32F1xx_HAL_Driver/Src/stm32f1xx_hal_rtc.o
                0x08008cf4                HAL_RTC_GetDate
 .text.HAL_RTC_WaitForSynchro
                0x08008d9c       0x5c ./libraries/STM32F1xx_HAL_Driver/Src/stm32f1xx_hal_rtc.o
                0x08008d9c                HAL_RTC_WaitForSynchro
 .text.RTC_ReadTimeCounter
                0x08008df8       0x60 ./libraries/STM32F1xx_HAL_Driver/Src/stm32f1xx_hal_rtc.o
 .text.RTC_WriteTimeCounter
                0x08008e58       0x50 ./libraries/STM32F1xx_HAL_Driver/Src/stm32f1xx_hal_rtc.o
 .text.RTC_ReadAlarmCounter
                0x08008ea8       0x34 ./libraries/STM32F1xx_HAL_Driver/Src/stm32f1xx_hal_rtc.o
 .text.RTC_WriteAlarmCounter
                0x08008edc       0x50 ./libraries/STM32F1xx_HAL_Driver/Src/stm32f1xx_hal_rtc.o
 .text.RTC_EnterInitMode
                0x08008f2c       0x50 ./libraries/STM32F1xx_HAL_Driver/Src/stm32f1xx_hal_rtc.o
 .text.RTC_ExitInitMode
                0x08008f7c       0x50 ./libraries/STM32F1xx_HAL_Driver/Src/stm32f1xx_hal_rtc.o
 .text.RTC_ByteToBcd2
                0x08008fcc       0x3c ./libraries/STM32F1xx_HAL_Driver/Src/stm32f1xx_hal_rtc.o
 .text.RTC_Bcd2ToByte
                0x08009008       0x3c ./libraries/STM32F1xx_HAL_Driver/Src/stm32f1xx_hal_rtc.o
 .text.RTC_DateUpdate
                0x08009044      0x154 ./libraries/STM32F1xx_HAL_Driver/Src/stm32f1xx_hal_rtc.o
 .text.RTC_IsLeapYear
                0x08009198       0x64 ./libraries/STM32F1xx_HAL_Driver/Src/stm32f1xx_hal_rtc.o
 .text.RTC_WeekDayNum
                0x080091fc       0xf0 ./libraries/STM32F1xx_HAL_Driver/Src/stm32f1xx_hal_rtc.o
 .text.HAL_RTCEx_BKUPWrite
                0x080092ec       0x34 ./libraries/STM32F1xx_HAL_Driver/Src/stm32f1xx_hal_rtc_ex.o
                0x080092ec                HAL_RTCEx_BKUPWrite
 .text.HAL_RTCEx_BKUPRead
                0x08009320       0x38 ./libraries/STM32F1xx_HAL_Driver/Src/stm32f1xx_hal_rtc_ex.o
                0x08009320                HAL_RTCEx_BKUPRead
 .text.HAL_UART_Init
                0x08009358       0x9c ./libraries/STM32F1xx_HAL_Driver/Src/stm32f1xx_hal_uart.o
                0x08009358                HAL_UART_Init
 .text.HAL_UART_Transmit_DMA
                0x080093f4       0xd8 ./libraries/STM32F1xx_HAL_Driver/Src/stm32f1xx_hal_uart.o
                0x080093f4                HAL_UART_Transmit_DMA
 .text.HAL_UART_TxCpltCallback
                0x080094cc       0x14 ./libraries/STM32F1xx_HAL_Driver/Src/stm32f1xx_hal_uart.o
                0x080094cc                HAL_UART_TxCpltCallback
 .text.HAL_UART_TxHalfCpltCallback
                0x080094e0       0x14 ./libraries/STM32F1xx_HAL_Driver/Src/stm32f1xx_hal_uart.o
                0x080094e0                HAL_UART_TxHalfCpltCallback
 .text.HAL_UART_ErrorCallback
                0x080094f4       0x14 ./libraries/STM32F1xx_HAL_Driver/Src/stm32f1xx_hal_uart.o
                0x080094f4                HAL_UART_ErrorCallback
 .text.UART_DMATransmitCplt
                0x08009508       0x54 ./libraries/STM32F1xx_HAL_Driver/Src/stm32f1xx_hal_uart.o
 .text.UART_DMATxHalfCplt
                0x0800955c       0x1c ./libraries/STM32F1xx_HAL_Driver/Src/stm32f1xx_hal_uart.o
 .text.UART_DMAError
                0x08009578       0x94 ./libraries/STM32F1xx_HAL_Driver/Src/stm32f1xx_hal_uart.o
 .text.UART_EndTxTransfer
                0x0800960c       0x2c ./libraries/STM32F1xx_HAL_Driver/Src/stm32f1xx_hal_uart.o
 .text.UART_EndRxTransfer
                0x08009638       0x3c ./libraries/STM32F1xx_HAL_Driver/Src/stm32f1xx_hal_uart.o
 .text.UART_SetConfig
                0x08009674      0x1b4 ./libraries/STM32F1xx_HAL_Driver/Src/stm32f1xx_hal_uart.o
 .text.Reset_Handler
                0x08009828       0x44 ./libraries/CMSIS/Device/ST/STM32F1xx/Source/Templates/gcc/startup_stm32f103xe.o
                0x08009828                Reset_Handler
 .text.Default_Handler
                0x0800986c        0x2 ./libraries/CMSIS/Device/ST/STM32F1xx/Source/Templates/gcc/startup_stm32f103xe.o
                0x0800986c                RTC_Alarm_IRQHandler
                0x0800986c                TIM8_TRG_COM_IRQHandler
                0x0800986c                TIM8_CC_IRQHandler
                0x0800986c                DebugMon_Handler
                0x0800986c                TIM1_CC_IRQHandler
                0x0800986c                TIM6_IRQHandler
                0x0800986c                PVD_IRQHandler
                0x0800986c                SDIO_IRQHandler
                0x0800986c                NMI_Handler
                0x0800986c                I2C2_EV_IRQHandler
                0x0800986c                UsageFault_Handler
                0x0800986c                ADC1_2_IRQHandler
                0x0800986c                SPI1_IRQHandler
                0x0800986c                TAMPER_IRQHandler
                0x0800986c                TIM8_UP_IRQHandler
                0x0800986c                DMA2_Channel2_IRQHandler
                0x0800986c                DMA1_Channel4_IRQHandler
                0x0800986c                RTC_IRQHandler
                0x0800986c                DMA1_Channel7_IRQHandler
                0x0800986c                CAN1_RX1_IRQHandler
                0x0800986c                UART5_IRQHandler
                0x0800986c                ADC3_IRQHandler
                0x0800986c                TIM4_IRQHandler
                0x0800986c                DMA2_Channel1_IRQHandler
                0x0800986c                I2C1_EV_IRQHandler
                0x0800986c                DMA1_Channel6_IRQHandler
                0x0800986c                UART4_IRQHandler
                0x0800986c                TIM3_IRQHandler
                0x0800986c                RCC_IRQHandler
                0x0800986c                TIM1_TRG_COM_IRQHandler
                0x0800986c                DMA1_Channel1_IRQHandler
                0x0800986c                Default_Handler
                0x0800986c                TIM7_IRQHandler
                0x0800986c                TIM5_IRQHandler
                0x0800986c                SPI2_IRQHandler
                0x0800986c                MemManage_Handler
                0x0800986c                SVC_Handler
                0x0800986c                DMA1_Channel5_IRQHandler
                0x0800986c                USB_LP_CAN1_RX0_IRQHandler
                0x0800986c                USB_HP_CAN1_TX_IRQHandler
                0x0800986c                DMA1_Channel3_IRQHandler
                0x0800986c                FSMC_IRQHandler
                0x0800986c                TIM1_UP_IRQHandler
                0x0800986c                WWDG_IRQHandler
                0x0800986c                TIM2_IRQHandler
                0x0800986c                TIM1_BRK_IRQHandler
                0x0800986c                DMA2_Channel4_5_IRQHandler
                0x0800986c                USART2_IRQHandler
                0x0800986c                I2C2_ER_IRQHandler
                0x0800986c                DMA1_Channel2_IRQHandler
                0x0800986c                TIM8_BRK_IRQHandler
                0x0800986c                CAN1_SCE_IRQHandler
                0x0800986c                FLASH_IRQHandler
                0x0800986c                BusFault_Handler
                0x0800986c                SPI3_IRQHandler
                0x0800986c                I2C1_ER_IRQHandler
                0x0800986c                USBWakeUp_IRQHandler
                0x0800986c                DMA2_Channel3_IRQHandler
 *fill*         0x0800986e        0x2 00000000
 .text.SystemInit
                0x08009870       0x68 ./libraries/CMSIS/Device/ST/STM32F1xx/Source/Templates/system_stm32f1xx.o
                0x08009870                SystemInit
 .text.rt_hw_board_init
                0x080098d8       0x34 ./drivers/board.o
                0x080098d8                rt_hw_board_init
 .text.stm32_adc_enabled
                0x0800990c       0x5c ./drivers/drv_adc.o
 .text.stm32_adc_get_channel
                0x08009968       0xd8 ./drivers/drv_adc.o
 .text.stm32_get_adc_value
                0x08009a40       0xb8 ./drivers/drv_adc.o
 .text.stm32_adc_init
                0x08009af8      0x158 ./drivers/drv_adc.o
 .text.system_clock_config
                0x08009c50       0x94 ./drivers/drv_clk.o
                0x08009c50                system_clock_config
 .text.clock_information
                0x08009ce4       0x10 ./drivers/drv_clk.o
                0x08009ce4                clock_information
 .text.clk_init
                0x08009cf4       0x1c ./drivers/drv_clk.o
                0x08009cf4                clk_init
 .text.rt_hw_systick_init
                0x08009d10       0x34 ./drivers/drv_common.o
                0x08009d10                rt_hw_systick_init
 .text.SysTick_Handler
                0x08009d44       0x18 ./drivers/drv_common.o
                0x08009d44                SysTick_Handler
 .text.HAL_GetTick
                0x08009d5c       0x24 ./drivers/drv_common.o
                0x08009d5c                HAL_GetTick
 .text.HAL_InitTick
                0x08009d80       0x14 ./drivers/drv_common.o
                0x08009d80                HAL_InitTick
 .text._Error_Handler
                0x08009d94        0xc ./drivers/drv_common.o
                0x08009d94                _Error_Handler
 .text.hw_board_init
                0x08009da0       0x48 ./drivers/drv_common.o
                0x08009da0                hw_board_init
 .text.GetPage  0x08009de8       0x24 ./drivers/drv_flash_f1.o
 .text.stm32_flash_read
                0x08009e0c       0x7c ./drivers/drv_flash_f1.o
                0x08009e0c                stm32_flash_read
 .text.stm32_flash_write
                0x08009e88       0xe0 ./drivers/drv_flash_f1.o
                0x08009e88                stm32_flash_write
 .text.stm32_flash_erase_bank
                0x08009f68       0xa8 ./drivers/drv_flash_f1.o
                0x08009f68                stm32_flash_erase_bank
 .text.stm32_flash_erase
                0x0800a010       0x20 ./drivers/drv_flash_f1.o
                0x0800a010                stm32_flash_erase
 .text.get_pin  0x0800a030       0x44 ./drivers/drv_gpio.o
 .text.stm32_pin_write
                0x0800a074       0x3c ./drivers/drv_gpio.o
 .text.stm32_pin_read
                0x0800a0b0       0x44 ./drivers/drv_gpio.o
 .text.stm32_pin_mode
                0x0800a0f4       0x98 ./drivers/drv_gpio.o
 .text.bit2bitno
                0x0800a18c       0x3c ./drivers/drv_gpio.o
 .text.get_pin_irq_map
                0x0800a1c8       0x34 ./drivers/drv_gpio.o
 .text.stm32_pin_attach_irq
                0x0800a1fc      0x148 ./drivers/drv_gpio.o
 .text.stm32_pin_dettach_irq
                0x0800a344       0xd0 ./drivers/drv_gpio.o
 .text.stm32_pin_irq_enable
                0x0800a414      0x1e0 ./drivers/drv_gpio.o
 .text.pin_irq_hdr
                0x0800a5f4       0x54 ./drivers/drv_gpio.o
 .text.HAL_GPIO_EXTI_Callback
                0x0800a648       0x24 ./drivers/drv_gpio.o
                0x0800a648                HAL_GPIO_EXTI_Callback
 .text.EXTI0_IRQHandler
                0x0800a66c       0x18 ./drivers/drv_gpio.o
                0x0800a66c                EXTI0_IRQHandler
 .text.EXTI1_IRQHandler
                0x0800a684       0x18 ./drivers/drv_gpio.o
                0x0800a684                EXTI1_IRQHandler
 .text.EXTI2_IRQHandler
                0x0800a69c       0x18 ./drivers/drv_gpio.o
                0x0800a69c                EXTI2_IRQHandler
 .text.EXTI3_IRQHandler
                0x0800a6b4       0x18 ./drivers/drv_gpio.o
                0x0800a6b4                EXTI3_IRQHandler
 .text.EXTI4_IRQHandler
                0x0800a6cc       0x18 ./drivers/drv_gpio.o
                0x0800a6cc                EXTI4_IRQHandler
 .text.EXTI9_5_IRQHandler
                0x0800a6e4       0x34 ./drivers/drv_gpio.o
                0x0800a6e4                EXTI9_5_IRQHandler
 .text.EXTI15_10_IRQHandler
                0x0800a718       0x40 ./drivers/drv_gpio.o
                0x0800a718                EXTI15_10_IRQHandler
 .text.rt_hw_pin_init
                0x0800a758       0xd0 ./drivers/drv_gpio.o
                0x0800a758                rt_hw_pin_init
 .text.get_rtc_timestamp
                0x0800a828       0x74 ./drivers/drv_rtc.o
 .text.set_rtc_time_stamp
                0x0800a89c       0xf4 ./drivers/drv_rtc.o
 .text.rt_rtc_init
                0x0800a990       0x54 ./drivers/drv_rtc.o
 .text.rt_rtc_config
                0x0800a9e4      0x11c ./drivers/drv_rtc.o
 .text.rt_rtc_control
                0x0800ab00       0x64 ./drivers/drv_rtc.o
 .text.rt_hw_rtc_register
                0x0800ab64       0x94 ./drivers/drv_rtc.o
 .text.rt_hw_rtc_init
                0x0800abf8       0x50 ./drivers/drv_rtc.o
                0x0800abf8                rt_hw_rtc_init
 .text.__NVIC_EnableIRQ
                0x0800ac48       0x38 ./drivers/drv_usart.o
 .text.__NVIC_DisableIRQ
                0x0800ac80       0x44 ./drivers/drv_usart.o
 .text.stm32_uart_clk_enable
                0x0800acc4       0x6c ./drivers/drv_usart.o
 .text.stm32_gpio_clk_enable
                0x0800ad30      0x170 ./drivers/drv_usart.o
 .text.up_char  0x0800aea0       0x30 ./drivers/drv_usart.o
 .text.get_pin_by_name
                0x0800aed0       0x58 ./drivers/drv_usart.o
 .text.stm32_get_pin
                0x0800af28       0x38 ./drivers/drv_usart.o
 .text.stm32_gpio_configure
                0x0800af60      0x274 ./drivers/drv_usart.o
 .text.stm32_configure
                0x0800b1d4      0x12c ./drivers/drv_usart.o
 .text.stm32_control
                0x0800b300       0x80 ./drivers/drv_usart.o
 .text.stm32_putc
                0x0800b380       0x58 ./drivers/drv_usart.o
 .text.stm32_getc
                0x0800b3d8       0x50 ./drivers/drv_usart.o
 .text.stm32_dma_transmit
                0x0800b428       0x64 ./drivers/drv_usart.o
 .text.uart_isr
                0x0800b48c      0x160 ./drivers/drv_usart.o
 .text.USART1_IRQHandler
                0x0800b5ec       0x1c ./drivers/drv_usart.o
                0x0800b5ec                USART1_IRQHandler
 .text.USART3_IRQHandler
                0x0800b608       0x1c ./drivers/drv_usart.o
                0x0800b608                USART3_IRQHandler
 .text.stm32_uart_get_dma_config
                0x0800b624       0x20 ./drivers/drv_usart.o
 .text.rt_hw_usart_init
                0x0800b644       0xf8 ./drivers/drv_usart.o
                0x0800b644                rt_hw_usart_init
 .text.HAL_MspInit
                0x0800b73c       0x84 ./drivers/stm32f1xx_hal_msp.o
                0x0800b73c                HAL_MspInit
 .text.HAL_ADC_MspInit
                0x0800b7c0      0x130 ./drivers/stm32f1xx_hal_msp.o
                0x0800b7c0                HAL_ADC_MspInit
 .text.HAL_DAC_MspInit
                0x0800b8f0       0x78 ./drivers/stm32f1xx_hal_msp.o
                0x0800b8f0                HAL_DAC_MspInit
 .text.HAL_RTC_MspInit
                0x0800b968       0x58 ./drivers/stm32f1xx_hal_msp.o
                0x0800b968                HAL_RTC_MspInit
 .text.HAL_UART_MspInit
                0x0800b9c0      0x120 ./drivers/stm32f1xx_hal_msp.o
                0x0800b9c0                HAL_UART_MspInit
 .text.isbusy   0x0800bae0       0x44 ./applications/oled_1602/uuzOLED_1602.o
                0x0800bae0                isbusy
 .text.write_cmd
                0x0800bb24       0x54 ./applications/oled_1602/uuzOLED_1602.o
                0x0800bb24                write_cmd
 .text.write_address
                0x0800bb78       0x20 ./applications/oled_1602/uuzOLED_1602.o
                0x0800bb78                write_address
 .text.write_data
                0x0800bb98       0x48 ./applications/oled_1602/uuzOLED_1602.o
                0x0800bb98                write_data
 .text.cgram_init
                0x0800bbe0        0xc ./applications/oled_1602/uuzOLED_1602.o
                0x0800bbe0                cgram_init
 .text.clear_cache_data
                0x0800bbec       0x64 ./applications/oled_1602/uuzOLED_1602.o
                0x0800bbec                clear_cache_data
 .text.clear_screen
                0x0800bc50       0x60 ./applications/oled_1602/uuzOLED_1602.o
                0x0800bc50                clear_screen
 .text.corsor_return
                0x0800bcb0       0x1c ./applications/oled_1602/uuzOLED_1602.o
                0x0800bcb0                corsor_return
 .text.font_table_set
                0x0800bccc       0x28 ./applications/oled_1602/uuzOLED_1602.o
                0x0800bccc                font_table_set
 .text.display_mode_set
                0x0800bcf4       0x4c ./applications/oled_1602/uuzOLED_1602.o
                0x0800bcf4                display_mode_set
 .text.address_mode_set
                0x0800bd40       0x1c ./applications/oled_1602/uuzOLED_1602.o
                0x0800bd40                address_mode_set
 .text.drawString
                0x0800bd5c       0xe8 ./applications/oled_1602/uuzOLED_1602.o
                0x0800bd5c                drawString
 .text.drawToDATA
                0x0800be44       0x6c ./applications/oled_1602/uuzOLED_1602.o
                0x0800be44                drawToDATA
 .text.drawToOLED
                0x0800beb0       0x9c ./applications/oled_1602/uuzOLED_1602.o
                0x0800beb0                drawToOLED
 .text.drawNull
                0x0800bf4c       0xc8 ./applications/oled_1602/uuzOLED_1602.o
                0x0800bf4c                drawNull
 .text.sync_oled
                0x0800c014       0x98 ./applications/oled_1602/uuzOLED_1602.o
                0x0800c014                sync_oled
 .text.oled_init
                0x0800c0ac       0x48 ./applications/oled_1602/uuzOLED_1602.o
                0x0800c0ac                oled_init
 .text.oled_reset
                0x0800c0f4       0x40 ./applications/oled_1602/uuzOLED_1602.o
                0x0800c0f4                oled_reset
 .text.ui_short_event
                0x0800c134      0x1ec ./applications/oled_1602/uuzUI_1602.o
                0x0800c134                ui_short_event
 .text.ui_hold_event
                0x0800c320       0xf0 ./applications/oled_1602/uuzUI_1602.o
                0x0800c320                ui_hold_event
 .text.btn_long_event
                0x0800c410       0x80 ./applications/oled_1602/uuzUI_1602.o
                0x0800c410                btn_long_event
 .text.ui_thread_entry
                0x0800c490      0x10c ./applications/oled_1602/uuzUI_1602.o
                0x0800c490                ui_thread_entry
 .text.show_ui  0x0800c59c      0x148 ./applications/oled_1602/uuzUI_1602.o
                0x0800c59c                show_ui
 .text.disp_txt
                0x0800c6e4       0xc4 ./applications/oled_1602/uuzUI_1602.o
                0x0800c6e4                disp_txt
 .text.disp_value
                0x0800c7a8       0xcc ./applications/oled_1602/uuzUI_1602.o
                0x0800c7a8                disp_value
 .text.disp_time
                0x0800c874       0xa4 ./applications/oled_1602/uuzUI_1602.o
                0x0800c874                disp_time
 .text.disp_temperature
                0x0800c918      0x124 ./applications/oled_1602/uuzUI_1602.o
                0x0800c918                disp_temperature
 .text.disp_cursor
                0x0800ca3c       0x6c ./applications/oled_1602/uuzUI_1602.o
                0x0800ca3c                disp_cursor
 .text.disp_units
                0x0800caa8       0x50 ./applications/oled_1602/uuzUI_1602.o
                0x0800caa8                disp_units
 .text.level_get
                0x0800caf8      0x144 ./applications/oled_1602/uuzUI_1602.o
                0x0800caf8                level_get
 .text.value_set
                0x0800cc3c       0x2c ./applications/oled_1602/uuzUI_1602.o
                0x0800cc3c                value_set
 .text.time_init
                0x0800cc68      0x148 ./applications/oled_1602/uuzUI_date.o
                0x0800cc68                time_init
 .text.time_disp
                0x0800cdb0      0x224 ./applications/oled_1602/uuzUI_date.o
                0x0800cdb0                time_disp
 .text.time_opt
                0x0800cfd4      0x6dc ./applications/oled_1602/uuzUI_date.o
                0x0800cfd4                time_opt
 .text.time_set_disp
                0x0800d6b0      0x1f0 ./applications/oled_1602/uuzUI_date.o
                0x0800d6b0                time_set_disp
 .text.date_set_disp
                0x0800d8a0      0x24c ./applications/oled_1602/uuzUI_date.o
                0x0800d8a0                date_set_disp
 .text.channel_init
                0x0800daec       0x20 ./applications/oled_1602/uuzUI_light.o
                0x0800daec                channel_init
 .text.channel_disp
                0x0800db0c       0xd4 ./applications/oled_1602/uuzUI_light.o
                0x0800db0c                channel_disp
 .text.channel_opt
                0x0800dbe0      0x134 ./applications/oled_1602/uuzUI_light.o
                0x0800dbe0                channel_opt
 .text.channel_list_disp
                0x0800dd14       0x9c ./applications/oled_1602/uuzUI_light.o
                0x0800dd14                channel_list_disp
 .text.ch2_mode_init
                0x0800ddb0       0x20 ./applications/oled_1602/uuzUI_light.o
                0x0800ddb0                ch2_mode_init
 .text.ch2_mode_disp
                0x0800ddd0       0x9c ./applications/oled_1602/uuzUI_light.o
                0x0800ddd0                ch2_mode_disp
 .text.ch2_mode_opt
                0x0800de6c      0x10c ./applications/oled_1602/uuzUI_light.o
                0x0800de6c                ch2_mode_opt
 .text.ch2_mode_value_disp
                0x0800df78       0x7c ./applications/oled_1602/uuzUI_light.o
                0x0800df78                ch2_mode_value_disp
 .text.output_mode_init
                0x0800dff4       0x20 ./applications/oled_1602/uuzUI_light.o
                0x0800dff4                output_mode_init
 .text.output_mode_disp
                0x0800e014       0xfc ./applications/oled_1602/uuzUI_light.o
                0x0800e014                output_mode_disp
 .text.output_mode_opt
                0x0800e110      0x164 ./applications/oled_1602/uuzUI_light.o
                0x0800e110                output_mode_opt
 .text.output_level_init
                0x0800e274       0x4c ./applications/oled_1602/uuzUI_light.o
                0x0800e274                output_level_init
 .text.output_level_disp
                0x0800e2c0       0xc4 ./applications/oled_1602/uuzUI_light.o
                0x0800e2c0                output_level_disp
 .text.output_level_opt
                0x0800e384      0x138 ./applications/oled_1602/uuzUI_light.o
                0x0800e384                output_level_opt
 .text.light_cycle_init
                0x0800e4bc      0x168 ./applications/oled_1602/uuzUI_light.o
                0x0800e4bc                light_cycle_init
 .text.light_cycle_disp
                0x0800e624      0x28c ./applications/oled_1602/uuzUI_light.o
                0x0800e624                light_cycle_disp
 .text.light_cycle_opt
                0x0800e8b0      0x684 ./applications/oled_1602/uuzUI_light.o
                0x0800e8b0                light_cycle_opt
 .text.light_cycle_value_disp
                0x0800ef34       0xc0 ./applications/oled_1602/uuzUI_light.o
                0x0800ef34                light_cycle_value_disp
 .text.set_temp_levels_init
                0x0800eff4       0xcc ./applications/oled_1602/uuzUI_light.o
                0x0800eff4                set_temp_levels_init
 .text.set_temp_levels_disp
                0x0800f0c0      0x104 ./applications/oled_1602/uuzUI_light.o
                0x0800f0c0                set_temp_levels_disp
 .text.set_temp_levels_opt
                0x0800f1c4      0x33c ./applications/oled_1602/uuzUI_light.o
                0x0800f1c4                set_temp_levels_opt
 .text.set_temp_limit_get
                0x0800f500       0xbc ./applications/oled_1602/uuzUI_light.o
                0x0800f500                set_temp_limit_get
 .text.set_temp_levels_cursor_disp
                0x0800f5bc       0xdc ./applications/oled_1602/uuzUI_light.o
                0x0800f5bc                set_temp_levels_cursor_disp
 .text.set_temp_levels_title_disp
                0x0800f698       0xfc ./applications/oled_1602/uuzUI_light.o
                0x0800f698                set_temp_levels_title_disp
 .text.set_temp_levels_value_disp
                0x0800f794       0xbc ./applications/oled_1602/uuzUI_light.o
                0x0800f794                set_temp_levels_value_disp
 .text.sunrise_sunset_init
                0x0800f850       0x70 ./applications/oled_1602/uuzUI_light.o
                0x0800f850                sunrise_sunset_init
 .text.sunrise_sunset_disp
                0x0800f8c0       0xdc ./applications/oled_1602/uuzUI_light.o
                0x0800f8c0                sunrise_sunset_disp
 .text.sunrise_sunset_opt
                0x0800f99c      0x2c0 ./applications/oled_1602/uuzUI_light.o
                0x0800f99c                sunrise_sunset_opt
 .text.sunrise_sunset_cursor_disp
                0x0800fc5c       0x60 ./applications/oled_1602/uuzUI_light.o
                0x0800fc5c                sunrise_sunset_cursor_disp
 .text.sunrise_sunset_value_disp
                0x0800fcbc       0x94 ./applications/oled_1602/uuzUI_light.o
                0x0800fcbc                sunrise_sunset_value_disp
 .text.ecm_config_init
                0x0800fd50       0x20 ./applications/oled_1602/uuzUI_light.o
                0x0800fd50                ecm_config_init
 .text.ecm_config_disp
                0x0800fd70       0xcc ./applications/oled_1602/uuzUI_light.o
                0x0800fd70                ecm_config_disp
 .text.ecm_config_opt
                0x0800fe3c      0x100 ./applications/oled_1602/uuzUI_light.o
                0x0800fe3c                ecm_config_opt
 .text.display_mode_init
                0x0800ff3c       0x48 ./applications/oled_1602/uuzUI_light.o
                0x0800ff3c                display_mode_init
 .text.display_mode_disp
                0x0800ff84       0x9c ./applications/oled_1602/uuzUI_light.o
                0x0800ff84                display_mode_disp
 .text.display_mode_opt
                0x08010020       0xc0 ./applications/oled_1602/uuzUI_light.o
                0x08010020                display_mode_opt
 .text.display_mode_value_disp
                0x080100e0       0xb8 ./applications/oled_1602/uuzUI_light.o
                0x080100e0                display_mode_value_disp
 .text.logo_init
                0x08010198       0x48 ./applications/oled_1602/uuzUI_main.o
                0x08010198                logo_init
 .text.logo_disp
                0x080101e0       0xd8 ./applications/oled_1602/uuzUI_main.o
                0x080101e0                logo_disp
 .text.logo_opt
                0x080102b8       0x24 ./applications/oled_1602/uuzUI_main.o
                0x080102b8                logo_opt
 .text.show_ch_init
                0x080102dc       0xc0 ./applications/oled_1602/uuzUI_main.o
                0x080102dc                show_ch_init
 .text.show_ch_disp
                0x0801039c       0xe0 ./applications/oled_1602/uuzUI_main.o
                0x0801039c                show_ch_disp
 .text.show_ch_opt
                0x0801047c       0x58 ./applications/oled_1602/uuzUI_main.o
                0x0801047c                show_ch_opt
 .text.ch1_info_disp
                0x080104d4      0x14c ./applications/oled_1602/uuzUI_main.o
                0x080104d4                ch1_info_disp
 .text.ch2_info_disp
                0x08010620      0x2a4 ./applications/oled_1602/uuzUI_main.o
                0x08010620                ch2_info_disp
 .text.show_date_init
                0x080108c4       0x70 ./applications/oled_1602/uuzUI_main.o
                0x080108c4                show_date_init
 .text.show_date_disp
                0x08010934       0x90 ./applications/oled_1602/uuzUI_main.o
                0x08010934                show_date_disp
 .text.show_date_opt
                0x080109c4       0x58 ./applications/oled_1602/uuzUI_main.o
                0x080109c4                show_date_opt
 .text.date_data_disp
                0x08010a1c      0x154 ./applications/oled_1602/uuzUI_main.o
                0x08010a1c                date_data_disp
 .text.show_ta_init
                0x08010b70      0x12c ./applications/oled_1602/uuzUI_main.o
                0x08010b70                show_ta_init
 .text.show_ta_disp
                0x08010c9c      0x10c ./applications/oled_1602/uuzUI_main.o
                0x08010c9c                show_ta_disp
 .text.show_ta_opt
                0x08010da8       0x58 ./applications/oled_1602/uuzUI_main.o
                0x08010da8                show_ta_opt
 .text.ta_data_disp
                0x08010e00      0x4dc ./applications/oled_1602/uuzUI_main.o
                0x08010e00                ta_data_disp
 .text.info_disp
                0x080112dc       0xd4 ./applications/oled_1602/uuzUI_main.o
                0x080112dc                info_disp
 .text.info_opt
                0x080113b0       0x60 ./applications/oled_1602/uuzUI_main.o
                0x080113b0                info_opt
 .text.light_init
                0x08011410      0x19c ./applications/oled_1602/uuzUI_main.o
                0x08011410                light_init
 .text.light_disp
                0x080115ac      0x100 ./applications/oled_1602/uuzUI_main.o
                0x080115ac                light_disp
 .text.light_opt
                0x080116ac      0x204 ./applications/oled_1602/uuzUI_main.o
                0x080116ac                light_opt
 .text.light_title_disp
                0x080118b0       0x40 ./applications/oled_1602/uuzUI_main.o
                0x080118b0                light_title_disp
 .text.light_level_disp
                0x080118f0       0x58 ./applications/oled_1602/uuzUI_main.o
                0x080118f0                light_level_disp
 .text.light_watt_disp
                0x08011948       0x70 ./applications/oled_1602/uuzUI_main.o
                0x08011948                light_watt_disp
 .text.menu_disp
                0x080119b8       0xcc ./applications/oled_1602/uuzUI_menu.o
                0x080119b8                menu_disp
 .text.menu_opt
                0x08011a84      0x154 ./applications/oled_1602/uuzUI_menu.o
                0x08011a84                menu_opt
 .text.menu_list_disp
                0x08011bd8       0x90 ./applications/oled_1602/uuzUI_menu.o
                0x08011bd8                menu_list_disp
 .text.lang_disp
                0x08011c68       0xc8 ./applications/oled_1602/uuzUI_menu.o
                0x08011c68                lang_disp
 .text.lang_opt
                0x08011d30      0x158 ./applications/oled_1602/uuzUI_menu.o
                0x08011d30                lang_opt
 .text.factory_reset_disp
                0x08011e88       0xbc ./applications/oled_1602/uuzUI_menu.o
                0x08011e88                factory_reset_disp
 .text.factory_reset_opt
                0x08011f44      0x124 ./applications/oled_1602/uuzUI_menu.o
                0x08011f44                factory_reset_opt
 .text.logs_disp
                0x08012068       0x50 ./applications/oled_1602/uuzUI_menu.o
                0x08012068                logs_disp
 .text.logs_opt
                0x080120b8       0xa4 ./applications/oled_1602/uuzUI_menu.o
                0x080120b8                logs_opt
 .text.logs_info_disp
                0x0801215c      0x668 ./applications/oled_1602/uuzUI_menu.o
                0x0801215c                logs_info_disp
 .text.temp_units_init
                0x080127c4       0x20 ./applications/oled_1602/uuzUI_temp.o
                0x080127c4                temp_units_init
 .text.temp_units_disp
                0x080127e4       0x98 ./applications/oled_1602/uuzUI_temp.o
                0x080127e4                temp_units_disp
 .text.temp_units_opt
                0x0801287c      0x1c8 ./applications/oled_1602/uuzUI_temp.o
                0x0801287c                temp_units_opt
 .text.temp_units_value_disp
                0x08012a44       0x38 ./applications/oled_1602/uuzUI_temp.o
                0x08012a44                temp_units_value_disp
 .text.temp_select_disp
                0x08012a7c       0xa0 ./applications/oled_1602/uuzUI_temp.o
                0x08012a7c                temp_select_disp
 .text.temp_select_opt
                0x08012b1c       0xe8 ./applications/oled_1602/uuzUI_temp.o
                0x08012b1c                temp_select_opt
 .text.temp_cal_disp
                0x08012c04      0x248 ./applications/oled_1602/uuzUI_temp.o
                0x08012c04                temp_cal_disp
 .text.temp_cal_opt
                0x08012e4c      0x244 ./applications/oled_1602/uuzUI_temp.o
                0x08012e4c                temp_cal_opt
 .text.temp_cal_cursor_disp
                0x08013090       0x68 ./applications/oled_1602/uuzUI_temp.o
                0x08013090                temp_cal_cursor_disp
 .text.temp_cal_value_disp
                0x080130f8      0x18c ./applications/oled_1602/uuzUI_temp.o
                0x080130f8                temp_cal_value_disp
 .text.light_opt_init
                0x08013284       0x80 ./applications/light/uuzLIGHT.o
                0x08013284                light_opt_init
 .text.light_opt_thread_entry
                0x08013304      0x7bc ./applications/light/uuzLIGHT.o
                0x08013304                light_opt_thread_entry
 .text.uuz_vLightALM_Query
                0x08013ac0      0x294 ./applications/light/uuzLIGHT.o
                0x08013ac0                uuz_vLightALM_Query
 .text.uuz_vLightALM_Event
                0x08013d54       0x78 ./applications/light/uuzLIGHT.o
                0x08013d54                uuz_vLightALM_Event
 .text.uuz_vLightRiseSet_Query
                0x08013dcc      0x34c ./applications/light/uuzLIGHT.o
                0x08013dcc                uuz_vLightRiseSet_Query
 .text.uuz_vLightTime_Query
                0x08014118      0x59c ./applications/light/uuzLIGHT.o
                0x08014118                uuz_vLightTime_Query
 .text.uuz_vLightSunRise_Start
                0x080146b4      0x1b4 ./applications/light/uuzLIGHT.o
                0x080146b4                uuz_vLightSunRise_Start
 .text.uuz_vLightSunRise_Event
                0x08014868      0x148 ./applications/light/uuzLIGHT.o
                0x08014868                uuz_vLightSunRise_Event
 .text.uuz_vLightSunRiseSet_Complete
                0x080149b0       0x90 ./applications/light/uuzLIGHT.o
                0x080149b0                uuz_vLightSunRiseSet_Complete
 .text.uuz_vLightSunSet_Start
                0x08014a40      0x1b0 ./applications/light/uuzLIGHT.o
                0x08014a40                uuz_vLightSunSet_Start
 .text.uuz_vLightSunSet_Event
                0x08014bf0      0x1c4 ./applications/light/uuzLIGHT.o
                0x08014bf0                uuz_vLightSunSet_Event
 .text.uuz_vLightOpt_Set
                0x08014db4       0x7c ./applications/light/uuzLIGHT.o
                0x08014db4                uuz_vLightOpt_Set
 .text.uuz_vLightOpt_Event
                0x08014e30      0x174 ./applications/light/uuzLIGHT.o
                0x08014e30                uuz_vLightOpt_Event
 .text.uuz_vLightALM_Opt
                0x08014fa4      0x19c ./applications/light/uuzLIGHT.o
                0x08014fa4                uuz_vLightALM_Opt
 .text.rt_light_init
                0x08015140       0x34 ./applications/light/uuzLIGHT.o
                0x08015140                rt_light_init
 .text.rt_light_event
                0x08015174       0x70 ./applications/light/uuzLIGHT.o
                0x08015174                rt_light_event
 .text.rt_light_ch_event
                0x080151e4       0x7c ./applications/light/uuzLIGHT.o
                0x080151e4                rt_light_ch_event
 .text.main     0x08015260       0xc0 ./applications/main.o
                0x08015260                main
 .text.adc_entry
                0x08015320      0x314 ./applications/uuzADC.o
                0x08015320                adc_entry
 .text.adc_sync_init
                0x08015634       0x3c ./applications/uuzADC.o
                0x08015634                adc_sync_init
 .text.adc_read
                0x08015670       0x48 ./applications/uuzADC.o
                0x08015670                adc_read
 .text.adc_init
                0x080156b8       0x78 ./applications/uuzADC.o
                0x080156b8                adc_init
 .text.btn_click_event_cb
                0x08015730       0x34 ./applications/uuzBTN.o
 .text.btn_hold_event_cb
                0x08015764       0x88 ./applications/uuzBTN.o
 .text.uuz_btn_init
                0x080157ec      0x15c ./applications/uuzBTN.o
                0x080157ec                uuz_btn_init
 .text.isLeapMonth
                0x08015948       0x54 ./applications/uuzCalendar.o
                0x08015948                isLeapMonth
 .text.monthDays
                0x0801599c       0xb0 ./applications/uuzCalendar.o
                0x0801599c                monthDays
 .text.MX_DAC_Init
                0x08015a4c       0x78 ./applications/uuzDAC.o
                0x08015a4c                MX_DAC_Init
 .text.uuz_vDacData_Init
                0x08015ac4       0x18 ./applications/uuzDAC.o
                0x08015ac4                uuz_vDacData_Init
 .text.uuz_usDacData_Get
                0x08015adc       0x40 ./applications/uuzDAC.o
                0x08015adc                uuz_usDacData_Get
 .text.dac_to_level
                0x08015b1c       0x60 ./applications/uuzDAC.o
                0x08015b1c                dac_to_level
 .text.dac_init
                0x08015b7c       0x34 ./applications/uuzDAC.o
                0x08015b7c                dac_init
 .text.dac_set_value
                0x08015bb0       0x74 ./applications/uuzDAC.o
                0x08015bb0                dac_set_value
 .text.uuz_gpio_init
                0x08015c24       0xb4 ./applications/uuzGPIO.o
                0x08015c24                uuz_gpio_init
 .text.uuz_vLocalInit
                0x08015cd8       0x50 ./applications/uuzINIT.o
                0x08015cd8                uuz_vLocalInit
 .text.uuz_vDeviceConfigInit
                0x08015d28      0x1e8 ./applications/uuzINIT.o
                0x08015d28                uuz_vDeviceConfigInit
 .text.uuz_vDeviceConfigDefaultInit
                0x08015f10      0x178 ./applications/uuzINIT.o
                0x08015f10                uuz_vDeviceConfigDefaultInit
 .text.uuz_vDeviceCacheDefaultInit
                0x08016088       0x34 ./applications/uuzINIT.o
                0x08016088                uuz_vDeviceCacheDefaultInit
 .text.get_data
                0x080160bc       0x54 ./applications/uuzINIT.o
                0x080160bc                get_data
 .text.set_data
                0x08016110       0x50 ./applications/uuzINIT.o
                0x08016110                set_data
 .text.set_logs
                0x08016160       0xec ./applications/uuzINIT.o
                0x08016160                set_logs
 .text.save_data
                0x0801624c       0x40 ./applications/uuzINIT.o
                0x0801624c                save_data
 .text.save_logs
                0x0801628c       0x40 ./applications/uuzINIT.o
                0x0801628c                save_logs
 .text.led_run  0x080162cc       0x18 ./applications/uuzLED.o
                0x080162cc                led_run
 .text.rt_led_init
                0x080162e4       0x28 ./applications/uuzLED.o
                0x080162e4                rt_led_init
 .text.rt_led_timer_init
                0x0801630c       0x80 ./applications/uuzLED.o
                0x0801630c                rt_led_timer_init
 .text.usU8ToU16
                0x0801638c       0x44 ./applications/uuzOpt.o
                0x0801638c                usU8ToU16
 .text.vU16ToU8
                0x080163d0       0x44 ./applications/uuzOpt.o
                0x080163d0                vU16ToU8
 .text.pvd_sync_init
                0x08016414       0x98 ./applications/uuzPVD.o
                0x08016414                pvd_sync_init
 .text.pvd_data_update
                0x080164ac       0xb8 ./applications/uuzPVD.o
                0x080164ac                pvd_data_update
 .text.uuz_vRTCDataGet
                0x08016564       0x38 ./applications/uuzRTC.o
                0x08016564                uuz_vRTCDataGet
 .text.uuz_usRTC_GetMinutes
                0x0801659c       0x2c ./applications/uuzRTC.o
                0x0801659c                uuz_usRTC_GetMinutes
 .text.uuz_ulRTC_GetSeconds
                0x080165c8       0x24 ./applications/uuzRTC.o
                0x080165c8                uuz_ulRTC_GetSeconds
 .text.uuz_vRTC_Current
                0x080165ec       0x58 ./applications/uuzRTC.o
                0x080165ec                uuz_vRTC_Current
 .text.uuz_vSensorData_Anglysis
                0x08016644       0xf8 ./applications/uuzSENSOR.o
                0x08016644                uuz_vSensorData_Anglysis
 .text.uuz_vAdcVoltage_Get
                0x0801673c      0x130 ./applications/uuzSENSOR.o
                0x0801673c                uuz_vAdcVoltage_Get
 .text.look_up_table
                0x0801686c       0xcc ./applications/uuzTEMP.o
                0x0801686c                look_up_table
 .text.uuz_vTempData_Init
                0x08016938       0x24 ./applications/uuzTEMP.o
                0x08016938                uuz_vTempData_Init
 .text.uuz_vTempDevice_Init
                0x0801695c       0x3c ./applications/uuzTEMP.o
                0x0801695c                uuz_vTempDevice_Init
 .text.uuz_usTempData_Get
                0x08016998       0x40 ./applications/uuzTEMP.o
                0x08016998                uuz_usTempData_Get
 .text.uuz_usTempData_Convert
                0x080169d8      0x120 ./applications/uuzTEMP.o
                0x080169d8                uuz_usTempData_Convert
 .text.uuz_usTempC2F_ConvCplt
                0x08016af8       0x38 ./applications/uuzTEMP.o
                0x08016af8                uuz_usTempC2F_ConvCplt
 .text.uuz_usTempF2C_ConvCplt
                0x08016b30       0x44 ./applications/uuzTEMP.o
                0x08016b30                uuz_usTempF2C_ConvCplt
 .text.uuz_usTemp2Int_ConvCplt
                0x08016b74       0x60 ./applications/uuzTEMP.o
                0x08016b74                uuz_usTemp2Int_ConvCplt
 .text.uuz_usTempValue_LimitGet
                0x08016bd4      0x140 ./applications/uuzTEMP.o
                0x08016bd4                uuz_usTempValue_LimitGet
 .text.uuz_vTemperature_Get
                0x08016d14       0xd0 ./applications/uuzTEMP.o
                0x08016d14                uuz_vTemperature_Get
 .text.uuz_vTemperature_Val_Get
                0x08016de4       0xc4 ./applications/uuzTEMP.o
                0x08016de4                uuz_vTemperature_Val_Get
 .text.uuz_vCompensation_Get
                0x08016ea8       0x48 ./applications/uuzTEMP.o
                0x08016ea8                uuz_vCompensation_Get
 .text.ui_id_set
                0x08016ef0       0x40 ./applications/uuzUI.o
                0x08016ef0                ui_id_set
 .text.foucs_set
                0x08016f30       0x34 ./applications/uuzUI.o
                0x08016f30                foucs_set
 .text.foucs_move
                0x08016f64       0x6c ./applications/uuzUI.o
                0x08016f64                foucs_move
 .text.foucs_move_cycle
                0x08016fd0       0x7c ./applications/uuzUI.o
                0x08016fd0                foucs_move_cycle
 .text.foucs_single_move
                0x0801704c       0x44 ./applications/uuzUI.o
                0x0801704c                foucs_single_move
 .text.ui_sync_init
                0x08017090       0x3c ./applications/uuzUI.o
                0x08017090                ui_sync_init
 .text.watt_get
                0x080170cc       0xb4 ./applications/uuzUI.o
                0x080170cc                watt_get
 .text.level_state_get
                0x08017180      0x118 ./applications/uuzUI.o
                0x08017180                level_state_get
 .text.startup.register_fini
                0x08017298       0x14 d:/1.softworkspace/rt_threadstudio/rt-threadstudio/repo/extract/toolchain_support_packages/arm/gnu_tools_for_arm_embedded_processors/5.4.1/bin/../lib/gcc/arm-none-eabi/5.4.1/../../../../arm-none-eabi/lib/armv7-m\libg.a(lib_a-__call_atexit.o)
 .text.atexit   0x080172ac        0xc d:/1.softworkspace/rt_threadstudio/rt-threadstudio/repo/extract/toolchain_support_packages/arm/gnu_tools_for_arm_embedded_processors/5.4.1/bin/../lib/gcc/arm-none-eabi/5.4.1/../../../../arm-none-eabi/lib/armv7-m\libg.a(lib_a-atexit.o)
                0x080172ac                atexit
 .text.__libc_fini_array
                0x080172b8       0x28 d:/1.softworkspace/rt_threadstudio/rt-threadstudio/repo/extract/toolchain_support_packages/arm/gnu_tools_for_arm_embedded_processors/5.4.1/bin/../lib/gcc/arm-none-eabi/5.4.1/../../../../arm-none-eabi/lib/armv7-m\libg.a(lib_a-fini.o)
                0x080172b8                __libc_fini_array
 .text.__register_exitproc
                0x080172e0       0xa4 d:/1.softworkspace/rt_threadstudio/rt-threadstudio/repo/extract/toolchain_support_packages/arm/gnu_tools_for_arm_embedded_processors/5.4.1/bin/../lib/gcc/arm-none-eabi/5.4.1/../../../../arm-none-eabi/lib/armv7-m\libg.a(lib_a-__atexit.o)
                0x080172e0                __register_exitproc
 *(.rodata)
 .rodata        0x08017384       0x17 ./rt-thread/src/components.o
 *fill*         0x0801739b        0x1 00000000
 .rodata        0x0801739c      0x10c ./rt-thread/src/device.o
 .rodata        0x080174a8       0x34 ./rt-thread/src/idle.o
 .rodata        0x080174dc      0x476 ./rt-thread/src/ipc.o
 *fill*         0x08017952        0x2 00000000
 .rodata        0x08017954       0xc7 ./rt-thread/src/kservice.o
 *fill*         0x08017a1b        0x1 00000000
 .rodata        0x08017a1c      0x2b1 ./rt-thread/src/mem.o
 *fill*         0x08017ccd        0x3 00000000
 .rodata        0x08017cd0       0x91 ./rt-thread/src/object.o
 *fill*         0x08017d61        0x3 00000000
 .rodata        0x08017d64       0x65 ./rt-thread/src/scheduler.o
 *fill*         0x08017dc9        0x3 00000000
 .rodata        0x08017dcc      0x1b7 ./rt-thread/src/thread.o
 *fill*         0x08017f83        0x1 00000000
 .rodata        0x08017f84       0xde ./rt-thread/src/timer.o
 *fill*         0x08018062        0x2 00000000
 .rodata        0x08018064      0x14e ./rt-thread/libcpu/arm/cortex-m3/cpuport.o
 *fill*         0x080181b2        0x2 00000000
 .rodata        0x080181b4       0x16 ./rt-thread/components/libc/compilers/minilibc/time.o
 *fill*         0x080181ca        0x2 00000000
 .rodata        0x080181cc       0x72 ./rt-thread/components/drivers/src/completion.o
 *fill*         0x0801823e        0x2 00000000
 .rodata        0x08018240       0xd7 ./rt-thread/components/drivers/serial/serial.o
 *fill*         0x08018317        0x1 00000000
 .rodata        0x08018318        0x4 ./rt-thread/components/drivers/rtc/rtc.o
 .rodata        0x0801831c       0x30 ./rt-thread/components/drivers/misc/adc.o
 .rodata        0x0801834c       0x27 ./rt-thread/components/drivers/misc/pin.o
 *fill*         0x08018373        0x1 00000000
 .rodata        0x08018374       0xca ./packages/agile_button-latest/src/agile_button.o
 *fill*         0x0801843e        0x2 00000000
 .rodata        0x08018440       0x12 ./libraries/STM32F1xx_HAL_Driver/Src/stm32f1xx_hal_rcc.o
 *fill*         0x08018452        0x2 00000000
 .rodata        0x08018454       0x12 ./libraries/STM32F1xx_HAL_Driver/Src/stm32f1xx_hal_rcc_ex.o
 *fill*         0x08018466        0x2 00000000
 .rodata        0x08018468       0x1f ./drivers/board.o
 *fill*         0x08018487        0x1 00000000
 .rodata        0x08018488       0x95 ./drivers/drv_adc.o
 *fill*         0x0801851d        0x3 00000000
 .rodata        0x08018520       0x15 ./drivers/drv_clk.o
 *fill*         0x08018535        0x3 00000000
 .rodata        0x08018538       0xca ./drivers/drv_flash_f1.o
 *fill*         0x08018602        0x2 00000000
 .rodata        0x08018604        0x4 ./drivers/drv_gpio.o
 .rodata        0x08018608       0xce ./drivers/drv_rtc.o
 *fill*         0x080186d6        0x2 00000000
 .rodata        0x080186d8      0x11c ./drivers/drv_usart.o
 .rodata        0x080187f4        0x7 ./applications/oled_1602/uuzOLED_1602.o
 *fill*         0x080187fb        0x1 00000000
 .rodata        0x080187fc       0x24 ./applications/oled_1602/uuzUI_1602.o
 .rodata        0x08018820       0x75 ./applications/oled_1602/uuzUI_date.o
 *fill*         0x08018895        0x3 00000000
 .rodata        0x08018898      0x10c ./applications/oled_1602/uuzUI_light.o
 .rodata        0x080189a4      0x18e ./applications/oled_1602/uuzUI_main.o
 *fill*         0x08018b32        0x2 00000000
 .rodata        0x08018b34      0x118 ./applications/oled_1602/uuzUI_menu.o
 .rodata        0x08018c4c       0xc1 ./applications/oled_1602/uuzUI_temp.o
 *fill*         0x08018d0d        0x3 00000000
 .rodata        0x08018d10       0x87 ./applications/light/uuzLIGHT.o
 *fill*         0x08018d97        0x1 00000000
 .rodata        0x08018d98       0x75 ./applications/uuzADC.o
 *fill*         0x08018e0d        0x3 00000000
 .rodata        0x08018e10       0x19 ./applications/uuzDAC.o
 *fill*         0x08018e29        0x3 00000000
 .rodata        0x08018e2c       0xf6 ./applications/uuzINIT.o
 *fill*         0x08018f22        0x2 00000000
 .rodata        0x08018f24       0x3e ./applications/uuzLED.o
 *fill*         0x08018f62        0x2 00000000
 .rodata        0x08018f64       0x3e ./applications/uuzRTC.o
 *fill*         0x08018fa2        0x2 00000000
 .rodata        0x08018fa4        0x8 ./applications/uuzUI.o
 *(.rodata*)
 .rodata.__FUNCTION__.5296
                0x08018fac       0x14 ./rt-thread/src/components.o
 .rodata.__FUNCTION__.5188
                0x08018fc0        0xf ./rt-thread/src/device.o
 *fill*         0x08018fcf        0x1 00000000
 .rodata.__FUNCTION__.5212
                0x08018fd0        0xf ./rt-thread/src/device.o
 *fill*         0x08018fdf        0x1 00000000
 .rodata.__FUNCTION__.5217
                0x08018fe0       0x10 ./rt-thread/src/device.o
 .rodata.__FUNCTION__.5231
                0x08018ff0       0x10 ./rt-thread/src/device.o
 .rodata.__FUNCTION__.5237
                0x08019000       0x12 ./rt-thread/src/device.o
 *fill*         0x08019012        0x2 00000000
 .rodata.__FUNCTION__.5279
                0x08019014       0x16 ./rt-thread/src/idle.o
 *fill*         0x0801902a        0x2 00000000
 .rodata.__FUNCTION__.5284
                0x0801902c        0xc ./rt-thread/src/ipc.o
 .rodata.__FUNCTION__.5308
                0x08019038        0xc ./rt-thread/src/ipc.o
 .rodata.__FUNCTION__.5319
                0x08019044        0xf ./rt-thread/src/ipc.o
 *fill*         0x08019053        0x1 00000000
 .rodata.__FUNCTION__.5344
                0x08019054       0x10 ./rt-thread/src/ipc.o
 .rodata.__FUNCTION__.5349
                0x08019064       0x10 ./rt-thread/src/ipc.o
 .rodata.__FUNCTION__.5357
                0x08019074        0xe ./rt-thread/src/ipc.o
 *fill*         0x08019082        0x2 00000000
 .rodata.__FUNCTION__.5366
                0x08019084       0x11 ./rt-thread/src/ipc.o
 *fill*         0x08019095        0x3 00000000
 .rodata.large_digits.5418
                0x08019098       0x11 ./rt-thread/src/kservice.o
 *fill*         0x080190a9        0x3 00000000
 .rodata.small_digits.5417
                0x080190ac       0x11 ./rt-thread/src/kservice.o
 *fill*         0x080190bd        0x3 00000000
 .rodata.__FUNCTION__.5275
                0x080190c0        0xb ./rt-thread/src/mem.o
 *fill*         0x080190cb        0x1 00000000